*******************************************
***COMSOL 6.0.0.318 progress output file***
*******************************************
Wed Sep 30 00:49:49 UZT 2026
COMSOL Multiphysics 6.0 (Build: 318) starting in batch mode
Running: C:\comsol_tranzistor\ish\model\MoS2Fet.class
params.txt o'qildi: C:\comsol_tranzistor\ish\model\params.txt
---------- Current Progress: 100 % - Updating selections
Memory: 425/436 459/472
           Current Progress:   0 % - Polygon 1
Memory: 437/437 467/472
           Current Progress:   9 % - Form Union
Memory: 441/441 468/472
-------    Current Progress:  70 % - Resolving domains
---------- Current Progress: 100 % - Updating selections
---------- Current Progress: 100 % - Creating visualization mesh
Memory: 443/443 469/472
Number of vertex elements: 6
Number of boundary elements: 11216
Minimum element quality: 1
---------- Current Progress: 100 % - Finalizing mesh
Memory: 545/560 563/579
Model qurildi (mode=transfer).
<---- Compile Equations: Semiconductor Equilibrium in Study 1/Solution 1 (sol1) -
Started at Sep 30, 2026, 12:50:02 AM.
Geometry shape function: Linear Lagrange
Running on 11th Gen Intel(R) Core(TM) i7-1165G7 at 2.80 GHz.
Using 1 socket with 4 cores in total on WIN-FNSSP1NOF49.
Available memory: 7.97 GB.
           Current Progress:   2 % - Compile Equations: Semiconductor Equilibrium
Memory: 613/654 629/671
           Current Progress:   3 % - Compile Equations: Semiconductor Equilibrium
Memory: 618/654 634/671
           Current Progress:   3 % - Creating visualization mesh
Memory: 662/663 687/691
Time: 2 s.
Physical memory: 665 MB
Virtual memory: 687 MB
Ended at Sep 30, 2026, 12:50:04 AM.
----- Compile Equations: Semiconductor Equilibrium in Study 1/Solution 1 (sol1) >
<---- Dependent Variables 1 in Study 1/Solution 1 (sol1) -----------------------
Started at Sep 30, 2026, 12:50:04 AM.
           Current Progress:   3 % - Dependent Variables 1
Memory: 674/683 690/698
Solution time: 0 s.
Physical memory: 674 MB
Virtual memory: 690 MB
Ended at Sep 30, 2026, 12:50:04 AM.
----- Dependent Variables 1 in Study 1/Solution 1 (sol1) ---------------------->
<---- Stationary Solver 1 in Study 1/Solution 1 (sol1) -------------------------
Started at Sep 30, 2026, 12:50:04 AM.
Nonlinear solver
Number of degrees of freedom solved for: 134400.
           Current Progress:   5 % - Assembling matrices
Memory: 667/685 684/699
Nonsymmetric matrix found.
Scales for dependent variables:
Electron solution variable (comp1.Ne): 2.7e+14
Hole solution variable (comp1.Ph): 2.7e+14
Electric potential (comp1.V): 5.8e+10
Orthonormal null-space function used.
           Current Progress:   5 % - Matrix factorization
Memory: 710/712 735/740
Iter      SolEst      ResEst     Damping    Stepsize #Res #Jac #Sol
           Current Progress:   5 % - Solving linear system
Memory: 729/732 760/762
           Current Progress:   9 % - Solving linear system
Memory: 742/742 773/776
   1     1.9e+02     5.6e+15   0.0001135     1.9e+02    5    1    5
           Current Progress:   9 % - Assembling matrices
Memory: 748/755 779/786
           Current Progress:   9 % - Matrix factorization
Memory: 715/755 769/786
           Current Progress:   9 % - Solving linear system
Memory: 739/755 770/786
   2       1e+02     1.6e+04   0.0002711       1e+02    6    2    7
-          Current Progress:  14 % - Assembling matrices
Memory: 748/755 779/786
-          Current Progress:  14 % - Matrix factorization
Memory: 726/755 783/786
-          Current Progress:  14 % - Solving linear system
Memory: 750/755 781/786
   3          86     2.1e+04   0.0001209          86    7    3    9
--         Current Progress:  20 % - Matrix factorization
Memory: 693/755 709/786
--         Current Progress:  20 % - Solving linear system
Memory: 726/755 761/786
   4          68     4.1e+04   0.0001858          68    8    4   11
--         Current Progress:  24 % - Assembling matrices
Memory: 729/755 764/786
--         Current Progress:  24 % - Matrix factorization
Memory: 718/755 770/786
--         Current Progress:  24 % - Solving linear system
Memory: 733/755 768/786
   5          67     5.9e+04   0.0001347          67    9    5   13
--         Current Progress:  24 % - Assembling matrices
Memory: 732/755 766/786
--         Current Progress:  24 % - Matrix factorization
Memory: 718/755 772/786
--         Current Progress:  24 % - Solving linear system
Memory: 735/755 769/786
   6          61       1e+05   0.0001685          61   10    6   15
--         Current Progress:  26 % - Assembling matrices
Memory: 732/755 767/786
--         Current Progress:  26 % - Matrix factorization
Memory: 709/755 773/786
--         Current Progress:  26 % - Solving linear system
Memory: 736/755 771/786
   7          62     1.6e+05   0.0001427          62   11    7   17
--         Current Progress:  26 % - 
Memory: 729/755 764/786
--         Current Progress:  26 % - Matrix factorization
Memory: 733/755 773/786
--         Current Progress:  26 % - Assembling matrices
Memory: 736/755 771/786
   8          59     2.6e+05   0.0001611          59   12    8   19
--         Current Progress:  28 % - Assembling matrices
Memory: 734/755 768/786
--         Current Progress:  28 % - Matrix factorization
Memory: 722/755 773/786
--         Current Progress:  28 % - Assembling matrices
Memory: 736/755 771/786
   9          60     4.1e+05   0.0001473          60   13    9   21
--         Current Progress:  28 % - Matrix factorization
Memory: 718/755 773/786
--         Current Progress:  28 % - Solving linear system
Memory: 749/755 782/786
  10          59     6.9e+05   0.0001574          59   14   10   23
--         Current Progress:  29 % - Assembling matrices
Memory: 752/756 784/791
--         Current Progress:  29 % - Matrix factorization
Memory: 744/757 787/791
--         Current Progress:  29 % - Assembling matrices
Memory: 753/757 785/791
  11          59     1.1e+06   0.0001499          59   15   11   25
--         Current Progress:  29 % - Matrix factorization
Memory: 734/757 787/791
--         Current Progress:  29 % - Solving linear system
Memory: 753/757 785/791
  12          59     1.8e+06   0.0001554          59   16   12   27
---        Current Progress:  30 % - Assembling matrices
Memory: 750/757 782/791
---        Current Progress:  30 % - Matrix factorization
Memory: 727/757 787/791
---        Current Progress:  30 % - Solving linear system
Memory: 753/757 785/791
  13          59     2.9e+06   0.0001514          59   17   13   29
---        Current Progress:  30 % - 
Memory: 747/757 779/791
---        Current Progress:  30 % - Matrix factorization
Memory: 747/757 787/791
---        Current Progress:  30 % - Assembling matrices
Memory: 753/757 785/791
  14          59     4.8e+06   0.0001544          59   18   14   31
---        Current Progress:  30 % - Matrix factorization
Memory: 739/757 788/791
---        Current Progress:  30 % - Assembling matrices
Memory: 753/757 785/791
  15          59     7.7e+06   0.0001522          59   19   15   33
---        Current Progress:  30 % - Matrix factorization
Memory: 699/757 754/791
---        Current Progress:  30 % - Solving linear system
Memory: 723/757 752/791
  16          59     1.3e+07   0.0001538          59   20   16   35
---        Current Progress:  30 % - Matrix factorization
Memory: 686/757 700/791
---        Current Progress:  30 % - Solving linear system
Memory: 727/757 757/791
  17          59       2e+07   0.0001527          59   21   17   37
---        Current Progress:  30 % - Assembling matrices
Memory: 724/757 753/791
---        Current Progress:  30 % - Matrix factorization
Memory: 716/757 758/791
---        Current Progress:  30 % - Assembling matrices
Memory: 726/757 756/791
  18          59     3.3e+07   0.0001537          59   22   18   39
---        Current Progress:  30 % - Matrix factorization
Memory: 711/757 762/791
---        Current Progress:  30 % - Solving linear system
Memory: 730/757 760/791
  19          59     5.4e+07   0.0001532          59   23   19   41
---        Current Progress:  30 % - Matrix factorization
Memory: 701/757 763/791
---        Current Progress:  30 % - Solving linear system
Memory: 727/757 759/791
  20          59     8.8e+07   0.0001538          59   24   20   43
---        Current Progress:  30 % - Assembling matrices
Memory: 729/757 759/791
---        Current Progress:  30 % - Matrix factorization
Memory: 722/757 764/791
---        Current Progress:  30 % - Assembling matrices
Memory: 732/757 761/791
  21          59     1.4e+08   0.0001538          59   25   21   45
---        Current Progress:  30 % - Matrix factorization
Memory: 711/757 764/791
---        Current Progress:  30 % - Solving linear system
Memory: 732/757 761/791
  22          59     2.3e+08   0.0001546          59   26   22   47
---        Current Progress:  30 % - Matrix factorization
Memory: 687/757 712/791
---        Current Progress:  30 % - Solving linear system
Memory: 727/757 757/791
  23          59     3.8e+08   0.0001552          59   27   23   49
---        Current Progress:  30 % - Assembling matrices
Memory: 724/757 753/791
---        Current Progress:  30 % - Matrix factorization
Memory: 713/757 758/791
---        Current Progress:  30 % - Assembling matrices
Memory: 726/757 756/791
  24          59     6.2e+08   0.0001566          59   28   24   51
---        Current Progress:  33 % - Assembling matrices
Memory: 724/757 753/791
---        Current Progress:  33 % - Matrix factorization
Memory: 707/757 758/791
---        Current Progress:  33 % - Solving linear system
Memory: 727/757 756/791
  25          59       1e+09   0.0001587          59   29   25   53
---        Current Progress:  34 % - Matrix factorization
Memory: 698/757 758/791
---        Current Progress:  34 % - Solving linear system
Memory: 727/757 756/791
  26          59     1.7e+09   0.0001623          59   30   26   55
---        Current Progress:  36 % - Assembling matrices
Memory: 724/757 753/791
---        Current Progress:  36 % - Matrix factorization
Memory: 721/757 758/791
---        Current Progress:  36 % - Assembling matrices
Memory: 727/757 756/791
  27          59     2.8e+09   0.0001681          59   31   27   57
---        Current Progress:  37 % - Assembling matrices
Memory: 724/757 753/791
---        Current Progress:  37 % - Matrix factorization
Memory: 711/757 758/791
---        Current Progress:  37 % - Assembling matrices
Memory: 723/757 752/791
  28          59     4.8e+09   0.0001782          59   32   28   59
---        Current Progress:  38 % - Assembling matrices
Memory: 725/757 755/791
---        Current Progress:  38 % - Matrix factorization
Memory: 703/757 760/791
---        Current Progress:  38 % - Solving linear system
Memory: 728/757 758/791
  29          58     8.4e+09   0.0001957          58   33   29   61
---        Current Progress:  39 % - Assembling matrices
Memory: 725/757 755/791
---        Current Progress:  39 % - Matrix factorization
Memory: 722/757 760/791
---        Current Progress:  39 % - Assembling matrices
Memory: 728/757 758/791
  30          57     1.5e+10   0.0002279          57   34   30   63
----       Current Progress:  40 % - Assembling matrices
Memory: 725/757 755/791
----       Current Progress:  40 % - Matrix factorization
Memory: 714/757 760/791
----       Current Progress:  40 % - Assembling matrices
Memory: 728/757 758/791
  31          56     3.1e+10   0.0002915          56   35   31   65
----       Current Progress:  41 % - Assembling matrices
Memory: 727/757 757/791
----       Current Progress:  41 % - Matrix factorization
Memory: 708/757 762/791
----       Current Progress:  41 % - Solving linear system
Memory: 730/757 760/791
  32          53     7.1e+10   0.0004332          53   36   32   67
----       Current Progress:  41 % - Matrix factorization
Memory: 702/757 762/791
----       Current Progress:  41 % - Solving linear system
Memory: 730/757 760/791
  33          50     2.1e+11   0.0008154          50   37   33   69
----       Current Progress:  42 % - Assembling matrices
Memory: 728/757 757/791
----       Current Progress:  42 % - Matrix factorization
Memory: 723/757 762/791
----       Current Progress:  42 % - Assembling matrices
Memory: 730/757 760/791
  34          45       1e+12   0.0021836          45   38   34   71
----       Current Progress:  43 % - Assembling matrices
Memory: 728/757 757/791
----       Current Progress:  43 % - Matrix factorization
Memory: 714/757 762/791
----       Current Progress:  43 % - Assembling matrices
Memory: 730/757 760/791
  35          39     8.9e+12   0.0084126          39   39   35   73
----       Current Progress:  44 % - Assembling matrices
Memory: 727/757 757/791
----       Current Progress:  44 % - Matrix factorization
Memory: 707/757 762/791
----       Current Progress:  44 % - Solving linear system
Memory: 730/757 760/791
  36          13     1.7e+13   0.0252668          13   40   36   75
----       Current Progress:  47 % - Assembling matrices
Memory: 735/757 765/791
----       Current Progress:  47 % - Matrix factorization
Memory: 735/757 773/791
----       Current Progress:  47 % - Assembling matrices
Memory: 741/757 771/791
  37         5.3       3e+13   0.0460319         5.5   41   37   77
----       Current Progress:  47 % - Matrix factorization
Memory: 726/757 773/791
----       Current Progress:  47 % - Assembling matrices
Memory: 737/757 767/791
  38         2.4     4.7e+13   0.0715620         2.6   42   38   79
----       Current Progress:  47 % - Matrix factorization
Memory: 716/757 773/791
----       Current Progress:  47 % - Solving linear system
Memory: 741/757 771/791
  39         1.3     5.9e+13   0.0866052         1.4   43   39   81
----       Current Progress:  47 % - Matrix factorization
Memory: 710/757 773/791
----       Current Progress:  47 % - Solving linear system
Memory: 742/757 772/791
  40        0.78     6.6e+13   0.1029894        0.86   44   40   83
----       Current Progress:  47 % - Assembling matrices
Memory: 738/757 768/791
----       Current Progress:  47 % - Matrix factorization
Memory: 713/757 755/791
----       Current Progress:  47 % - Assembling matrices
Memory: 726/757 756/791
  41         1.3     6.5e+13   0.0267190         1.4   45   41   85
----       Current Progress:  47 % - Matrix factorization
Memory: 707/757 758/791
----       Current Progress:  47 % - Solving linear system
Memory: 726/757 756/791
  42         2.8     6.5e+13   0.0088777         2.8   46   42   87
----       Current Progress:  47 % - Matrix factorization
Memory: 700/757 759/791
----       Current Progress:  47 % - Solving linear system
Memory: 727/757 756/791
  43         2.9     6.4e+13   0.0233574         2.9   47   43   89
----       Current Progress:  47 % - Assembling matrices
Memory: 724/757 754/791
----       Current Progress:  47 % - Matrix factorization
Memory: 718/757 759/791
----       Current Progress:  47 % - Assembling matrices
Memory: 727/757 756/791
  44         2.9     6.3e+13   0.0165615         2.9   48   44   91
----       Current Progress:  47 % - Matrix factorization
Memory: 713/757 759/791
----       Current Progress:  47 % - Assembling matrices
Memory: 727/757 756/791
  45         1.7     6.2e+13   0.0392013         1.7   49   45   93
----       Current Progress:  47 % - Matrix factorization
Memory: 703/757 759/791
----       Current Progress:  47 % - Solving linear system
Memory: 727/757 756/791
  46         1.2     6.1e+13   0.0571630         1.3   50   46   95
----       Current Progress:  47 % - Assembling matrices
Memory: 721/757 751/791
----       Current Progress:  47 % - Matrix factorization
Memory: 724/757 759/791
----       Current Progress:  47 % - Solving linear system
Memory: 725/757 761/791
  47        0.43     1.8e+14   0.2462978        0.54   51   47   97
----       Current Progress:  48 % - Assembling matrices
Memory: 724/757 754/791
----       Current Progress:  48 % - Matrix factorization
Memory: 712/757 759/791
----       Current Progress:  48 % - Assembling matrices
Memory: 727/757 756/791
  48       0.032     2.2e+14   1.0000000        0.17   52   48   99
----       Current Progress:  49 % - Assembling matrices
Memory: 724/757 754/791
----       Current Progress:  49 % - Matrix factorization
Memory: 703/757 759/791
----       Current Progress:  49 % - Solving linear system
Memory: 727/757 757/791
  49      0.0012     1.6e+13   1.0000000       0.017   53   49  101
----       Current Progress:  49 % - Matrix factorization
Memory: 689/757 719/791
----       Current Progress:  49 % - Solving linear system
Memory: 728/757 758/791
  50     9.5e-06     1.1e+11   1.0000000      0.0014   54   50  103
-----      Current Progress:  50 % - Solving linear system
Memory: 631/757 645/791
Solution time: 45 s.
Physical memory: 756 MB
Virtual memory: 788 MB
Ended at Sep 30, 2026, 12:50:49 AM.
----- Stationary Solver 1 in Study 1/Solution 1 (sol1) ------------------------>
Boshlang'ich nuqta yaqinlashmadi (The_following_feature_has_encountered_a_problem), solver sozlamalarini oshiramiz.
  maxiter -> 200 (FullyCoupled)
  maxiter -> 200 (FullyCoupled)
<---- Compile Equations: Semiconductor Equilibrium in Study 1/Solution 1 (sol1) -
Started at Sep 30, 2026, 12:50:49 AM.
Geometry shape function: Linear Lagrange
Running on 11th Gen Intel(R) Core(TM) i7-1165G7 at 2.80 GHz.
Using 1 socket with 4 cores in total on WIN-FNSSP1NOF49.
Available memory: 7.97 GB.
           Current Progress:   2 % - Compile Equations: Semiconductor Equilibrium
Memory: 732/757 746/791
           Current Progress:   3 % - Compile Equations: Semiconductor Equilibrium
Memory: 701/757 716/791
           Current Progress:   3 % - Creating visualization mesh
Memory: 703/757 717/791
Time: 1 s.
Physical memory: 732 MB
Virtual memory: 746 MB
Ended at Sep 30, 2026, 12:50:50 AM.
----- Compile Equations: Semiconductor Equilibrium in Study 1/Solution 1 (sol1) >
<---- Dependent Variables 1 in Study 1/Solution 1 (sol1) -----------------------
Started at Sep 30, 2026, 12:50:50 AM.
           Current Progress:   3 % - Dependent Variables 1
Memory: 709/757 722/791
Solution time: 0 s.
Physical memory: 709 MB
Virtual memory: 722 MB
Ended at Sep 30, 2026, 12:50:50 AM.
----- Dependent Variables 1 in Study 1/Solution 1 (sol1) ---------------------->
<---- Stationary Solver 1 in Study 1/Solution 1 (sol1) -------------------------
Started at Sep 30, 2026, 12:50:50 AM.
Nonlinear solver
Number of degrees of freedom solved for: 134400.
           Current Progress:   5 % - Assembling matrices
Memory: 735/757 748/791
           Current Progress:   5 % - Assembling sparsity pattern
Memory: 739/757 751/791
Nonsymmetric matrix found.
Scales for dependent variables:
Electron solution variable (comp1.Ne): 2.7e+14
Hole solution variable (comp1.Ph): 2.7e+14
Electric potential (comp1.V): 5.8e+10
Orthonormal null-space function used.
           Current Progress:   5 % - Matrix factorization
Memory: 776/776 800/800
Iter      SolEst      ResEst     Damping    Stepsize #Res #Jac #Sol
           Current Progress:   5 % - Assembling matrices
Memory: 810/810 839/842
           Current Progress:   9 % - Solving linear system
Memory: 813/813 842/845
   1     1.9e+02     5.6e+15   0.0001135     1.9e+02    5    1    5
           Current Progress:   9 % - Assembling matrices
Memory: 812/821 840/849
           Current Progress:   9 % - Matrix factorization
Memory: 791/821 845/849
           Current Progress:   9 % - Solving linear system
Memory: 815/821 843/849
   2       1e+02     1.6e+04   0.0002711       1e+02    6    2    7
-          Current Progress:  14 % - Assembling matrices
Memory: 813/821 841/849
-          Current Progress:  14 % - Matrix factorization
Memory: 788/821 846/849
-          Current Progress:  14 % - Solving linear system
Memory: 815/821 843/849
   3          86     2.1e+04   0.0001209          86    7    3    9
--         Current Progress:  20 % - Assembling matrices
Memory: 787/821 818/849
--         Current Progress:  20 % - Matrix factorization
Memory: 787/821 822/849
--         Current Progress:  20 % - Solving linear system
Memory: 793/821 823/849
   4          68     4.1e+04   0.0001858          68    8    4   11
--         Current Progress:  24 % - Assembling matrices
Memory: 790/821 820/849
--         Current Progress:  24 % - Matrix factorization
Memory: 784/821 825/849
--         Current Progress:  24 % - Assembling matrices
Memory: 792/821 822/849
   5          67     5.9e+04   0.0001347          67    9    5   13
--         Current Progress:  24 % - Matrix factorization
Memory: 778/821 825/849
--         Current Progress:  24 % - Assembling matrices
Memory: 793/821 823/849
   6          61       1e+05   0.0001685          61   10    6   15
--         Current Progress:  26 % - Assembling matrices
Memory: 790/821 820/849
--         Current Progress:  26 % - Matrix factorization
Memory: 769/821 825/849
--         Current Progress:  26 % - Solving linear system
Memory: 793/821 823/849
   7          62     1.6e+05   0.0001427          62   11    7   17
--         Current Progress:  26 % - Matrix factorization
Memory: 765/821 825/849
--         Current Progress:  26 % - Solving linear system
Memory: 793/821 823/849
   8          59     2.6e+05   0.0001611          59   12    8   19
--         Current Progress:  28 % - Matrix factorization
Memory: 757/821 783/849
--         Current Progress:  28 % - Assembling matrices
Memory: 789/821 821/849
   9          60     4.1e+05   0.0001473          60   13    9   21
--         Current Progress:  28 % - Matrix factorization
Memory: 769/821 816/849
--         Current Progress:  28 % - Assembling matrices
Memory: 782/821 814/849
  10          59     6.9e+05   0.0001574          59   14   10   23
--         Current Progress:  29 % - Assembling matrices
--         Current Progress:  29 % - Matrix factorization
Memory: 765/821 819/849
--         Current Progress:  29 % - Solving linear system
Memory: 785/821 816/849
  11          59     1.1e+06   0.0001499          59   15   11   25
--         Current Progress:  29 % - Matrix factorization
Memory: 759/821 819/849
--         Current Progress:  29 % - Solving linear system
Memory: 785/821 817/849
  12          59     1.8e+06   0.0001554          59   16   12   27
---        Current Progress:  30 % - Assembling matrices
Memory: 783/821 814/849
---        Current Progress:  30 % - Matrix factorization
Memory: 777/821 819/849
---        Current Progress:  30 % - Assembling matrices
Memory: 786/821 817/849
  13          59     2.9e+06   0.0001514          59   17   13   29
---        Current Progress:  30 % - Matrix factorization
Memory: 771/821 819/849
---        Current Progress:  30 % - Solving linear system
Memory: 786/821 817/849
  14          59     4.8e+06   0.0001544          59   18   14   31
---        Current Progress:  30 % - Matrix factorization
Memory: 760/821 819/849
---        Current Progress:  30 % - Solving linear system
Memory: 786/821 817/849
  15          59     7.7e+06   0.0001522          59   19   15   33
---        Current Progress:  30 % - Matrix factorization
Memory: 746/821 762/849
---        Current Progress:  30 % - Solving linear system
Memory: 787/821 819/849
  16          59     1.3e+07   0.0001538          59   20   16   35
---        Current Progress:  30 % - Assembling matrices
Memory: 783/821 815/849
---        Current Progress:  30 % - Matrix factorization
Memory: 773/821 820/849
---        Current Progress:  30 % - Assembling matrices
Memory: 786/821 818/849
  17          59       2e+07   0.0001527          59   21   17   37
---        Current Progress:  30 % - Matrix factorization
Memory: 765/821 820/849
---        Current Progress:  30 % - Solving linear system
Memory: 786/821 818/849
  18          59     3.3e+07   0.0001537          59   22   18   39
---        Current Progress:  30 % - Matrix factorization
Memory: 758/821 820/849
---        Current Progress:  30 % - Solving linear system
Memory: 786/821 818/849
  19          59     5.4e+07   0.0001532          59   23   19   41
---        Current Progress:  30 % - 
Memory: 779/821 811/849
---        Current Progress:  30 % - Matrix factorization
Memory: 784/821 820/849
---        Current Progress:  30 % - Solving linear system
Memory: 787/821 819/849
  20          59     8.8e+07   0.0001538          59   24   20   43
---        Current Progress:  30 % - Assembling matrices
Memory: 784/821 815/849
---        Current Progress:  30 % - Matrix factorization
Memory: 775/821 820/849
---        Current Progress:  30 % - Assembling matrices
Memory: 786/821 818/849
  21          59     1.4e+08   0.0001538          59   25   21   45
---        Current Progress:  30 % - Matrix factorization
Memory: 770/821 820/849
---        Current Progress:  30 % - Solving linear system
Memory: 786/821 818/849
  22          59     2.3e+08   0.0001546          59   26   22   47
---        Current Progress:  30 % - Assembling matrices
Memory: 784/821 815/849
---        Current Progress:  30 % - Matrix factorization
Memory: 762/821 820/849
---        Current Progress:  30 % - Solving linear system
Memory: 786/821 818/849
  23          59     3.8e+08   0.0001552          59   27   23   49
---        Current Progress:  30 % - Matrix factorization
Memory: 750/821 778/849
---        Current Progress:  30 % - Solving linear system
Memory: 787/821 819/849
  24          59     6.2e+08   0.0001566          59   28   24   51
---        Current Progress:  33 % - Assembling matrices
Memory: 784/821 815/849
---        Current Progress:  33 % - Matrix factorization
Memory: 775/821 820/849
---        Current Progress:  33 % - Assembling matrices
Memory: 786/821 818/849
  25          59       1e+09   0.0001587          59   29   25   53
---        Current Progress:  34 % - Assembling matrices
Memory: 784/821 815/849
---        Current Progress:  34 % - Matrix factorization
Memory: 767/821 820/849
---        Current Progress:  34 % - Solving linear system
Memory: 786/821 818/849
  26          59     1.7e+09   0.0001623          59   30   26   55
---        Current Progress:  36 % - Matrix factorization
Memory: 759/821 820/849
---        Current Progress:  36 % - Solving linear system
Memory: 786/821 818/849
  27          59     2.8e+09   0.0001681          59   31   27   57
---        Current Progress:  37 % - Matrix factorization
Memory: 747/821 763/849
---        Current Progress:  37 % - Solving linear system
Memory: 787/821 819/849
  28          59     4.8e+09   0.0001782          59   32   28   59
---        Current Progress:  38 % - Assembling matrices
Memory: 784/821 815/849
---        Current Progress:  38 % - Matrix factorization
Memory: 776/821 820/849
---        Current Progress:  38 % - Assembling matrices
Memory: 786/821 818/849
  29          58     8.4e+09   0.0001957          58   33   29   61
---        Current Progress:  39 % - Assembling matrices
Memory: 784/821 815/849
---        Current Progress:  39 % - Matrix factorization
Memory: 772/821 820/849
---        Current Progress:  39 % - Assembling matrices
Memory: 785/821 817/849
  30          57     1.5e+10   0.0002279          57   34   30   63
----       Current Progress:  40 % - Assembling matrices
Memory: 784/821 815/849
----       Current Progress:  40 % - Matrix factorization
Memory: 764/821 820/849
----       Current Progress:  40 % - Solving linear system
Memory: 786/821 818/849
  31          56     3.1e+10   0.0002915          56   35   31   65
----       Current Progress:  41 % - Matrix factorization
Memory: 781/821 813/849
----       Current Progress:  41 % - Solving linear system
Memory: 788/821 819/849
  32          53     7.1e+10   0.0004332          53   36   32   67
----       Current Progress:  41 % - Assembling matrices
Memory: 784/821 816/849
----       Current Progress:  41 % - Matrix factorization
Memory: 775/821 821/849
----       Current Progress:  41 % - Assembling matrices
Memory: 787/821 818/849
  33          50     2.1e+11   0.0008154          50   37   33   69
----       Current Progress:  42 % - Assembling matrices
Memory: 784/821 816/849
----       Current Progress:  42 % - Matrix factorization
Memory: 765/821 821/849
----       Current Progress:  42 % - Solving linear system
Memory: 787/821 818/849
  34          45       1e+12   0.0021836          45   38   34   71
----       Current Progress:  43 % - Matrix factorization
Memory: 753/821 783/849
----       Current Progress:  43 % - Solving linear system
Memory: 788/821 819/849
  35          39     8.9e+12   0.0084126          39   39   35   73
----       Current Progress:  44 % - Assembling matrices
Memory: 784/821 816/849
----       Current Progress:  44 % - Matrix factorization
Memory: 776/821 821/849
----       Current Progress:  44 % - Assembling matrices
Memory: 787/821 818/849
  36          13     1.7e+13   0.0252668          13   40   36   75
----       Current Progress:  47 % - Assembling matrices
Memory: 784/821 816/849
----       Current Progress:  47 % - Matrix factorization
Memory: 770/821 821/849
----       Current Progress:  47 % - Solving linear system
Memory: 787/821 818/849
  37         5.3       3e+13   0.0460319         5.5   41   37   77
----       Current Progress:  47 % - Assembling matrices
Memory: 784/821 816/849
----       Current Progress:  47 % - Matrix factorization
Memory: 761/821 821/849
----       Current Progress:  47 % - Solving linear system
Memory: 787/821 818/849
  38         2.4     4.7e+13   0.0715620         2.6   42   38   79
----       Current Progress:  47 % - Matrix factorization
Memory: 779/821 811/849
----       Current Progress:  47 % - Solving linear system
Memory: 788/821 819/849
  39         1.3     5.9e+13   0.0866052         1.4   43   39   81
----       Current Progress:  47 % - Assembling matrices
Memory: 784/821 816/849
----       Current Progress:  47 % - Matrix factorization
Memory: 775/821 821/849
----       Current Progress:  47 % - Assembling matrices
Memory: 787/821 818/849
  40        0.78     6.6e+13   0.1029894        0.86   44   40   83
----       Current Progress:  47 % - Matrix factorization
Memory: 770/821 821/849
----       Current Progress:  47 % - Solving linear system
Memory: 787/821 818/849
  41         1.3     6.5e+13   0.0267190         1.4   45   41   85
----       Current Progress:  47 % - Assembling matrices
Memory: 784/821 816/849
----       Current Progress:  47 % - Matrix factorization
Memory: 763/821 821/849
----       Current Progress:  47 % - Solving linear system
Memory: 787/821 818/849
  42         2.8     6.5e+13   0.0088777         2.8   46   42   87
----       Current Progress:  47 % - Matrix factorization
Memory: 760/821 821/849
----       Current Progress:  47 % - Solving linear system
Memory: 787/821 818/849
  43         2.9     6.4e+13   0.0233574         2.9   47   43   89
----       Current Progress:  47 % - Assembling matrices
Memory: 784/821 816/849
----       Current Progress:  47 % - Matrix factorization
Memory: 779/821 821/849
----       Current Progress:  47 % - Assembling matrices
Memory: 787/821 818/849
  44         2.9     6.3e+13   0.0165615         2.9   48   44   91
----       Current Progress:  47 % - Matrix factorization
Memory: 769/821 821/849
----       Current Progress:  47 % - Solving linear system
Memory: 787/821 818/849
  45         1.7     6.2e+13   0.0392013         1.7   49   45   93
----       Current Progress:  47 % - Matrix factorization
Memory: 759/821 821/849
----       Current Progress:  47 % - Solving linear system
Memory: 787/821 818/849
  46         1.2     6.1e+13   0.0571630         1.3   50   46   95
----       Current Progress:  47 % - Matrix factorization
Memory: 747/821 763/849
----       Current Progress:  47 % - Solving linear system
Memory: 788/821 819/849
  47        0.43     1.8e+14   0.2462978        0.54   51   47   97
----       Current Progress:  48 % - Assembling matrices
Memory: 781/821 813/849
----       Current Progress:  48 % - Matrix factorization
Memory: 781/821 821/849
----       Current Progress:  48 % - Assembling matrices
Memory: 787/821 818/849
  48       0.032     2.2e+14   1.0000000        0.17   52   48   99
----       Current Progress:  49 % - Assembling matrices
Memory: 784/821 816/849
----       Current Progress:  49 % - Matrix factorization
Memory: 771/821 821/849
----       Current Progress:  49 % - Solving linear system
Memory: 787/821 818/849
  49      0.0012     1.6e+13   1.0000000       0.017   53   49  101
----       Current Progress:  49 % - Assembling matrices
Memory: 784/821 816/849
----       Current Progress:  49 % - Matrix factorization
Memory: 760/821 821/849
----       Current Progress:  49 % - Solving linear system
Memory: 787/821 818/849
  50     9.5e-06     1.1e+11   1.0000000      0.0014   54   50  103
-----      Current Progress:  50 % - Assembling matrices
Memory: 784/821 816/849
-----      Current Progress:  50 % - Matrix factorization
Memory: 781/821 822/849
-----      Current Progress:  50 % - Assembling matrices
Memory: 787/821 820/849
  51     5.5e-10     2.2e+03   1.0000000     9.8e-06   56   51  105
-----      Current Progress:  50 % - Constraint handling
Memory: 782/821 815/849
Solution time: 45 s.
Physical memory: 816 MB
Virtual memory: 846 MB
Ended at Sep 30, 2026, 12:51:35 AM.
----- Stationary Solver 1 in Study 1/Solution 1 (sol1) ------------------------>
<---- Compile Equations: Stationary in Study 1/Solution 1 (sol1) ---------------
Started at Sep 30, 2026, 12:51:35 AM.
Geometry shape function: Linear Lagrange
-----      Current Progress:  52 % - Compile Equations: Stationary
Memory: 718/821 730/849
-----      Current Progress:  52 % - Creating visualization mesh
Time: 1 s.
Physical memory: 718 MB
Virtual memory: 730 MB
Ended at Sep 30, 2026, 12:51:37 AM.
----- Compile Equations: Stationary in Study 1/Solution 1 (sol1) -------------->
<---- Dependent Variables 2 in Study 1/Solution 1 (sol1) -----------------------
Started at Sep 30, 2026, 12:51:37 AM.
Initial values of variables solved for: Solution 1 (sol1), Solution Store 1 (sol2).
Values of variables not solved for: Solution 1 (sol1).
-----      Current Progress:  52 % - Dependent Variables 2
Memory: 724/821 736/849
Solution time: 0 s.
Physical memory: 724 MB
Virtual memory: 736 MB
Ended at Sep 30, 2026, 12:51:37 AM.
----- Dependent Variables 2 in Study 1/Solution 1 (sol1) ---------------------->
<---- Stationary Solver 2 in Study 1/Solution 1 (sol1) -------------------------
Started at Sep 30, 2026, 12:51:37 AM.
Nonlinear solver
Number of degrees of freedom solved for: 134400.
-----      Current Progress:  55 % - Assembling matrices
Memory: 757/821 770/849
-----      Current Progress:  55 % - Assembling sparsity pattern
Memory: 768/821 780/849
-----      Current Progress:  55 % - Assembling matrices
Memory: 810/826 822/849
Nonsymmetric matrix found.
Scales for dependent variables:
Electron solution variable (comp1.Ne): 3.7e+25
Hole solution variable (comp1.Ph): 4.8e+28
Electric potential (comp1.V): 7.4e+18
Orthonormal null-space function used.
-----      Current Progress:  55 % - Matrix factorization
Memory: 866/883 892/911
Iter      SolEst      ResEst     Damping    Stepsize #Res #Jac #Sol
-----      Current Progress:  55 % - Assembling matrices
Memory: 934/936 993/994
   1       0.015     1.2e+07   0.1000000       0.017    2    1    2
-----      Current Progress:  59 % - Assembling sparsity pattern
Memory: 862/936 927/997
-----      Current Progress:  59 % - Assembling matrices
Memory: 906/936 971/997
-----      Current Progress:  59 % - Matrix factorization
Memory: 873/936 969/997
-----      Current Progress:  59 % - Assembling matrices
Memory: 901/936 965/997
   2      0.0027     3.2e+05   1.0000000       0.013    3    2    4
------     Current Progress:  64 % - Assembling sparsity pattern
Memory: 878/936 942/997
------     Current Progress:  64 % - Assembling matrices
Memory: 907/936 970/997
------     Current Progress:  64 % - Matrix factorization
Memory: 857/936 977/997
------     Current Progress:  64 % - Assembling matrices
Memory: 910/936 973/997
   3     6.4e-06     2.6e+03   1.0000000      0.0022    4    3    6
---------  Current Progress:  97 % - Assembling matrices
Memory: 908/936 971/997
---------  Current Progress:  97 % - Matrix factorization
Memory: 866/936 977/997
---------  Current Progress:  97 % - Assembling matrices
Memory: 911/936 973/997
   4     3.3e-11     0.00024   1.0000000     5.2e-06    6    4    8
---------- Current Progress: 100 % - Constraint handling
Memory: 751/936 791/997
Solution time: 9 s.
Physical memory: 934 MB
Virtual memory: 994 MB
Ended at Sep 30, 2026, 12:51:46 AM.
----- Stationary Solver 2 in Study 1/Solution 1 (sol1) ------------------------>
Boshlang'ich nuqta oshirilgan iteratsiyalar bilan yaqinlashdi.
<---- Compile Equations: Semiconductor Equilibrium in Study 1/Solution 1 (sol1) -
Started at Sep 30, 2026, 12:51:46 AM.
Geometry shape function: Linear Lagrange
Running on 11th Gen Intel(R) Core(TM) i7-1165G7 at 2.80 GHz.
Using 1 socket with 4 cores in total on WIN-FNSSP1NOF49.
Available memory: 7.97 GB.
           Current Progress:   3 % - Compile Equations: Semiconductor Equilibrium
Memory: 786/936 822/997
           Current Progress:   3 % - Creating visualization mesh
Time: 1 s.
Physical memory: 788 MB
Virtual memory: 825 MB
Ended at Sep 30, 2026, 12:51:47 AM.
----- Compile Equations: Semiconductor Equilibrium in Study 1/Solution 1 (sol1) >
<---- Dependent Variables 1 in Study 1/Solution 1 (sol1) -----------------------
Started at Sep 30, 2026, 12:51:47 AM.
           Current Progress:   3 % - Dependent Variables 1
Memory: 796/936 832/997
Solution time: 0 s.
Physical memory: 796 MB
Virtual memory: 832 MB
Ended at Sep 30, 2026, 12:51:47 AM.
----- Dependent Variables 1 in Study 1/Solution 1 (sol1) ---------------------->
<---- Stationary Solver 1 in Study 1/Solution 1 (sol1) -------------------------
Started at Sep 30, 2026, 12:51:47 AM.
Nonlinear solver
Number of degrees of freedom solved for: 134400.
           Current Progress:   5 % - Assembling matrices
Memory: 793/936 829/997
Nonsymmetric matrix found.
Scales for dependent variables:
Electron solution variable (comp1.Ne): 2.7e+14
Hole solution variable (comp1.Ph): 2.7e+14
Electric potential (comp1.V): 5.8e+10
Orthonormal null-space function used.
           Current Progress:   5 % - Matrix factorization
Memory: 828/936 875/997
Iter      SolEst      ResEst     Damping    Stepsize #Res #Jac #Sol
           Current Progress:   5 % - Solving linear system
Memory: 872/936 924/997
           Current Progress:   9 % - Assembling matrices
Memory: 874/936 926/997
   1     1.9e+02     5.6e+15   0.0001135     1.9e+02    5    1    5
           Current Progress:   9 % - Assembling sparsity pattern
Memory: 864/936 917/997
           Current Progress:   9 % - Assembling matrices
Memory: 872/936 924/997
           Current Progress:   9 % - Matrix factorization
Memory: 871/936 929/997
           Current Progress:   9 % - Assembling matrices
Memory: 849/936 910/997
   2       1e+02     1.6e+04   0.0002711       1e+02    6    2    7
-          Current Progress:  14 % - Assembling sparsity pattern
Memory: 839/936 900/997
-          Current Progress:  14 % - Assembling matrices
Memory: 851/936 911/997
-          Current Progress:  14 % - Matrix factorization
Memory: 844/936 914/997
-          Current Progress:  14 % - Assembling matrices
Memory: 851/936 912/997
   3          86     2.1e+04   0.0001209          86    7    3    9
--         Current Progress:  20 % - Assembling matrices
Memory: 849/936 909/997
--         Current Progress:  20 % - Matrix factorization
Memory: 836/936 914/997
--         Current Progress:  20 % - Assembling matrices
Memory: 851/936 912/997
   4          68     4.1e+04   0.0001858          68    8    4   11
--         Current Progress:  24 % - Assembling matrices
Memory: 849/936 909/997
--         Current Progress:  24 % - Matrix factorization
Memory: 825/936 914/997
--         Current Progress:  24 % - Solving linear system
Memory: 851/936 912/997
   5          67     5.9e+04   0.0001347          67    9    5   13
--         Current Progress:  24 % - Constraint handling
Memory: 854/936 914/997
--         Current Progress:  24 % - Matrix factorization
Memory: 847/936 914/997
--         Current Progress:  24 % - Solving linear system
Memory: 849/936 912/997
   6          61       1e+05   0.0001685          61   10    6   15
--         Current Progress:  26 % - Assembling matrices
Memory: 849/936 909/997
--         Current Progress:  26 % - Matrix factorization
Memory: 842/936 914/997
--         Current Progress:  26 % - Assembling matrices
Memory: 852/936 912/997
   7          62     1.6e+05   0.0001427          62   11    7   17
--         Current Progress:  26 % - Matrix factorization
Memory: 834/936 914/997
--         Current Progress:  26 % - Solving linear system
Memory: 852/936 912/997
   8          59     2.6e+05   0.0001611          59   12    8   19
--         Current Progress:  28 % - Assembling matrices
Memory: 849/936 909/997
--         Current Progress:  28 % - Matrix factorization
Memory: 826/936 914/997
--         Current Progress:  28 % - Solving linear system
Memory: 852/936 912/997
   9          60     4.1e+05   0.0001473          60   13    9   21
--         Current Progress:  28 % - Matrix factorization
Memory: 814/936 858/997
--         Current Progress:  28 % - Solving linear system
Memory: 853/936 913/997
  10          59     6.9e+05   0.0001574          59   14   10   23
--         Current Progress:  29 % - Assembling matrices
Memory: 849/936 909/997
--         Current Progress:  29 % - Matrix factorization
Memory: 840/936 914/997
--         Current Progress:  29 % - Assembling matrices
Memory: 852/936 912/997
  11          59     1.1e+06   0.0001499          59   15   11   25
--         Current Progress:  29 % - Matrix factorization
Memory: 833/936 914/997
--         Current Progress:  29 % - Solving linear system
Memory: 852/936 912/997
  12          59     1.8e+06   0.0001554          59   16   12   27
---        Current Progress:  30 % - Assembling matrices
Memory: 849/936 909/997
---        Current Progress:  30 % - Matrix factorization
Memory: 821/936 914/997
---        Current Progress:  30 % - Solving linear system
Memory: 853/936 913/997
  13          59     2.9e+06   0.0001514          59   17   13   29
---        Current Progress:  30 % - Assembling matrices
Memory: 849/936 909/997
---        Current Progress:  30 % - Matrix factorization
Memory: 845/936 914/997
---        Current Progress:  30 % - Assembling matrices
Memory: 852/936 912/997
  14          59     4.8e+06   0.0001544          59   18   14   31
---        Current Progress:  30 % - Matrix factorization
Memory: 835/936 914/997
---        Current Progress:  30 % - Solving linear system
Memory: 852/936 912/997
  15          59     7.7e+06   0.0001522          59   19   15   33
---        Current Progress:  30 % - Assembling matrices
Memory: 849/936 909/997
---        Current Progress:  30 % - Matrix factorization
Memory: 827/936 914/997
---        Current Progress:  30 % - Solving linear system
Memory: 852/936 912/997
  16          59     1.3e+07   0.0001538          59   20   16   35
---        Current Progress:  30 % - Matrix factorization
Memory: 814/936 858/997
---        Current Progress:  30 % - Solving linear system
Memory: 850/936 916/997
  17          59       2e+07   0.0001527          59   21   17   37
---        Current Progress:  30 % - Assembling matrices
Memory: 849/936 909/997
---        Current Progress:  30 % - Matrix factorization
Memory: 836/936 914/997
---        Current Progress:  30 % - Assembling matrices
Memory: 852/936 912/997
  18          59     3.3e+07   0.0001537          59   22   18   39
---        Current Progress:  30 % - Solving linear system
Memory: 844/936 905/997
---        Current Progress:  30 % - Assembling matrices
Memory: 846/936 906/997
---        Current Progress:  30 % - Matrix factorization
Memory: 847/936 914/997
---        Current Progress:  30 % - Assembling matrices
Memory: 852/936 912/997
  19          59     5.4e+07   0.0001532          59   23   19   41
---        Current Progress:  30 % - Matrix factorization
Memory: 839/936 914/997
---        Current Progress:  30 % - Assembling matrices
Memory: 852/936 912/997
  20          59     8.8e+07   0.0001538          59   24   20   43
---        Current Progress:  30 % - Matrix factorization
Memory: 832/936 914/997
---        Current Progress:  30 % - Solving linear system
Memory: 852/936 912/997
  21          59     1.4e+08   0.0001538          59   25   21   45
---        Current Progress:  30 % - Matrix factorization
Memory: 824/936 914/997
---        Current Progress:  30 % - Solving linear system
Memory: 852/936 912/997
  22          59     2.3e+08   0.0001546          59   26   22   47
---        Current Progress:  30 % - Assembling matrices
Memory: 849/936 909/997
---        Current Progress:  30 % - Matrix factorization
Memory: 845/936 914/997
---        Current Progress:  30 % - Assembling matrices
Memory: 852/936 912/997
  23          59     3.8e+08   0.0001552          59   27   23   49
---        Current Progress:  30 % - Matrix factorization
Memory: 834/936 914/997
---        Current Progress:  30 % - Solving linear system
Memory: 852/936 912/997
  24          59     6.2e+08   0.0001566          59   28   24   51
---        Current Progress:  33 % - Assembling matrices
Memory: 849/936 909/997
---        Current Progress:  33 % - Matrix factorization
Memory: 829/936 914/997
---        Current Progress:  33 % - Solving linear system
Memory: 852/936 912/997
  25          59       1e+09   0.0001587          59   29   25   53
---        Current Progress:  34 % - Matrix factorization
Memory: 821/936 914/997
---        Current Progress:  34 % - Solving linear system
Memory: 853/936 913/997
  26          59     1.7e+09   0.0001623          59   30   26   55
---        Current Progress:  36 % - Assembling matrices
Memory: 849/936 909/997
---        Current Progress:  36 % - Matrix factorization
Memory: 845/936 914/997
---        Current Progress:  36 % - Assembling matrices
Memory: 852/936 912/997
  27          59     2.8e+09   0.0001681          59   31   27   57
---        Current Progress:  37 % - Assembling matrices
Memory: 849/936 909/997
---        Current Progress:  37 % - Matrix factorization
Memory: 833/936 914/997
---        Current Progress:  37 % - Solving linear system
Memory: 852/936 912/997
  28          59     4.8e+09   0.0001782          59   32   28   59
---        Current Progress:  38 % - Solving linear system
Memory: 845/936 905/997
---        Current Progress:  38 % - Matrix factorization
Memory: 826/936 914/997
---        Current Progress:  38 % - Solving linear system
Memory: 852/936 912/997
  29          58     8.4e+09   0.0001957          58   33   29   61
---        Current Progress:  39 % - Constraint handling
Memory: 847/936 910/997
---        Current Progress:  39 % - Matrix factorization
Memory: 847/936 914/997
---        Current Progress:  39 % - Assembling matrices
Memory: 852/936 912/997
  30          57     1.5e+10   0.0002279          57   34   30   63
----       Current Progress:  40 % - Assembling matrices
Memory: 849/936 909/997
----       Current Progress:  40 % - Matrix factorization
Memory: 839/936 914/997
----       Current Progress:  40 % - Assembling matrices
Memory: 852/936 912/997
  31          56     3.1e+10   0.0002915          56   35   31   65
----       Current Progress:  41 % - Assembling matrices
Memory: 849/936 909/997
----       Current Progress:  41 % - Matrix factorization
Memory: 830/936 914/997
----       Current Progress:  41 % - Solving linear system
Memory: 852/936 912/997
  32          53     7.1e+10   0.0004332          53   36   32   67
----       Current Progress:  41 % - Matrix factorization
Memory: 821/936 914/997
----       Current Progress:  41 % - Solving linear system
Memory: 853/936 913/997
  33          50     2.1e+11   0.0008154          50   37   33   69
----       Current Progress:  42 % - Assembling matrices
Memory: 849/936 909/997
----       Current Progress:  42 % - Matrix factorization
Memory: 842/936 914/997
----       Current Progress:  42 % - Assembling matrices
Memory: 852/936 912/997
  34          45       1e+12   0.0021836          45   38   34   71
----       Current Progress:  43 % - Assembling matrices
Memory: 849/936 909/997
----       Current Progress:  43 % - Matrix factorization
Memory: 832/936 914/997
----       Current Progress:  43 % - Solving linear system
Memory: 852/936 912/997
  35          39     8.9e+12   0.0084126          39   39   35   73
----       Current Progress:  44 % - Matrix factorization
Memory: 823/936 914/997
----       Current Progress:  44 % - Solving linear system
Memory: 852/936 912/997
  36          13     1.7e+13   0.0252668          13   40   36   75
----       Current Progress:  47 % - Matrix factorization
Memory: 847/936 907/997
----       Current Progress:  47 % - Assembling matrices
Memory: 852/936 912/997
  37         5.3       3e+13   0.0460319         5.5   41   37   77
----       Current Progress:  47 % - Matrix factorization
Memory: 837/936 914/997
----       Current Progress:  47 % - Assembling matrices
Memory: 852/936 912/997
  38         2.4     4.7e+13   0.0715620         2.6   42   38   79
----       Current Progress:  47 % - Matrix factorization
Memory: 830/936 914/997
----       Current Progress:  47 % - Solving linear system
Memory: 852/936 912/997
  39         1.3     5.9e+13   0.0866052         1.4   43   39   81
----       Current Progress:  47 % - Matrix factorization
Memory: 818/936 874/997
----       Current Progress:  47 % - Solving linear system
Memory: 853/936 913/997
  40        0.78     6.6e+13   0.1029894        0.86   44   40   83
----       Current Progress:  47 % - Assembling matrices
Memory: 849/936 909/997
----       Current Progress:  47 % - Matrix factorization
Memory: 840/936 914/997
----       Current Progress:  47 % - Assembling matrices
Memory: 852/936 912/997
  41         1.3     6.5e+13   0.0267190         1.4   45   41   85
----       Current Progress:  47 % - Matrix factorization
Memory: 830/936 914/997
----       Current Progress:  47 % - Solving linear system
Memory: 852/936 912/997
  42         2.8     6.5e+13   0.0088777         2.8   46   42   87
----       Current Progress:  47 % - Matrix factorization
Memory: 825/936 914/997
----       Current Progress:  47 % - Solving linear system
Memory: 852/936 912/997
  43         2.9     6.4e+13   0.0233574         2.9   47   43   89
----       Current Progress:  47 % - Matrix factorization
Memory: 814/936 858/997
----       Current Progress:  47 % - Solving linear system
Memory: 853/936 913/997
  44         2.9     6.3e+13   0.0165615         2.9   48   44   91
----       Current Progress:  47 % - Assembling matrices
Memory: 849/936 909/997
----       Current Progress:  47 % - Matrix factorization
Memory: 844/936 914/997
----       Current Progress:  47 % - Assembling matrices
Memory: 852/936 912/997
  45         1.7     6.2e+13   0.0392013         1.7   49   45   93
----       Current Progress:  47 % - Matrix factorization
Memory: 836/936 914/997
----       Current Progress:  47 % - Assembling matrices
Memory: 852/936 912/997
  46         1.2     6.1e+13   0.0571630         1.3   50   46   95
----       Current Progress:  47 % - Matrix factorization
Memory: 831/936 915/997
----       Current Progress:  47 % - Solving linear system
Memory: 853/936 913/997
  47        0.43     1.8e+14   0.2462978        0.54   51   47   97
----       Current Progress:  48 % - Matrix factorization
Memory: 823/936 915/997
----       Current Progress:  48 % - Solving linear system
Memory: 853/936 913/997
  48       0.032     2.2e+14   1.0000000        0.17   52   48   99
----       Current Progress:  49 % - Assembling matrices
Memory: 850/936 910/997
----       Current Progress:  49 % - Matrix factorization
Memory: 845/936 915/997
----       Current Progress:  49 % - Assembling matrices
Memory: 853/936 913/997
  49      0.0012     1.6e+13   1.0000000       0.017   53   49  101
----       Current Progress:  49 % - Matrix factorization
Memory: 834/936 915/997
----       Current Progress:  49 % - Solving linear system
Memory: 853/936 913/997
  50     9.5e-06     1.1e+11   1.0000000      0.0014   54   50  103
-----      Current Progress:  50 % - Matrix factorization
Memory: 823/936 915/997
-----      Current Progress:  50 % - Solving linear system
Memory: 853/936 913/997
  51     5.5e-10     2.2e+03   1.0000000     9.8e-06   56   51  105
-----      Current Progress:  50 % - Constraint handling
Memory: 745/936 781/997
Solution time: 45 s.
Physical memory: 874 MB
Virtual memory: 929 MB
Ended at Sep 30, 2026, 12:52:32 AM.
----- Stationary Solver 1 in Study 1/Solution 1 (sol1) ------------------------>
<---- Compile Equations: Stationary in Study 1/Solution 1 (sol1) ---------------
Started at Sep 30, 2026, 12:52:32 AM.
Geometry shape function: Linear Lagrange
-----      Current Progress:  52 % - Compile Equations: Stationary
Memory: 770/936 806/997
-----      Current Progress:  52 % - Creating visualization mesh
Memory: 771/936 807/997
Time: 1 s.
Physical memory: 774 MB
Virtual memory: 810 MB
Ended at Sep 30, 2026, 12:52:34 AM.
----- Compile Equations: Stationary in Study 1/Solution 1 (sol1) -------------->
<---- Dependent Variables 2 in Study 1/Solution 1 (sol1) -----------------------
Started at Sep 30, 2026, 12:52:34 AM.
Initial values of variables solved for: Solution 1 (sol1), Solution Store 1 (sol2).
Values of variables not solved for: Solution 1 (sol1).
-----      Current Progress:  52 % - Dependent Variables 2
Memory: 782/936 818/997
Solution time: 0 s.
Physical memory: 782 MB
Virtual memory: 818 MB
Ended at Sep 30, 2026, 12:52:34 AM.
----- Dependent Variables 2 in Study 1/Solution 1 (sol1) ---------------------->
<---- Stationary Solver 2 in Study 1/Solution 1 (sol1) -------------------------
Started at Sep 30, 2026, 12:52:34 AM.
Nonlinear solver
Number of degrees of freedom solved for: 134400.
-----      Current Progress:  55 % - Assembling matrices
Memory: 796/936 832/997
-----      Current Progress:  55 % - Assembling sparsity pattern
Memory: 799/936 835/997
-----      Current Progress:  55 % - Assembling matrices
Memory: 854/936 891/997
Nonsymmetric matrix found.
Scales for dependent variables:
Electron solution variable (comp1.Ne): 3.7e+25
Hole solution variable (comp1.Ph): 4.8e+28
Electric potential (comp1.V): 7.4e+18
Orthonormal null-space function used.
-----      Current Progress:  55 % - Matrix factorization
Memory: 896/936 946/997
Iter      SolEst      ResEst     Damping    Stepsize #Res #Jac #Sol
-----      Current Progress:  55 % - Solving linear system
Memory: 977/981 1036/1040
   1       0.015     1.2e+07   0.1000000       0.017    2    1    2
-----      Current Progress:  59 % - Assembling sparsity pattern
Memory: 960/981 1018/1042
-----      Current Progress:  59 % - Assembling matrices
Memory: 979/997 1042/1060
-----      Current Progress:  59 % - Matrix factorization
Memory: 832/997 950/1068
-----      Current Progress:  59 % - Assembling matrices
Memory: 885/997 952/1068
   2      0.0027     3.2e+05   1.0000000       0.013    3    2    4
------     Current Progress:  64 % - Assembling sparsity pattern
Memory: 860/997 929/1068
------     Current Progress:  64 % - Assembling matrices
Memory: 908/997 980/1068
------     Current Progress:  64 % - Matrix factorization
Memory: 845/997 986/1068
------     Current Progress:  64 % - Assembling matrices
Memory: 908/997 979/1068
------     Current Progress:  64 % - Solving linear system
Memory: 910/997 981/1068
   3     6.4e-06     2.6e+03   1.0000000      0.0022    4    3    6
---------  Current Progress:  97 % - Assembling matrices
Memory: 909/997 980/1068
---------  Current Progress:  97 % - Matrix factorization
Memory: 846/997 989/1068
---------  Current Progress:  97 % - Solving linear system
Memory: 910/997 983/1068
   4     3.2e-11     0.00024   1.0000000     5.2e-06    6    4    8
---------- Current Progress: 100 % - Constraint handling
Memory: 903/997 976/1068
Solution time: 9 s.
Physical memory: 981 MB
Virtual memory: 1042 MB
Ended at Sep 30, 2026, 12:52:43 AM.
----- Stationary Solver 2 in Study 1/Solution 1 (sol1) ------------------------>
VD=0.01 VG=  80.00 ID=8.8587e-10 A
Tayyor: C:\comsol_tranzistor\ish\model\transfer.csv
MPH saqlandi: C:\comsol_tranzistor\ish\model\MoS2Fet_transfer.mph
Class run time: 175 s.
Saving model: C:\comsol_tranzistor\ish\model\MoS2Fet_Model.mph
Save time: 0 s.
Total time: 175 s.
---------- Current Progress: 100 % - Done
Memory: 774/997 815/1068
