*******************************************
***COMSOL 6.0.0.318 progress output file***
*******************************************
Wed Sep 30 22:35:51 UZT 2026
COMSOL Multiphysics 6.0 (Build: 318) starting in batch mode
Running: C:\comsol_tranzistor\ish\model\MoS2Fet.class
params.txt o'qildi: C:\comsol_tranzistor\ish\model\params.txt
---------- Current Progress: 100 % - Updating selections
Memory: 428/428 464/464
           Current Progress:   0 % - Rectangle
Memory: 455/455 478/478
           Current Progress:   1 % - Rectangle 2
Memory: 454/456 476/478
           Current Progress:   3 % - Rectangle 2a
           Current Progress:   4 % - Polygon
           Current Progress:   5 % - Polygon 2
Memory: 455/456 476/478
           Current Progress:   6 % - Mirror
-          Current Progress:  19 % - Mirror 2
---        Current Progress:  31 % - Rectangle 3
---        Current Progress:  33 % - Ellipse 1
---        Current Progress:  34 % - Ellipse 2
---        Current Progress:  35 % - Union
----       Current Progress:  43 % - Resolving domains
Memory: 458/458 478/478
----       Current Progress:  48 % - Rectangle 4
----       Current Progress:  49 % - Intersection
-----      Current Progress:  57 % - Resolving domains
------     Current Progress:  61 % - Difference 4
-------    Current Progress:  73 % - Resolving domains
-------    Current Progress:  74 % - Rectangle 5
-------    Current Progress:  75 % - Difference
--------   Current Progress:  86 % - Resolving domains
--------   Current Progress:  88 % - Form Union
Memory: 459/459 478/478
---------  Current Progress:  99 % - Resolving domains
---------- Current Progress: 100 % - Updating selections
Memory: 459/459 479/479
Geometriya quruldi. Domenlar soni: 10 (kutilgan: 10)
CHECKPOINT: sel_insulators OK
CHECKPOINT: sel_semi_domains OK
---------- Current Progress: 100 % - Creating visualization mesh
Memory: 459/460 478/480
CHECKPOINT: chegara selectionlari OK
CHECKPOINT: semi yaratildi
CHECKPOINT: semi.selection().named OK
CHECKPOINT: smm_sio2 OK
CHECKPOINT: smm_f4 OK
CHECKPOINT: smm_water OK
CHECKPOINT: smm_air OK
CHECKPOINT: adm1 OK
CHECKPOINT: gc1 OK
CHECKPOINT: gcSrc OK
CHECKPOINT: gcDrain OK
CHECKPOINT: mc1/mc2 OK
CHECKPOINT: ion holati OK
CHECKPOINT: mesh size features OK
Number of vertex elements: 37
Number of boundary elements: 12707
-          Current Progress:  14 % - Inserting interior points
Memory: 588/588 606/606
-          Current Progress:  15 % - Inserting interior points
Memory: 574/588 592/606
--         Current Progress:  20 % - Inserting interior points
Memory: 576/588 595/606
--         Current Progress:  23 % - Inserting interior points
Memory: 581/588 603/606
--         Current Progress:  25 % - Inserting interior points
Memory: 586/588 604/606
--         Current Progress:  27 % - Inserting interior points
Memory: 587/588 605/606
---        Current Progress:  34 % - Improving element quality
Memory: 588/588 605/606
---        Current Progress:  36 % - Improving element quality
Memory: 588/588 606/606
---------  Current Progress:  95 % - Improving element quality
Memory: 576/588 593/606
Number of elements: 110920
---------  Current Progress:  99 % - Finalizing mesh
Memory: 545/588 568/606
Minimum element quality: 0.05666
---------- Current Progress: 100 % - Finalizing mesh
Memory: 525/588 553/606
MESH_DOMAINS_TOTAL=10
Model qurildi (mode=transfer).
CHECKPOINT: natijalar papka OK
OGOHLANTIRISH: geometriya rasm eksporti muvaffaqiyatsiz: Invalid_property_value
<---- Compile Equations: Semiconductor Equilibrium in Study 1/Solution 1 (sol1) -
Started at Sep 30, 2026, 10:36:23 PM.
Geometry shape function: Linear Lagrange
Running on 11th Gen Intel(R) Core(TM) i7-1165G7 at 2.80 GHz.
Using 1 socket with 4 cores in total on WIN-FNSSP1NOF49.
Available memory: 7.97 GB.
           Current Progress:   3 % - Compile Equations: Semiconductor Equilibrium
Memory: 696/697 710/713
           Current Progress:   3 % - Creating visualization mesh
Memory: 707/716 721/730
Time: 3 s.
Physical memory: 707 MB
Virtual memory: 721 MB
Ended at Sep 30, 2026, 10:36:25 PM.
----- Compile Equations: Semiconductor Equilibrium in Study 1/Solution 1 (sol1) >
<---- Dependent Variables 1 in Study 1/Solution 1 (sol1) -----------------------
Started at Sep 30, 2026, 10:36:25 PM.
           Current Progress:   3 % - Dependent Variables 1
Memory: 716/727 728/740
Solution time: 0 s.
Physical memory: 716 MB
Virtual memory: 728 MB
Ended at Sep 30, 2026, 10:36:25 PM.
----- Dependent Variables 1 in Study 1/Solution 1 (sol1) ---------------------->
<---- Stationary Solver 1 in Study 1/Solution 1 (sol1) -------------------------
Started at Sep 30, 2026, 10:36:25 PM.
Nonlinear solver
Number of degrees of freedom solved for: 184443.
           Current Progress:   5 % - Assembling matrices
Memory: 741/741 751/752
           Current Progress:   5 % - Assembling sparsity pattern
Memory: 752/754 762/764
Nonsymmetric matrix found.
Scales for dependent variables:
Electron solution variable (comp1.Ne): 1e+23
Hole solution variable (comp1.Ph): 2.7e+26
Electric potential (comp1.V): 2.3e+22
Orthonormal null-space function used.
           Current Progress:   5 % - Constraint handling
Memory: 757/765 773/775
           Current Progress:   5 % - Matrix factorization
Memory: 790/800 814/830
Iter      SolEst      ResEst     Damping    Stepsize #Res #Jac #Sol
           Current Progress:   5 % - Solving linear system
Memory: 800/818 859/900
           Current Progress:   9 % - Solving linear system
Memory: 811/818 872/900
           Current Progress:   9 % - 
Memory: 804/818 864/900
   1         9.5     5.3e+14   0.0010000         9.5    4    1    4
           Current Progress:   9 % - Assembling sparsity pattern
Memory: 794/818 852/900
           Current Progress:   9 % - Assembling matrices
Memory: 822/831 879/900
           Current Progress:   9 % - Matrix factorization
Memory: 793/831 887/900
           Current Progress:   9 % - Solving linear system
Memory: 828/831 884/900
   2          12     6.1e+05   0.0100000          13    5    2    6
-          Current Progress:  14 % - Assembling sparsity pattern
Memory: 827/831 881/900
-          Current Progress:  14 % - Matrix factorization
Memory: 778/837 809/900
-          Current Progress:  14 % - Solving linear system
Memory: 833/837 888/900
   3         8.2     6.6e+05   0.0032855         8.2    7    3    9
--         Current Progress:  23 % - Assembling matrices
Memory: 829/837 883/900
--         Current Progress:  23 % - Matrix factorization
Memory: 799/837 890/900
--         Current Progress:  23 % - Solving linear system
Memory: 833/837 888/900
   4         7.8     6.8e+05   0.0026612         7.8    9    4   12
--         Current Progress:  23 % - Assembling matrices
Memory: 830/837 883/900
--         Current Progress:  23 % - Matrix factorization
Memory: 808/837 891/900
--         Current Progress:  23 % - Assembling matrices
Memory: 833/837 887/900
--         Current Progress:  23 % - Solving linear system
Memory: 825/837 878/900
   5         7.5     7.7e+05   0.0026612         7.6   11    5   15
--         Current Progress:  23 % - Matrix factorization
Memory: 783/837 832/900
--         Current Progress:  23 % - Solving linear system
Memory: 835/839 889/900
--         Current Progress:  23 % - Assembling matrices
Memory: 835/839 888/900
   6         7.2     1.5e+06   0.0001578         7.2   14    6   19
--         Current Progress:  25 % - Solving linear system
Memory: 816/839 878/900
--         Current Progress:  25 % - Assembling matrices
Memory: 831/839 884/900
--         Current Progress:  25 % - Matrix factorization
Memory: 810/839 892/900
--         Current Progress:  25 % - Assembling matrices
Memory: 835/839 888/900
   7         7.1     2.1e+06   0.0006692         7.1   15    7   21
--         Current Progress:  25 % - Solving linear system
Memory: 825/839 878/900
--         Current Progress:  25 % - Matrix factorization
Memory: 791/839 839/900
--         Current Progress:  25 % - Solving linear system
Memory: 835/839 889/900
   8         7.1     1.4e+07   0.0006308         7.2   17    8   24
--         Current Progress:  25 % - Assembling matrices
Memory: 831/839 884/900
--         Current Progress:  25 % - Matrix factorization
Memory: 803/839 892/900
--         Current Progress:  25 % - Assembling matrices
Memory: 835/839 888/900
--         Current Progress:  25 % - Solving linear system
Memory: 836/839 890/900
   9           7     1.4e+07   0.0003122           7   19    9   27
--         Current Progress:  28 % - Assembling matrices
Memory: 831/839 884/900
--         Current Progress:  28 % - Matrix factorization
Memory: 813/839 892/900
--         Current Progress:  28 % - Solving linear system
Memory: 835/839 889/900
--         Current Progress:  28 % - Assembling matrices
Memory: 835/839 888/900
  10         7.1     1.5e+07   0.0002231         7.1   21   10   30
--         Current Progress:  28 % - Matrix factorization
Memory: 800/839 892/900
--         Current Progress:  28 % - Assembling matrices
Memory: 835/839 888/900
--         Current Progress:  28 % - Solving linear system
Memory: 836/839 891/900
  11           7     3.5e+07   0.0009876           7   22   11   32
--         Current Progress:  28 % - Matrix factorization
Memory: 825/839 878/900
--         Current Progress:  28 % - Solving linear system
Memory: 835/839 889/900
--         Current Progress:  28 % - Assembling matrices
Memory: 835/839 888/900
  12         7.1     3.5e+07   0.0001000         7.1   25   12   36
--         Current Progress:  28 % - Matrix factorization
Memory: 797/839 892/900
--         Current Progress:  28 % - Solving linear system
Memory: 835/839 889/900
  13           7     3.5e+07   0.0002994           7   26   13   38
---        Current Progress:  32 % - Assembling matrices
Memory: 831/839 884/900
---        Current Progress:  32 % - Matrix factorization
Memory: 816/839 892/900
---        Current Progress:  32 % - Solving linear system
Memory: 835/839 889/900
---        Current Progress:  32 % - Assembling matrices
Memory: 835/839 888/900
  14         7.8     3.6e+07   0.0001113         7.8   28   14   41
---        Current Progress:  32 % - Matrix factorization
Memory: 793/839 892/900
---        Current Progress:  32 % - Solving linear system
Memory: 835/839 889/900
  15         6.9     3.6e+07   0.0002560         6.9   29   15   43
---        Current Progress:  37 % - Assembling matrices
Memory: 831/839 884/900
---        Current Progress:  37 % - Matrix factorization
Memory: 807/839 892/900
---        Current Progress:  37 % - Assembling matrices
Memory: 835/839 888/900
---        Current Progress:  37 % - Solving linear system
Memory: 836/839 891/900
  16     3.4e+07     3.7e+07   0.0010000         7.5   32   16   47
---        Current Progress:  37 % - Assembling matrices
Memory: 831/839 884/900
---        Current Progress:  37 % - Matrix factorization
Memory: 810/839 892/900
---        Current Progress:  37 % - Assembling matrices
Memory: 835/839 888/900
  17         7.2     3.5e+16   0.0010727         7.2   33   17   49
----       Current Progress:  49 % - Assembling matrices
Memory: 831/839 884/900
----       Current Progress:  49 % - Matrix factorization
Memory: 797/839 892/900
----       Current Progress:  49 % - Solving linear system
Memory: 835/839 889/900
----       Current Progress:  49 % - Assembling matrices
Memory: 835/839 888/900
  18         6.9     3.5e+16   0.0002835         6.9   35   18   52
----       Current Progress:  49 % - Matrix factorization
Memory: 797/839 892/900
----       Current Progress:  49 % - Solving linear system
Memory: 835/839 889/900
  19         6.9     3.5e+16   0.0002586         6.9   37   19   55
----       Current Progress:  49 % - Assembling matrices
Memory: 831/839 884/900
----       Current Progress:  49 % - Matrix factorization
Memory: 808/839 892/900
----       Current Progress:  49 % - Assembling matrices
Memory: 835/839 888/900
  20         7.2     3.5e+16   0.0005363         7.2   38   20   57
----       Current Progress:  49 % - Matrix factorization
Memory: 794/839 892/900
----       Current Progress:  49 % - Solving linear system
Memory: 835/839 889/900
  21     1.9e+05     3.5e+16   0.0010000          11   41   21   61
----       Current Progress:  49 % - Assembling matrices
Memory: 831/839 884/900
----       Current Progress:  49 % - Matrix factorization
Memory: 800/839 892/900
----       Current Progress:  49 % - Assembling matrices
Memory: 835/839 888/900
----       Current Progress:  49 % - Solving linear system
Memory: 836/839 890/900
  22          15     3.5e+16   0.0010000          15   44   22   65
----       Current Progress:  49 % - Assembling matrices
Memory: 831/839 884/900
----       Current Progress:  49 % - Matrix factorization
Memory: 808/839 892/900
----       Current Progress:  49 % - Assembling matrices
Memory: 835/839 888/900
----       Current Progress:  49 % - Solving linear system
Memory: 826/839 879/900
  23         6.9     3.5e+16   0.0002287         6.9   46   23   68
----       Current Progress:  49 % - Matrix factorization
Memory: 786/839 832/900
----       Current Progress:  49 % - Solving linear system
Memory: 835/839 889/900
  24         7.2     3.5e+16   0.0001000         7.2   48   24   71
----       Current Progress:  49 % - Assembling matrices
Memory: 831/839 884/900
----       Current Progress:  49 % - Matrix factorization
Memory: 806/839 892/900
----       Current Progress:  49 % - Assembling matrices
Memory: 835/839 888/900
----       Current Progress:  49 % - Solving linear system
Memory: 836/839 890/900
  25         7.3     3.5e+16   0.0004322         7.3   49   25   73
----       Current Progress:  49 % - Constraint handling
Memory: 827/839 881/900
----       Current Progress:  49 % - Matrix factorization
Memory: 818/839 892/900
----       Current Progress:  49 % - Solving linear system
Memory: 835/839 889/900
  26         8.5     3.5e+16   0.0001000         8.5   51   26   76
----       Current Progress:  49 % - Assembling matrices
Memory: 831/839 884/900
----       Current Progress:  49 % - Matrix factorization
Memory: 808/839 892/900
----       Current Progress:  49 % - Assembling matrices
Memory: 835/839 888/900
----       Current Progress:  49 % - Solving linear system
Memory: 836/839 890/900
  27     8.7e+13     3.5e+16   0.0010000         9.3   54   27   80
----       Current Progress:  49 % - 
Memory: 825/839 878/900
----       Current Progress:  49 % - Matrix factorization
Memory: 817/839 892/900
----       Current Progress:  49 % - Solving linear system
Memory: 835/839 889/900
----       Current Progress:  49 % - Assembling matrices
Memory: 835/839 888/900
----       Current Progress:  49 % - Solving linear system
Memory: 836/839 890/900
  28          11     7.6e+22   0.0010000          11   57   28   84
-----      Current Progress:  50 % - Assembling matrices
Memory: 831/839 884/900
-----      Current Progress:  50 % - Matrix factorization
Memory: 806/839 892/900
-----      Current Progress:  50 % - Assembling matrices
Memory: 835/839 888/900
-----      Current Progress:  50 % - Solving linear system
Memory: 836/839 890/900
  29         5.5     7.6e+22   0.0002038         5.5   59   29   87
-----      Current Progress:  50 % - Assembling matrices
Memory: 831/839 884/900
-----      Current Progress:  50 % - Matrix factorization
Memory: 811/839 892/900
-----      Current Progress:  50 % - Assembling matrices
Memory: 835/839 888/900
  30         5.4     7.5e+22   0.0004242         5.4   60   30   89
-----      Current Progress:  50 % - Matrix factorization
Memory: 793/839 892/900
-----      Current Progress:  50 % - Solving linear system
Memory: 835/839 889/900
  31           5     7.5e+22   0.0014024           5   61   31   91
-----      Current Progress:  50 % - Assembling matrices
Memory: 831/839 884/900
-----      Current Progress:  50 % - Matrix factorization
Memory: 809/839 892/900
-----      Current Progress:  50 % - Assembling matrices
Memory: 835/839 888/900
  32         4.7     7.5e+22   0.0031360         4.7   62   32   93
-----      Current Progress:  50 % - Matrix factorization
Memory: 795/839 892/900
-----      Current Progress:  50 % - Solving linear system
Memory: 835/839 889/900
  33         4.4     7.5e+22   0.0018809         4.4   64   33   96
-----      Current Progress:  50 % - Assembling matrices
Memory: 831/839 884/900
-----      Current Progress:  50 % - Matrix factorization
Memory: 807/839 892/900
-----      Current Progress:  50 % - Assembling matrices
Memory: 835/839 888/900
-----      Current Progress:  50 % - Solving linear system
Memory: 836/839 890/900
  34           4     7.5e+22   0.0016883           4   66   34   99
-----      Current Progress:  50 % - Matrix factorization
Memory: 826/839 879/900
-----      Current Progress:  50 % - Solving linear system
Memory: 835/839 889/900
-----      Current Progress:  50 % - Assembling matrices
Memory: 835/839 888/900
  35         4.9     7.5e+22   0.0010000         4.8   70   35  104
-----      Current Progress:  50 % - Matrix factorization
Memory: 796/839 892/900
-----      Current Progress:  50 % - Solving linear system
Memory: 835/839 889/900
  36         3.8     7.5e+22   0.0018515         3.8   71   36  106
-----      Current Progress:  50 % - Assembling matrices
Memory: 836/839 888/900
-----      Current Progress:  50 % - Matrix factorization
Memory: 817/842 896/900
-----      Current Progress:  50 % - Solving linear system
Memory: 835/844 891/900
-----      Current Progress:  50 % - Assembling matrices
Memory: 839/844 891/900
  37         3.7     7.5e+22   0.0006325         3.7   73   37  109
-----      Current Progress:  50 % - Matrix factorization
Memory: 802/844 896/900
-----      Current Progress:  50 % - Solving linear system
Memory: 840/844 893/900
  38         3.7     7.5e+22   0.0002821         3.7   75   38  112
-----      Current Progress:  50 % - Assembling matrices
Memory: 836/844 888/900
-----      Current Progress:  50 % - Matrix factorization
Memory: 812/844 896/900
-----      Current Progress:  50 % - Assembling matrices
Memory: 840/844 892/900
-----      Current Progress:  50 % - Solving linear system
Memory: 841/844 894/900
  39         3.8     7.5e+22   0.0001091         3.8   77   39  115
-----      Current Progress:  50 % - Assembling matrices
Memory: 836/844 888/900
-----      Current Progress:  50 % - Matrix factorization
Memory: 811/844 896/900
-----      Current Progress:  50 % - Assembling matrices
Memory: 840/844 892/900
-----      Current Progress:  50 % - Solving linear system
Memory: 841/844 895/900
  40     3.1e+06     7.5e+22   0.0010000         4.5   80   40  119
-----      Current Progress:  50 % - Assembling matrices
Memory: 836/844 888/900
-----      Current Progress:  50 % - Matrix factorization
Memory: 823/844 896/900
-----      Current Progress:  50 % - Solving linear system
Memory: 840/844 894/900
-----      Current Progress:  50 % - Assembling matrices
Memory: 840/844 892/900
  41     1.2e+15     7.4e+22   0.0010000         4.7   83   41  123
-----      Current Progress:  50 % - Matrix factorization
Memory: 804/844 896/900
-----      Current Progress:  50 % - Solving linear system
Memory: 840/844 894/900
  42         3.6     2.1e+24   0.0012603         3.6   84   42  125
-----      Current Progress:  50 % - Assembling matrices
Memory: 836/844 889/900
-----      Current Progress:  50 % - Matrix factorization
Memory: 819/844 896/900
-----      Current Progress:  50 % - Solving linear system
Memory: 840/844 894/900
-----      Current Progress:  50 % - Assembling matrices
Memory: 840/844 892/900
  43         3.7     2.1e+24   0.0003030         3.7   86   43  128
-----      Current Progress:  50 % - Matrix factorization
Memory: 800/844 896/900
-----      Current Progress:  50 % - Solving linear system
Memory: 840/844 894/900
  44         3.7     2.1e+24   0.0001000         3.7   88   44  131
-----      Current Progress:  50 % - Assembling matrices
Memory: 836/844 889/900
-----      Current Progress:  50 % - Matrix factorization
Memory: 815/844 896/900
-----      Current Progress:  50 % - Solving linear system
Memory: 833/844 885/900
-----      Current Progress:  50 % - Assembling matrices
Memory: 840/844 892/900
  45         3.6     2.1e+24   0.0003639         3.6   89   45  133
-----      Current Progress:  50 % - Matrix factorization
Memory: 798/844 896/900
-----      Current Progress:  50 % - Solving linear system
Memory: 841/845 894/900
-----      Current Progress:  50 % - Assembling matrices
Memory: 840/845 893/900
  46     1.8e+26     2.1e+24   0.0010000           6   92   46  137
-----      Current Progress:  50 % - Matrix factorization
Memory: 803/845 897/900
-----      Current Progress:  50 % - Solving linear system
Memory: 841/845 894/900
  47         3.7     3.9e+35   0.0001672         3.7   94   47  140
-----      Current Progress:  50 % - Assembling matrices
Memory: 837/845 889/900
-----      Current Progress:  50 % - Matrix factorization
Memory: 816/845 897/900
-----      Current Progress:  50 % - Solving linear system
Memory: 837/845 897/900
-----      Current Progress:  50 % - Assembling matrices
Memory: 840/845 893/900
-----      Current Progress:  50 % - Solving linear system
Memory: 831/845 883/900
  48         3.8     3.9e+35   0.0001035         3.8   96   48  143
-----      Current Progress:  50 % - Matrix factorization
Memory: 785/845 837/900
-----      Current Progress:  50 % - Solving linear system
Memory: 841/845 894/900
  49     1.1e+06     3.9e+35   0.0010000         3.9   99   49  147
-----      Current Progress:  50 % - Assembling matrices
Memory: 837/845 889/900
-----      Current Progress:  50 % - Matrix factorization
Memory: 799/845 897/900
-----      Current Progress:  50 % - Solving linear system
Memory: 841/845 894/900
-----      Current Progress:  50 % - Assembling matrices
Memory: 840/845 893/900
-----      Current Progress:  50 % - Solving linear system
Memory: 842/845 895/900
  50         3.6     3.9e+35   0.0001069         3.6  101   50  150
Solution time: 74 s. (1 minute, 14 seconds)
Physical memory: 842 MB
Virtual memory: 898 MB
Ended at Sep 30, 2026, 10:37:40 PM.
----- Stationary Solver 1 in Study 1/Solution 1 (sol1) ------------------------>
Boshlang'ich nuqta: birinchi urinish muvaffaqiyatsiz (The_following_feature_has_encountered_a_problem), tozalab qayta urinamiz.
<---- Compile Equations: Semiconductor Equilibrium in Study 1/Solution 1 (sol1) -
Started at Sep 30, 2026, 10:37:40 PM.
Geometry shape function: Linear Lagrange
Running on 11th Gen Intel(R) Core(TM) i7-1165G7 at 2.80 GHz.
Using 1 socket with 4 cores in total on WIN-FNSSP1NOF49.
Available memory: 7.97 GB.
           Current Progress:   3 % - Compile Equations: Semiconductor Equilibrium
Memory: 725/845 748/900
