*******************************************
***COMSOL 6.0.0.318 progress output file***
*******************************************
Thu Oct 01 02:24:19 UZT 2026
COMSOL Multiphysics 6.0 (Build: 318) starting in batch mode
Running: C:\comsol_tranzistor\ish\model\MoS2Fet.class
params.txt o'qildi: C:\comsol_tranzistor\ish\model\params.txt
---------- Current Progress: 100 % - Updating selections
Memory: 454/454 500/505
           Current Progress:   0 % - Rectangle
Memory: 495/495 522/522
           Current Progress:   1 % - Rectangle 2
Memory: 499/499 525/525
           Current Progress:   3 % - Rectangle 2a
Memory: 496/499 522/525
           Current Progress:   4 % - Polygon
           Current Progress:   5 % - Polygon 2
Memory: 498/499 522/525
           Current Progress:   6 % - Mirror
-          Current Progress:  19 % - Mirror 2
---        Current Progress:  31 % - Rectangle 3
---        Current Progress:  33 % - Ellipse 1
Memory: 495/499 519/525
---        Current Progress:  34 % - Ellipse 2
---        Current Progress:  35 % - Union
----       Current Progress:  43 % - Resolving domains
----       Current Progress:  48 % - Rectangle 4
Memory: 497/499 522/525
----       Current Progress:  49 % - Intersection
Memory: 496/499 521/525
-----      Current Progress:  57 % - Resolving domains
Memory: 497/499 521/525
------     Current Progress:  61 % - Difference 4
-------    Current Progress:  73 % - Resolving domains
-------    Current Progress:  74 % - Rectangle 5
-------    Current Progress:  75 % - Difference
--------   Current Progress:  86 % - Resolving domains
--------   Current Progress:  88 % - Form Union
Memory: 496/499 520/525
---------  Current Progress:  99 % - Resolving domains
---------- Current Progress: 100 % - Updating selections
Geometriya quruldi. Domenlar soni: 10 (kutilgan: 10)
CHECKPOINT: sel_insulators OK
CHECKPOINT: sel_semi_domains OK
---------- Current Progress: 100 % - Creating visualization mesh
Memory: 487/499 509/525
CHECKPOINT: chegara selectionlari OK
CHECKPOINT: semi yaratildi
CHECKPOINT: semi.selection() -> faqat MoS2
CHECKPOINT: adm1 OK
CHECKPOINT: gc1 OK
CHECKPOINT: mc1/mc2 OK
CHECKPOINT: ion holati OK
CHECKPOINT: mesh size features OK
Number of vertex elements: 37
           Current Progress:   6 % - Adjusting boundary mesh
Memory: 545/566 564/583
Number of boundary elements: 15129
-          Current Progress:  13 % - Inserting interior points
Memory: 561/566 581/583
-          Current Progress:  15 % - Inserting interior points
Memory: 562/566 582/583
----       Current Progress:  41 % - Inserting interior points
Memory: 565/566 584/584
----       Current Progress:  43 % - Inserting interior points
Memory: 566/566 584/584
------     Current Progress:  67 % - Preparing for advancing front meshing
Memory: 567/567 586/586
-------    Current Progress:  70 % - Inserting interior points
Memory: 537/567 564/586
-------    Current Progress:  71 % - Inserting interior points
Memory: 538/567 565/586
-------    Current Progress:  73 % - Inserting interior points
Memory: 519/567 540/586
-------    Current Progress:  76 % - Inserting interior points
Memory: 520/567 541/586
-------    Current Progress:  77 % - Inserting interior points
Memory: 521/567 542/586
-------    Current Progress:  79 % - Inserting interior points
Memory: 523/567 544/586
--------   Current Progress:  80 % - Inserting interior points
Memory: 525/567 545/586
--------   Current Progress:  81 % - Inserting interior points
Memory: 527/567 548/586
--------   Current Progress:  82 % - Inserting interior points
Memory: 528/567 549/586
--------   Current Progress:  84 % - Inserting interior points
Memory: 532/567 555/586
---------  Current Progress:  91 % - Improving element quality
Memory: 532/567 553/586
---------  Current Progress:  95 % - Improving element quality
Memory: 511/567 530/586
Number of elements: 152778
---------  Current Progress:  99 % - Finalizing mesh
Memory: 541/567 565/586
Minimum element quality: 0.2344
---------- Current Progress: 100 % - Finalizing mesh
Memory: 501/567 522/586
MESH_DOMAINS_TOTAL=10
Model qurildi (mode=transfer).
CHECKPOINT: natijalar papka OK
CHECKPOINT: view1 (full) sozlandi
-----      Current Progress:  50 % - Generating image
Memory: 569/581 578/586
---------- Current Progress: 100 % - Creating visualization mesh
Memory: 573/581 582/586
Eksport: natijalar\geom_full.png
CHECKPOINT: view1 (src edge) sozlandi
-----      Current Progress:  50 % - Generating image
Memory: 714/768 660/668
Eksport: natijalar\geom_source_edge.png
<---- Compile Equations: Semiconductor Equilibrium in Study 1/Solution 1 (sol1) -
Started at Oct 1, 2026, 2:24:43 AM.
Geometry shape function: Linear Lagrange
Running on 11th Gen Intel(R) Core(TM) i7-1165G7 at 2.80 GHz.
Using 1 socket with 4 cores in total on WIN-FNSSP1NOF49.
Available memory: 7.97 GB.
           Current Progress:   2 % - Compile Equations: Semiconductor Equilibrium
Memory: 763/777 756/774
           Current Progress:   3 % - Compile Equations: Semiconductor Equilibrium
Memory: 749/779 741/774
           Current Progress:   3 % - Creating visualization mesh
Memory: 751/779 743/774
Time: 2 s.
Physical memory: 763 MB
Virtual memory: 756 MB
Ended at Oct 1, 2026, 2:24:45 AM.
----- Compile Equations: Semiconductor Equilibrium in Study 1/Solution 1 (sol1) >
<---- Dependent Variables 1 in Study 1/Solution 1 (sol1) -----------------------
Started at Oct 1, 2026, 2:24:45 AM.
           Current Progress:   3 % - Dependent Variables 1
Memory: 645/779 636/774
Solution time: 0 s.
Physical memory: 733 MB
Virtual memory: 728 MB
Ended at Oct 1, 2026, 2:24:45 AM.
----- Dependent Variables 1 in Study 1/Solution 1 (sol1) ---------------------->
<---- Stationary Solver 1 in Study 1/Solution 1 (sol1) -------------------------
Started at Oct 1, 2026, 2:24:45 AM.
Nonlinear solver
Number of degrees of freedom solved for: 138873.
           Current Progress:   5 % - Assembling sparsity pattern
Memory: 674/779 663/774
Nonsymmetric matrix found.
Scales for dependent variables:
Electron solution variable (comp1.Ne): 1e+23
Hole solution variable (comp1.Ph): 2.7e+26
Electric potential (comp1.V): 1.7e+21
Orthonormal null-space function used.
           Current Progress:   5 % - Matrix factorization
Memory: 718/779 722/774
Iter      SolEst      ResEst     Damping    Stepsize #Res #Jac #Sol
           Current Progress:   5 % - Solving linear system
Memory: 759/779 768/774
   1          31     2.3e+16   0.0100000          31    3    1    3
           Current Progress:   9 % - Assembling sparsity pattern
Memory: 749/779 757/775
           Current Progress:   9 % - Constraint handling
Memory: 764/779 773/781
           Current Progress:   9 % - Matrix factorization
Memory: 764/779 775/781
           Current Progress:   9 % - Solving linear system
Memory: 765/779 773/781
   2          32       3e+04   0.0341210          34    4    2    5
-          Current Progress:  14 % - Assembling sparsity pattern
Memory: 764/779 771/781
-          Current Progress:  14 % - Matrix factorization
Memory: 746/779 773/781
-          Current Progress:  14 % - Assembling matrices
Memory: 763/779 771/781
   3         1.7     1.1e+06   0.1697360         4.3    5    3    7
---        Current Progress:  33 % - Assembling matrices
Memory: 761/779 768/781
---        Current Progress:  33 % - Matrix factorization
Memory: 751/779 773/781
---        Current Progress:  33 % - Assembling matrices
Memory: 764/779 771/781
   4        0.55     5.3e+05   0.6311462         1.4    6    4    9
---        Current Progress:  33 % - Matrix factorization
Memory: 755/779 774/781
---        Current Progress:  33 % - Assembling matrices
Memory: 726/779 742/781
   5        0.14     9.2e+04   0.8564781        0.49    7    5   11
---        Current Progress:  35 % - Assembling matrices
Memory: 724/779 743/781
---        Current Progress:  35 % - Matrix factorization
Memory: 724/779 748/781
---        Current Progress:  35 % - Solving linear system
Memory: 730/779 747/781
   6      0.0046     2.4e+03   1.0000000        0.12    8    6   13
----       Current Progress:  43 % - Matrix factorization
Memory: 699/779 749/781
----       Current Progress:  43 % - Solving linear system
Memory: 729/779 747/781
   7     1.4e-06        0.52   1.0000000      0.0046    9    7   15
-----      Current Progress:  50 % - Matrix factorization
Memory: 702/779 752/781
-----      Current Progress:  50 % - Solving linear system
Memory: 730/779 750/781
   8     5.5e-13     1.1e-08   1.0000000     1.2e-06   11    8   17
-----      Current Progress:  50 % - Constraint handling
Memory: 621/779 611/781
Solution time: 8 s.
Physical memory: 765 MB
Virtual memory: 775 MB
Ended at Oct 1, 2026, 2:24:53 AM.
----- Stationary Solver 1 in Study 1/Solution 1 (sol1) ------------------------>
<---- Compile Equations: Stationary in Study 1/Solution 1 (sol1) ---------------
Started at Oct 1, 2026, 2:24:53 AM.
Geometry shape function: Linear Lagrange
-----      Current Progress:  52 % - Compile Equations: Stationary
Memory: 749/779 741/781
-----      Current Progress:  52 % - Creating visualization mesh
Memory: 722/779 713/781
Time: 2 s.
Physical memory: 749 MB
Virtual memory: 741 MB
Ended at Oct 1, 2026, 2:24:54 AM.
----- Compile Equations: Stationary in Study 1/Solution 1 (sol1) -------------->
<---- Dependent Variables 2 in Study 1/Solution 1 (sol1) -----------------------
Started at Oct 1, 2026, 2:24:55 AM.
Initial values of variables solved for: Solution 1 (sol1), Solution Store 1 (sol2).
Values of variables not solved for: Solution 1 (sol1).
-----      Current Progress:  52 % - Dependent Variables 2
Memory: 733/779 724/781
Solution time: 0 s.
Physical memory: 733 MB
Virtual memory: 724 MB
Ended at Oct 1, 2026, 2:24:55 AM.
----- Dependent Variables 2 in Study 1/Solution 1 (sol1) ---------------------->
<---- Stationary Solver 2 in Study 1/Solution 1 (sol1) -------------------------
Started at Oct 1, 2026, 2:24:55 AM.
Nonlinear solver
Number of degrees of freedom solved for: 138873.
-----      Current Progress:  55 % - Assembling matrices
Memory: 761/779 752/781
-----      Current Progress:  55 % - Assembling sparsity pattern
Memory: 745/779 739/781
-----      Current Progress:  55 % - Assembling matrices
Memory: 785/801 783/799
Nonsymmetric matrix found.
Scales for dependent variables:
Electron solution variable (comp1.Ne): 3.7e+25
Hole solution variable (comp1.Ph): 2.3e+29
Electric potential (comp1.V): 3.1e+19
Orthonormal null-space function used.
-----      Current Progress:  55 % - Matrix factorization
Memory: 810/810 824/824
Iter      SolEst      ResEst     Damping    Stepsize #Res #Jac #Sol
-----      Current Progress:  55 % - Solving linear system
Memory: 896/898 951/954
   1         2.6       1e+05   0.1000000           3    2    1    2
-----      Current Progress:  59 % - Assembling sparsity pattern
Memory: 877/899 932/957
-----      Current Progress:  59 % - Assembling matrices
Memory: 909/925 965/982
-----      Current Progress:  59 % - Matrix factorization
Memory: 869/925 965/982
-----      Current Progress:  59 % - Assembling matrices
Memory: 905/925 961/982
   2        0.55     1.2e+06   0.5352114        0.58    3    2    4
------     Current Progress:  64 % - Assembling sparsity pattern
Memory: 884/925 939/982
------     Current Progress:  64 % - Assembling matrices
Memory: 909/926 965/985
------     Current Progress:  64 % - Matrix factorization
Memory: 893/926 968/985
------     Current Progress:  64 % - Assembling matrices
Memory: 910/926 965/985
   3         1.8     6.3e+05   0.5595219         7.9    4    3    6
------     Current Progress:  64 % - Matrix factorization
Memory: 899/926 971/985
------     Current Progress:  64 % - Assembling matrices
Memory: 912/926 969/985
   4        0.28     7.6e+04   0.9836829        0.51    5    4    8
--------   Current Progress:  84 % - Assembling matrices
Memory: 911/926 967/985
--------   Current Progress:  84 % - Matrix factorization
Memory: 890/926 971/985
--------   Current Progress:  84 % - Assembling matrices
Memory: 912/926 969/985
   5      0.0052     6.7e+02   1.0000000        0.19    6    5   10
---------  Current Progress:  92 % - Assembling matrices
Memory: 911/926 967/985
---------  Current Progress:  92 % - Matrix factorization
Memory: 884/926 970/985
---------  Current Progress:  92 % - Assembling matrices
Memory: 912/926 967/985
   6     1.4e-07       0.012   1.0000000      0.0052    7    6   12
---------- Current Progress: 100 % - Assembling matrices
Memory: 910/926 966/985
---------- Current Progress: 100 % - Matrix factorization
Memory: 885/926 970/985
---------- Current Progress: 100 % - Assembling matrices
Memory: 912/926 967/985
   7     4.7e-15     3.7e-05   1.0000000     1.3e-07    9    7   14
---------- Current Progress: 100 % - Constraint handling
Memory: 906/926 962/985
Solution time: 10 s.
Physical memory: 912 MB
Virtual memory: 971 MB
Ended at Oct 1, 2026, 2:25:05 AM.
----- Stationary Solver 2 in Study 1/Solution 1 (sol1) ------------------------>
<---- Compile Equations: Semiconductor Equilibrium in Study 1/Solution 1 (sol1) -
Started at Oct 1, 2026, 2:25:07 AM.
Geometry shape function: Linear Lagrange
Running on 11th Gen Intel(R) Core(TM) i7-1165G7 at 2.80 GHz.
Using 1 socket with 4 cores in total on WIN-FNSSP1NOF49.
Available memory: 7.97 GB.
           Current Progress:   2 % - Compile Equations: Semiconductor Equilibrium
Memory: 782/926 815/985
           Current Progress:   3 % - Compile Equations: Semiconductor Equilibrium
Memory: 789/926 821/985
           Current Progress:   3 % - Creating visualization mesh
Memory: 790/926 823/985
Time: 1 s.
Physical memory: 792 MB
Virtual memory: 825 MB
Ended at Oct 1, 2026, 2:25:08 AM.
----- Compile Equations: Semiconductor Equilibrium in Study 1/Solution 1 (sol1) >
<---- Dependent Variables 1 in Study 1/Solution 1 (sol1) -----------------------
Started at Oct 1, 2026, 2:25:08 AM.
           Current Progress:   3 % - Dependent Variables 1
Memory: 797/926 829/985
Solution time: 0 s.
Physical memory: 797 MB
Virtual memory: 829 MB
Ended at Oct 1, 2026, 2:25:08 AM.
----- Dependent Variables 1 in Study 1/Solution 1 (sol1) ---------------------->
<---- Stationary Solver 1 in Study 1/Solution 1 (sol1) -------------------------
Started at Oct 1, 2026, 2:25:08 AM.
Nonlinear solver
Number of degrees of freedom solved for: 138873.
           Current Progress:   5 % - Assembling sparsity pattern
Memory: 819/926 851/985
Nonsymmetric matrix found.
Scales for dependent variables:
Electron solution variable (comp1.Ne): 1e+23
Hole solution variable (comp1.Ph): 2.7e+26
Electric potential (comp1.V): 1.7e+21
Orthonormal null-space function used.
           Current Progress:   5 % - Matrix factorization
Memory: 834/926 884/985
Iter      SolEst      ResEst     Damping    Stepsize #Res #Jac #Sol
           Current Progress:   5 % - Assembling matrices
Memory: 893/926 943/985
           Current Progress:   9 % - Assembling matrices
Memory: 895/926 945/985
   1          31     2.3e+16   0.0100000          31    3    1    3
           Current Progress:   9 % - Assembling sparsity pattern
Memory: 847/926 905/985
           Current Progress:   9 % - Assembling matrices
Memory: 856/926 914/985
           Current Progress:   9 % - Matrix factorization
Memory: 832/926 901/985
           Current Progress:   9 % - Solving linear system
Memory: 791/926 839/985
   2          32       3e+04   0.0341210          34    4    2    5
-          Current Progress:  14 % - Assembling sparsity pattern
Memory: 778/926 827/985
-          Current Progress:  14 % - Assembling matrices
Memory: 797/926 845/985
-          Current Progress:  14 % - Matrix factorization
Memory: 790/926 850/985
-          Current Progress:  14 % - Assembling matrices
Memory: 800/926 848/985
   3         1.7     1.1e+06   0.1697360         4.3    5    3    7
---        Current Progress:  33 % - Assembling matrices
Memory: 805/926 854/985
---        Current Progress:  33 % - Matrix factorization
Memory: 791/926 862/985
---        Current Progress:  33 % - Solving linear system
Memory: 810/926 859/985
   4        0.55     5.3e+05   0.6311462         1.4    6    4    9
---        Current Progress:  33 % - Matrix factorization
Memory: 787/926 862/985
---        Current Progress:  33 % - Solving linear system
Memory: 810/926 859/985
   5        0.14     9.2e+04   0.8564781        0.49    7    5   11
---        Current Progress:  35 % - Matrix factorization
Memory: 775/926 818/985
---        Current Progress:  35 % - Solving linear system
Memory: 811/926 861/985
   6      0.0046     2.4e+03   1.0000000        0.12    8    6   13
----       Current Progress:  43 % - Assembling matrices
Memory: 807/926 857/985
----       Current Progress:  43 % - Matrix factorization
Memory: 802/926 862/985
----       Current Progress:  43 % - Assembling matrices
Memory: 810/926 860/985
   7     1.4e-06        0.52   1.0000000      0.0046    9    7   15
-----      Current Progress:  50 % - Assembling matrices
Memory: 808/926 857/985
-----      Current Progress:  50 % - Matrix factorization
Memory: 794/926 862/985
-----      Current Progress:  50 % - Solving linear system
Memory: 810/926 860/985
-----      Current Progress:  50 % - Assembling matrices
Memory: 809/926 859/985
   8     5.5e-13     1.1e-08   1.0000000     1.2e-06   11    8   17
-----      Current Progress:  50 % - Constraint handling
Memory: 692/926 723/985
Solution time: 9 s.
Physical memory: 895 MB
Virtual memory: 945 MB
Ended at Oct 1, 2026, 2:25:17 AM.
----- Stationary Solver 1 in Study 1/Solution 1 (sol1) ------------------------>
<---- Compile Equations: Stationary in Study 1/Solution 1 (sol1) ---------------
Started at Oct 1, 2026, 2:25:17 AM.
Geometry shape function: Linear Lagrange
-----      Current Progress:  52 % - Compile Equations: Stationary
Memory: 802/926 834/985
-----      Current Progress:  52 % - Creating visualization mesh
Memory: 787/926 819/985
Time: 2 s.
Physical memory: 802 MB
Virtual memory: 834 MB
Ended at Oct 1, 2026, 2:25:18 AM.
----- Compile Equations: Stationary in Study 1/Solution 1 (sol1) -------------->
<---- Dependent Variables 2 in Study 1/Solution 1 (sol1) -----------------------
Started at Oct 1, 2026, 2:25:19 AM.
Initial values of variables solved for: Solution 1 (sol1), Solution Store 1 (sol2).
Values of variables not solved for: Solution 1 (sol1).
-----      Current Progress:  52 % - Dependent Variables 2
Memory: 793/926 825/985
Solution time: 0 s.
Physical memory: 793 MB
Virtual memory: 825 MB
Ended at Oct 1, 2026, 2:25:19 AM.
----- Dependent Variables 2 in Study 1/Solution 1 (sol1) ---------------------->
<---- Stationary Solver 2 in Study 1/Solution 1 (sol1) -------------------------
Started at Oct 1, 2026, 2:25:19 AM.
Nonlinear solver
Number of degrees of freedom solved for: 138873.
-----      Current Progress:  55 % - Assembling matrices
Memory: 808/926 840/985
-----      Current Progress:  55 % - Assembling sparsity pattern
Memory: 820/926 853/985
-----      Current Progress:  55 % - Assembling matrices
Memory: 870/926 903/985
Nonsymmetric matrix found.
Scales for dependent variables:
Electron solution variable (comp1.Ne): 3.7e+25
Hole solution variable (comp1.Ph): 2.3e+29
Electric potential (comp1.V): 3.1e+19
Orthonormal null-space function used.
-----      Current Progress:  55 % - Matrix factorization
Memory: 917/930 963/985
Iter      SolEst      ResEst     Damping    Stepsize #Res #Jac #Sol
-----      Current Progress:  55 % - Solving linear system
Memory: 977/978 1031/1034
   1         2.6       1e+05   0.1000000           3    2    1    2
-----      Current Progress:  59 % - Assembling sparsity pattern
Memory: 961/980 1016/1038
-----      Current Progress:  59 % - Assembling matrices
Memory: 979/991 1034/1047
-----      Current Progress:  59 % - Matrix factorization
Memory: 940/991 1035/1047
-----      Current Progress:  59 % - Solving linear system
Memory: 976/991 1031/1047
   2        0.55     1.2e+06   0.5352114        0.58    3    2    4
------     Current Progress:  64 % - Assembling sparsity pattern
Memory: 929/991 982/1047
------     Current Progress:  64 % - Assembling matrices
Memory: 949/991 1002/1047
------     Current Progress:  64 % - Matrix factorization
Memory: 905/991 1006/1047
------     Current Progress:  64 % - Assembling matrices
Memory: 947/991 1000/1047
   3         1.8     6.3e+05   0.5595219         7.9    4    3    6
------     Current Progress:  64 % - Constraint handling
Memory: 942/991 996/1047
------     Current Progress:  64 % - Matrix factorization
Memory: 936/991 1005/1047
------     Current Progress:  64 % - Assembling matrices
Memory: 949/991 1002/1047
   4        0.28     7.6e+04   0.9836829        0.51    5    4    8
--------   Current Progress:  84 % - Assembling matrices
Memory: 947/991 1001/1047
--------   Current Progress:  84 % - Matrix factorization
Memory: 890/991 1003/1047
--------   Current Progress:  84 % - Solving linear system
Memory: 946/991 999/1047
   5      0.0052     6.7e+02   1.0000000        0.19    6    5   10
---------  Current Progress:  92 % - Assembling matrices
---------  Current Progress:  92 % - Matrix factorization
Memory: 905/991 1003/1047
---------  Current Progress:  92 % - Assembling matrices
Memory: 947/991 1000/1047
   6     1.4e-07       0.012   1.0000000      0.0052    7    6   12
---------- Current Progress: 100 % - Assembling matrices
Memory: 946/991 999/1047
---------- Current Progress: 100 % - 
Memory: 939/991 993/1047
---------- Current Progress: 100 % - Matrix factorization
Memory: 930/991 1003/1047
---------- Current Progress: 100 % - Assembling matrices
Memory: 947/991 1000/1047
   7     2.6e-15     3.8e-05   1.0000000     1.3e-07    9    7   14
---------- Current Progress: 100 % - Constraint handling
Memory: 800/991 830/1047
Solution time: 12 s.
Physical memory: 981 MB
Virtual memory: 1037 MB
Ended at Oct 1, 2026, 2:25:30 AM.
----- Stationary Solver 2 in Study 1/Solution 1 (sol1) ------------------------>
VD=0.10 VG=  80.00 ID=1.8144e-06 A
Tayyor: C:\comsol_tranzistor\ish\model\transfer.csv
MPH saqlandi: C:\comsol_tranzistor\ish\model\MoS2Fet_transfer.mph
Class run time: 72 s.
Saving model: C:\comsol_tranzistor\ish\model\MoS2Fet_Model.mph
Save time: 0 s.
Total time: 72 s.
---------- Current Progress: 100 % - Done
Memory: 806/991 836/1047
