*******************************************
***COMSOL 6.0.0.318 progress output file***
*******************************************
Wed Sep 30 23:05:38 UZT 2026
COMSOL Multiphysics 6.0 (Build: 318) starting in batch mode
Running: C:\comsol_tranzistor\ish\model\MoS2Fet.class
params.txt o'qildi: C:\comsol_tranzistor\ish\model\params.txt
---------- Current Progress: 100 % - Updating selections
Memory: 406/415 429/439
           Current Progress:   0 % - Rectangle
Memory: 426/426 447/447
           Current Progress:   1 % - Rectangle 2
Memory: 423/426 444/447
           Current Progress:   3 % - Rectangle 2a
           Current Progress:   4 % - Polygon
           Current Progress:   5 % - Polygon 2
Memory: 425/426 444/447
           Current Progress:   6 % - Mirror
Memory: 426/426 444/447
-          Current Progress:  19 % - Mirror 2
Memory: 426/426 445/447
---        Current Progress:  31 % - Rectangle 3
---        Current Progress:  33 % - Ellipse 1
---        Current Progress:  34 % - Ellipse 2
---        Current Progress:  35 % - Union
----       Current Progress:  43 % - Resolving domains
Memory: 428/428 447/447
----       Current Progress:  48 % - Rectangle 4
----       Current Progress:  49 % - Intersection
-----      Current Progress:  57 % - Resolving domains
------     Current Progress:  61 % - Difference 4
-------    Current Progress:  73 % - Resolving domains
-------    Current Progress:  74 % - Rectangle 5
-------    Current Progress:  75 % - Difference
--------   Current Progress:  86 % - Resolving domains
Memory: 429/429 447/447
--------   Current Progress:  88 % - Form Union
---------  Current Progress:  99 % - Resolving domains
---------- Current Progress: 100 % - Updating selections
Memory: 429/429 448/448
Geometriya quruldi. Domenlar soni: 10 (kutilgan: 10)
CHECKPOINT: sel_insulators OK
CHECKPOINT: sel_semi_domains OK
---------- Current Progress: 100 % - Creating visualization mesh
Memory: 429/430 446/448
CHECKPOINT: chegara selectionlari OK
CHECKPOINT: semi yaratildi
CHECKPOINT: semi.selection() -> faqat MoS2
CHECKPOINT: adm1 OK
CHECKPOINT: gc1 OK
---------- Current Progress: 100 % - Updating selections
Memory: 517/523 533/541
           Current Progress:   0 % - Interval 1
Memory: 526/528 543/545
           Current Progress:   9 % - Form Union
---------- Current Progress: 100 % - Updating selections
CHECKPOINT: tasr1 OK
CHECKPOINT: sfcd1 OK
CHECKPOINT: mc1/mc2 OK
CHECKPOINT: ion holati OK
CHECKPOINT: mesh size features OK
Number of vertex elements: 37
Number of boundary elements: 13108
-          Current Progress:  14 % - Inserting interior points
Memory: 522/528 540/545
-          Current Progress:  15 % - Inserting interior points
Memory: 522/528 541/545
--         Current Progress:  20 % - Inserting interior points
Memory: 521/528 539/545
--         Current Progress:  21 % - Inserting interior points
Memory: 522/528 541/545
--         Current Progress:  23 % - Inserting interior points
Memory: 523/528 542/545
--         Current Progress:  26 % - Inserting interior points
Memory: 524/528 542/545
---        Current Progress:  34 % - Improving element quality
Memory: 529/529 546/546
---------  Current Progress:  95 % - Improving element quality
Memory: 518/529 536/546
Number of elements: 126780
---------  Current Progress:  99 % - Finalizing mesh
Memory: 497/529 520/546
Minimum element quality: 0.05106
---------- Current Progress: 100 % - Finalizing mesh
Memory: 456/529 472/546
MESH_DOMAINS_TOTAL=10
Model qurildi (mode=transfer).
CHECKPOINT: natijalar papka OK
CHECKPOINT: view1 (full) sozlandi
-----      Current Progress:  50 % - Generating image
Memory: 554/559 564/568
---------- Current Progress: 100 % - Creating visualization mesh
Memory: 565/565 576/576
Eksport: natijalar\geom_full.png
CHECKPOINT: view1 (src edge) sozlandi
-----      Current Progress:  50 % - Generating image
Memory: 727/754 633/654
Eksport: natijalar\geom_source_edge.png
Running on 11th Gen Intel(R) Core(TM) i7-1165G7 at 2.80 GHz.
Using 1 socket with 4 cores in total on WIN-FNSSP1NOF49.
Available memory: 7.97 GB.
Number of boundary elements: 2
Number of elements: 25
           Current Progress:   6 % - Creating boundary mesh
Memory: 667/755 660/663
<---- Compile Equations: Semiconductor Equilibrium in Study 1/Solution 1 (sol1) -
Started at Sep 30, 2026, 11:06:06 PM.
Geometry shape function: Linear Lagrange
Geometry shape function: Quadratic Lagrange
Running on 11th Gen Intel(R) Core(TM) i7-1165G7 at 2.80 GHz.
Using 1 socket with 4 cores in total on WIN-FNSSP1NOF49.
Available memory: 7.97 GB.
           Current Progress:   5 % - Compile Equations: Semiconductor Equilibrium
Memory: 711/769 703/771
           Current Progress:   5 % - Creating visualization mesh
Memory: 702/769 691/771
Time: 2 s.
Physical memory: 759 MB
Virtual memory: 771 MB
Ended at Sep 30, 2026, 11:06:09 PM.
----- Compile Equations: Semiconductor Equilibrium in Study 1/Solution 1 (sol1) >
<---- Dependent Variables 1 in Study 1/Solution 1 (sol1) -----------------------
Started at Sep 30, 2026, 11:06:09 PM.
           Current Progress:   5 % - Dependent Variables 1
Memory: 718/769 707/771
Solution time: 0 s.
Physical memory: 718 MB
Virtual memory: 707 MB
Ended at Sep 30, 2026, 11:06:09 PM.
----- Dependent Variables 1 in Study 1/Solution 1 (sol1) ---------------------->
<---- Stationary Solver 1 in Study 1/Solution 1 (sol1) -------------------------
Started at Sep 30, 2026, 11:06:09 PM.
Nonlinear solver
Number of degrees of freedom solved for: 92330.
           Current Progress:   7 % - Assembling matrices
Memory: 703/769 690/771
Nonsymmetric matrix found.
Scales for dependent variables:
Electron solution variable (comp1.Ne): 1e+23
Hole solution variable (comp1.Ph): 2.7e+26
Trap occupancy (comp1.semi.tasr1.ctb1.ft): 1.7e+25
Electric potential (comp1.V): 8.8e+22
Orthonormal null-space function used.
           Current Progress:   7 % - Matrix factorization
Memory: 742/769 734/771
Iter      SolEst      ResEst     Damping    Stepsize #Res #Jac #Sol
           Current Progress:   7 % - Assembling matrices
Memory: 772/772 772/775
-          Current Progress:  11 % - Solving linear system
Memory: 775/775 774/777
   1          26     1.8e+16   0.0100000          27    3    1    3
-          Current Progress:  11 % - Assembling matrices
Memory: 776/777 775/777
-          Current Progress:  11 % - Matrix factorization
Memory: 752/777 757/777
-          Current Progress:  11 % - Solving linear system
Memory: 764/777 764/777
   2          26     2.1e+04   0.0331864          28    4    2    5
-          Current Progress:  16 % - Assembling matrices
Memory: 768/777 768/777
-          Current Progress:  16 % - Matrix factorization
Memory: 765/777 768/777
-          Current Progress:  16 % - Solving linear system
Memory: 769/777 769/777
   3         5.3     2.9e+05   0.1306141         6.5    5    3    7
---        Current Progress:  31 % - Matrix factorization
Memory: 756/777 773/777
---        Current Progress:  31 % - Solving linear system
Memory: 769/777 768/777
   4         2.4     2.7e+05   0.1155887         2.6    6    4    9
---        Current Progress:  31 % - Assembling matrices
Memory: 767/777 766/777
---        Current Progress:  31 % - Matrix factorization
Memory: 764/777 772/777
---        Current Progress:  31 % - Assembling matrices
Memory: 767/777 767/777
   5         3.5     2.6e+05   0.0313818         3.6    7    5   11
---        Current Progress:  31 % - Solving linear system
Memory: 769/777 768/777
   6         2.2     2.4e+05   0.0740783         2.3    8    6   13
---        Current Progress:  34 % - Assembling matrices
Memory: 725/777 724/777
---        Current Progress:  34 % - Matrix factorization
Memory: 721/777 732/777
---        Current Progress:  34 % - Assembling matrices
Memory: 729/777 729/777
   7         2.4     2.4e+05   0.0475477         2.5    9    7   15
---        Current Progress:  34 % - Solving linear system
Memory: 726/777 730/777
   8         1.9     2.3e+05   0.0711435           2   10    8   17
---        Current Progress:  35 % - Assembling matrices
Memory: 730/777 729/777
---        Current Progress:  35 % - Matrix factorization
Memory: 716/777 727/777
---        Current Progress:  35 % - Constraint handling
Memory: 721/777 720/777
   9         1.9     2.4e+05   0.0597612           2   11    9   19
---        Current Progress:  35 % - Assembling matrices
Memory: 728/777 727/777
---        Current Progress:  35 % - Solving linear system
Memory: 729/777 728/777
  10         1.7       3e+05   0.0751454         1.8   12   10   21
---        Current Progress:  36 % - Solving linear system
Memory: 725/777 728/777
---        Current Progress:  36 % - Matrix factorization
Memory: 716/777 727/777
---        Current Progress:  36 % - Assembling matrices
Memory: 729/777 728/777
  11         1.6     4.1e+05   0.0716850         1.7   13   11   23
---        Current Progress:  36 % - Solving linear system
Memory: 726/777 725/777
  12         1.4     6.7e+05   0.0837453         1.5   14   12   25
---        Current Progress:  37 % - Assembling matrices
Memory: 730/777 730/777
---        Current Progress:  37 % - Matrix factorization
Memory: 730/777 736/777
---        Current Progress:  37 % - Solving linear system
Memory: 733/777 732/777
  13         1.3     1.1e+06   0.0857591         1.4   15   13   27
---        Current Progress:  37 % - Matrix factorization
Memory: 709/777 727/777
---        Current Progress:  37 % - Solving linear system
Memory: 727/777 726/777
  14         1.2     1.9e+06   0.0977590         1.3   16   14   29
---        Current Progress:  38 % - Assembling matrices
Memory: 730/777 729/777
---        Current Progress:  38 % - Matrix factorization
Memory: 731/777 736/777
---        Current Progress:  38 % - Solving linear system
Memory: 732/777 732/777
  15         1.1     3.1e+06   0.1049530         1.2   17   15   31
---        Current Progress:  39 % - Matrix factorization
Memory: 720/777 737/777
---        Current Progress:  39 % - Assembling matrices
Memory: 730/777 730/777
  16        0.93     5.4e+06   0.1199924           1   18   16   33
----       Current Progress:  40 % - Assembling matrices
Memory: 728/777 727/777
----       Current Progress:  40 % - Matrix factorization
Memory: 733/777 734/777
  17        0.82     9.2e+06   0.1344347         0.9   19   17   35
----       Current Progress:  40 % - Solving linear system
Memory: 731/777 730/777
----       Current Progress:  40 % - Matrix factorization
Memory: 725/777 737/777
----       Current Progress:  40 % - Assembling matrices
Memory: 732/777 731/777
  18        0.69     1.6e+07   0.1577505        0.78   20   18   37
----       Current Progress:  41 % - Assembling matrices
Memory: 733/777 732/777
----       Current Progress:  41 % - Solving linear system
Memory: 734/777 733/777
  19        0.57     2.7e+07   0.1868451        0.66   21   19   39
----       Current Progress:  42 % - Assembling matrices
Memory: 726/777 725/777
----       Current Progress:  42 % - Matrix factorization
Memory: 723/777 734/777
----       Current Progress:  42 % - Solving linear system
Memory: 732/777 731/777
  20        0.44     4.6e+07   0.2334148        0.53   22   20   41
----       Current Progress:  43 % - Matrix factorization
Memory: 712/777 701/777
----       Current Progress:  43 % - Solving linear system
Memory: 733/777 733/777
  21        0.32     7.8e+07   0.3077876        0.41   23   21   43
----       Current Progress:  44 % - Assembling matrices
Memory: 732/777 731/777
----       Current Progress:  44 % - Matrix factorization
Memory: 721/777 728/777
----       Current Progress:  44 % - Solving linear system
Memory: 730/777 730/777
  22        0.19     1.3e+08   0.4582038        0.28   24   22   45
----       Current Progress:  45 % - Assembling matrices
Memory: 733/777 732/777
----       Current Progress:  45 % - Matrix factorization
Memory: 724/777 727/777
----       Current Progress:  45 % - Solving linear system
Memory: 731/777 730/777
  23       0.055     1.9e+08   0.8947396        0.16   25   23   47
----       Current Progress:  47 % - Matrix factorization
Memory: 711/777 728/777
----       Current Progress:  47 % - Assembling matrices
Memory: 727/777 726/777
  24     0.00068     3.8e+06   1.0000000       0.054   26   24   49
-----      Current Progress:  50 % - Assembling matrices
Memory: 730/777 729/777
-----      Current Progress:  50 % - Matrix factorization
Memory: 732/777 734/777
-----      Current Progress:  50 % - Solving linear system
Memory: 732/777 731/777
  25     6.6e-07     1.5e-05   1.0000000     0.00067   28   25   51
-----      Current Progress:  52 % - Constraint handling
Memory: 668/777 656/777
Solution time: 18 s.
Physical memory: 776 MB
Virtual memory: 775 MB
Ended at Sep 30, 2026, 11:06:26 PM.
----- Stationary Solver 1 in Study 1/Solution 1 (sol1) ------------------------>
<---- Compile Equations: Stationary in Study 1/Solution 1 (sol1) ---------------
Started at Sep 30, 2026, 11:06:26 PM.
Geometry shape function: Linear Lagrange
Geometry shape function: Quadratic Lagrange
-----      Current Progress:  54 % - Compile Equations: Stationary
Memory: 754/777 742/777
-----      Current Progress:  54 % - Creating visualization mesh
Memory: 754/777 743/777
Time: 2 s.
Physical memory: 761 MB
Virtual memory: 749 MB
Ended at Sep 30, 2026, 11:06:28 PM.
----- Compile Equations: Stationary in Study 1/Solution 1 (sol1) -------------->
<---- Dependent Variables 2 in Study 1/Solution 1 (sol1) -----------------------
Started at Sep 30, 2026, 11:06:28 PM.
Initial values of variables solved for: Solution 1 (sol1), Solution Store 1 (sol2).
Values of variables not solved for: Solution 1 (sol1).
-----      Current Progress:  54 % - Dependent Variables 2
Memory: 763/777 752/777
Solution time: 0 s.
Physical memory: 764 MB
Virtual memory: 752 MB
Ended at Sep 30, 2026, 11:06:28 PM.
----- Dependent Variables 2 in Study 1/Solution 1 (sol1) ---------------------->
<---- Stationary Solver 2 in Study 1/Solution 1 (sol1) -------------------------
Started at Sep 30, 2026, 11:06:28 PM.
Nonlinear solver
Number of degrees of freedom solved for: 95532.
-----      Current Progress:  56 % - Assembling matrices
Memory: 796/796 784/784
-----      Current Progress:  56 % - Assembling sparsity pattern
Memory: 784/803 774/793
-----      Current Progress:  56 % - Assembling matrices
Memory: 788/803 788/793
Nonsymmetric matrix found.
Scales for dependent variables:
Electron solution variable (comp1.Ne): 3.9e+25
Hole solution variable (comp1.Ph): 4.1e+27
Boundary electron concentration (comp1.semi.n_bnd): 5.1e+23
Boundary hole concentration (comp1.semi.p_bnd): 6.8e+30
Trap occupancy (comp1.semi.tasr1.ctb1.ft): 9.6e+22
Electric potential (comp1.V): 6e+17
Orthonormal null-space function used.
-----      Current Progress:  56 % - Matrix factorization
Memory: 809/809 813/814
Iter      SolEst      ResEst     Damping    Stepsize #Res #Jac #Sol
-----      Current Progress:  56 % - Assembling matrices
Memory: 838/840 855/857
------     Current Progress:  60 % - Solving linear system
Memory: 841/841 858/861
------     Current Progress:  60 % - Assembling matrices
Memory: 841/841 858/862
   1     2.4e+35     4.2e+09   0.0010000     4.1e+28    6    1    6
------     Current Progress:  60 % - Assembling sparsity pattern
Memory: 834/842 851/862
------     Current Progress:  60 % - Assembling matrices
Memory: 854/854 870/870
------     Current Progress:  60 % - Matrix factorization
Memory: 842/860 853/876
------     Current Progress:  60 % - Assembling matrices
Memory: 856/863 872/879
   2       2e+32     3.1e+05   0.0010000     8.6e+29    8    2    9
------     Current Progress:  65 % - Assembling sparsity pattern
Memory: 847/863 863/879
------     Current Progress:  65 % - Assembling matrices
Memory: 859/865 874/880
------     Current Progress:  65 % - Matrix factorization
Memory: 828/865 838/880
------     Current Progress:  65 % - Assembling matrices
Memory: 857/865 871/880
   3     1.2e+02     3.1e+07   0.0010000     1.2e+02   10    3   12
--------   Current Progress:  88 % - Assembling matrices
Memory: 857/865 872/880
--------   Current Progress:  88 % - Matrix factorization
Memory: 818/865 833/880
--------   Current Progress:  88 % - Solving linear system
Memory: 848/865 864/880
   4       5e+02     3.1e+07   0.0010000     4.4e+02   12    4   15
--------   Current Progress:  88 % - Assembling matrices
Memory: 851/865 866/880
--------   Current Progress:  88 % - Matrix factorization
Memory: 833/865 842/880
--------   Current Progress:  88 % - Solving linear system
Memory: 852/865 867/880
--------   Current Progress:  88 % - Assembling matrices
   5     1.8e+03     3.1e+07   0.0010000     1.4e+03   14    5   18
--------   Current Progress:  88 % - Matrix factorization
Memory: 824/865 833/880
--------   Current Progress:  88 % - Assembling matrices
Memory: 854/865 868/880
   6     6.2e+03     3.1e+07   0.0010000     3.9e+03   17    6   22
--------   Current Progress:  88 % - Matrix factorization
Memory: 834/865 843/880
--------   Current Progress:  88 % - Solving linear system
Memory: 854/865 868/880
--------   Current Progress:  88 % - Assembling matrices
--------   Current Progress:  88 % - Solving linear system
   7       4e+03       3e+07   0.0010000     3.6e+03   20    7   26
--------   Current Progress:  88 % - Assembling matrices
Memory: 856/865 870/880
--------   Current Progress:  88 % - Matrix factorization
Memory: 837/865 846/880
--------   Current Progress:  88 % - Solving linear system
Memory: 854/865 868/880
--------   Current Progress:  88 % - Assembling matrices
--------   Current Progress:  88 % - Solving linear system
   8     2.6e+03       3e+07   0.0010000     2.4e+03   24    8   31
--------   Current Progress:  88 % - Assembling matrices
Memory: 856/865 870/880
--------   Current Progress:  88 % - Matrix factorization
Memory: 837/865 846/880
--------   Current Progress:  88 % - Assembling matrices
Memory: 854/865 868/880
   9     9.1e+04       3e+07   0.0010000     2.8e+04   26    9   34
--------   Current Progress:  88 % - Matrix factorization
Memory: 843/865 854/880
--------   Current Progress:  88 % - Solving linear system
Memory: 854/865 868/880
  10          92       3e+07   0.0010191          92   27   10   36
---------  Current Progress:  95 % - Assembling matrices
Memory: 856/865 870/880
---------  Current Progress:  95 % - Constraint handling
Memory: 854/865 868/880
---------  Current Progress:  95 % - Matrix factorization
Memory: 834/865 843/880
---------  Current Progress:  95 % - Assembling matrices
Memory: 854/865 868/880
  11     1.1e+02       3e+07   0.0001019     1.1e+02   28   11   38
---------  Current Progress:  95 % - Matrix factorization
Memory: 840/865 849/880
---------  Current Progress:  95 % - Assembling matrices
Memory: 854/865 868/880
  12     1.8e+04       3e+07   0.0010000     5.1e+03   30   12   41
---------  Current Progress:  95 % - Matrix factorization
Memory: 837/865 846/880
---------  Current Progress:  95 % - Solving linear system
Memory: 854/865 868/880
  13          57       3e+07   0.0008789          57   31   13   43
---------  Current Progress:  96 % - Assembling matrices
Memory: 856/865 870/880
---------  Current Progress:  96 % - Matrix factorization
Memory: 821/865 835/880
---------  Current Progress:  96 % - Solving linear system
Memory: 849/865 865/880
---------  Current Progress:  96 % - Assembling matrices
Memory: 850/865 865/880
  14     1.8e+02       3e+07   0.0010000     1.7e+02   33   14   46
---------  Current Progress:  96 % - Matrix factorization
Memory: 841/865 852/880
---------  Current Progress:  96 % - Assembling matrices
Memory: 853/865 867/880
  15          63       3e+07   0.0003051          63   34   15   48
---------  Current Progress:  96 % - Matrix factorization
Memory: 842/865 852/880
---------  Current Progress:  96 % - Assembling matrices
Memory: 853/865 867/880
---------  Current Progress:  96 % - Solving linear system
  16     1.1e+04       3e+07   0.0010000     3.8e+03   36   16   51
---------  Current Progress:  96 % - Assembling matrices
Memory: 855/865 870/880
---------  Current Progress:  96 % - Matrix factorization
Memory: 836/865 846/880
---------  Current Progress:  96 % - Assembling matrices
Memory: 853/865 867/880
  17          72       3e+07   0.0001000          72   38   17   54
---------  Current Progress:  96 % - Matrix factorization
Memory: 839/865 849/880
---------  Current Progress:  96 % - Assembling matrices
Memory: 853/865 868/880
---------  Current Progress:  96 % - Solving linear system
  18     8.6e+02       3e+07   0.0010000     6.6e+02   40   18   57
---------  Current Progress:  96 % - Assembling matrices
Memory: 856/865 870/880
---------  Current Progress:  96 % - Matrix factorization
Memory: 837/865 846/880
---------  Current Progress:  96 % - Solving linear system
Memory: 854/865 868/880
  19          45       3e+07   0.0004565          45   41   19   59
---------  Current Progress:  96 % - Assembling matrices
Memory: 856/865 870/880
---------  Current Progress:  96 % - Matrix factorization
Memory: 834/865 844/880
---------  Current Progress:  96 % - Solving linear system
Memory: 854/865 868/880
  20          92       3e+07   0.0001000          92   42   20   61
---------  Current Progress:  96 % - Assembling matrices
Memory: 856/865 870/880
---------  Current Progress:  96 % - Matrix factorization
Memory: 839/865 849/880
---------  Current Progress:  96 % - Solving linear system
Memory: 854/865 868/880
  21     3.6e+02       3e+07   0.0001000     3.6e+02   43   21   63
---------  Current Progress:  96 % - Assembling matrices
Memory: 856/865 870/880
---------  Current Progress:  96 % - Matrix factorization
Memory: 858/865 875/880
---------  Current Progress:  96 % - Solving linear system
Memory: 853/865 868/880
  22          63       3e+07   0.0001859          63   44   22   65
---------  Current Progress:  96 % - Assembling matrices
Memory: 856/865 870/880
---------  Current Progress:  96 % - Matrix factorization
Memory: 837/865 846/880
---------  Current Progress:  96 % - Solving linear system
Memory: 854/865 868/880
  23     1.5e+02       3e+07   0.0001000     1.5e+02   45   23   67
---------  Current Progress:  96 % - Assembling matrices
Memory: 856/865 870/880
---------  Current Progress:  96 % - Matrix factorization
Memory: 834/865 843/880
---------  Current Progress:  96 % - Solving linear system
Memory: 854/865 868/880
  24       2e+02       3e+07   0.0001197       2e+02   46   24   69
---------  Current Progress:  96 % - Assembling matrices
Memory: 856/865 870/880
---------  Current Progress:  96 % - Matrix factorization
Memory: 832/865 843/880
---------  Current Progress:  96 % - Assembling matrices
Memory: 854/865 868/880
  25     1.3e+02       3e+07   0.0001000     1.3e+02   47   25   71
---------  Current Progress:  96 % - Matrix factorization
Memory: 841/865 855/880
---------  Current Progress:  96 % - Assembling matrices
Memory: 854/865 868/880
  26          96       3e+07   0.0001369          96   48   26   73
---------  Current Progress:  96 % - Matrix factorization
Memory: 837/865 846/880
---------  Current Progress:  96 % - Solving linear system
Memory: 854/865 868/880
  27          84       3e+07   0.0001000          84   49   27   75
---------  Current Progress:  96 % - Assembling matrices
Memory: 856/865 870/880
---------  Current Progress:  96 % - Matrix factorization
Memory: 837/865 846/880
  28       3e+02       3e+07   0.0001033       3e+02   50   28   77
---------  Current Progress:  96 % - Solving linear system
Memory: 854/865 868/880
---------  Current Progress:  96 % - Assembling matrices
Memory: 856/865 870/880
---------  Current Progress:  96 % - Matrix factorization
Memory: 837/865 846/880
---------  Current Progress:  96 % - Solving linear system
Memory: 854/865 868/880
---------  Current Progress:  96 % - Assembling matrices
---------  Current Progress:  96 % - Solving linear system
Memory: 854/865 871/880
  29     1.3e+02       3e+07   0.0010000     1.2e+02   53   29   81
---------  Current Progress:  96 % - Assembling matrices
Memory: 856/865 870/880
---------  Current Progress:  96 % - Matrix factorization
Memory: 837/865 846/880
---------  Current Progress:  96 % - Assembling matrices
Memory: 854/865 868/880
  30     4.1e+02       3e+07   0.0010000     3.8e+02   55   30   84
---------  Current Progress:  96 % - Matrix factorization
Memory: 839/865 849/880
---------  Current Progress:  96 % - Assembling matrices
Memory: 854/865 868/880
  31          37       3e+07   0.0006320          37   56   31   86
---------  Current Progress:  97 % - Assembling matrices
Memory: 856/865 870/880
---------  Current Progress:  97 % - Matrix factorization
Memory: 844/865 853/880
---------  Current Progress:  97 % - Assembling matrices
Memory: 854/865 868/880
  32          51       3e+07   0.0001364          51   57   32   88
---------  Current Progress:  97 % - Matrix factorization
Memory: 837/865 846/880
---------  Current Progress:  97 % - Solving linear system
Memory: 854/865 868/880
  33     1.2e+02       3e+07   0.0001000     1.2e+02   58   33   90
---------  Current Progress:  97 % - Assembling matrices
Memory: 856/865 870/880
---------  Current Progress:  97 % - Solving linear system
Memory: 854/865 868/880
---------  Current Progress:  97 % - Assembling matrices
---------  Current Progress:  97 % - Solving linear system
  34          75       3e+07   0.0010000          74   61   34   94
---------  Current Progress:  97 % - Assembling matrices
Memory: 856/865 870/880
---------  Current Progress:  97 % - Matrix factorization
Memory: 837/865 846/880
---------  Current Progress:  97 % - Solving linear system
Memory: 854/865 868/880
  35     5.4e+02       3e+07   0.0010000     4.6e+02   63   35   97
---------  Current Progress:  97 % - Assembling matrices
Memory: 856/865 870/880
---------  Current Progress:  97 % - Matrix factorization
Memory: 833/865 844/880
---------  Current Progress:  97 % - Assembling matrices
Memory: 854/865 868/880
---------  Current Progress:  97 % - Solving linear system
  36     5.2e+02       3e+07   0.0010000     5.1e+02   66   36  101
---------  Current Progress:  97 % - Assembling matrices
Memory: 856/865 870/880
---------  Current Progress:  97 % - Matrix factorization
Memory: 837/865 846/880
  37          47       3e+07   0.0007736          47   67   37  103
---------  Current Progress:  98 % - Assembling matrices
Memory: 856/865 870/880
---------  Current Progress:  98 % - Matrix factorization
Memory: 851/865 868/880
---------  Current Progress:  98 % - Solving linear system
Memory: 854/865 868/880
  38          49       3e+07   0.0002749          49   68   38  105
---------  Current Progress:  98 % - Assembling matrices
Memory: 856/865 870/880
---------  Current Progress:  98 % - Matrix factorization
Memory: 824/865 834/880
---------  Current Progress:  98 % - Solving linear system
Memory: 854/865 868/880
  39          65       3e+07   0.0001000          65   69   39  107
---------  Current Progress:  98 % - Assembling matrices
Memory: 856/865 870/880
---------  Current Progress:  98 % - Matrix factorization
Memory: 832/865 843/880
---------  Current Progress:  98 % - Assembling matrices
Memory: 854/865 868/880
  40     2.9e+02       3e+07   0.0001000     2.9e+02   70   40  109
---------  Current Progress:  98 % - Matrix factorization
Memory: 831/865 875/880
---------  Current Progress:  98 % - Assembling matrices
Memory: 854/865 868/880
  41     5.5e+02       3e+07   0.0010000     4.6e+02   72   41  112
---------  Current Progress:  98 % - Matrix factorization
Memory: 837/865 846/880
---------  Current Progress:  98 % - Assembling matrices
Memory: 854/865 868/880
  42     1.9e+03       3e+07   0.0010000     1.3e+03   75   42  116
---------  Current Progress:  98 % - Matrix factorization
Memory: 832/865 843/880
---------  Current Progress:  98 % - Assembling matrices
Memory: 854/865 868/880
  43          41       3e+07   0.0006969          41   76   43  118
---------  Current Progress:  98 % - Matrix factorization
Memory: 843/865 853/880
