*******************************************
***COMSOL 6.0.0.318 progress output file***
*******************************************
Wed Sep 30 22:01:37 UZT 2026
COMSOL Multiphysics 6.0 (Build: 318) starting in batch mode
Running: C:\comsol_tranzistor\ish\model\MoS2Fet.class
params.txt o'qildi: C:\comsol_tranzistor\ish\model\params.txt
---------- Current Progress: 100 % - Updating selections
Memory: 438/442 470/476
           Current Progress:   0 % - Rectangle
Memory: 477/477 528/537
           Current Progress:   1 % - Rectangle 2
Memory: 478/478 529/537
           Current Progress:   3 % - Rectangle 2a
Memory: 479/479 529/537
           Current Progress:   4 % - Polygon
           Current Progress:   5 % - Polygon 2
Memory: 480/480 529/537
           Current Progress:   6 % - Mirror
-          Current Progress:  19 % - Mirror 2
---        Current Progress:  31 % - Rectangle 3
Memory: 481/481 529/537
---        Current Progress:  33 % - Ellipse 1
---        Current Progress:  34 % - Ellipse 2
---        Current Progress:  35 % - Union
----       Current Progress:  43 % - Resolving domains
----       Current Progress:  48 % - Rectangle 4
Memory: 481/481 530/537
----       Current Progress:  49 % - Intersection
Memory: 482/482 531/537
-----      Current Progress:  57 % - Resolving domains
Memory: 483/483 531/537
------     Current Progress:  61 % - Difference 4
-------    Current Progress:  73 % - Resolving domains
-------    Current Progress:  74 % - Rectangle 5
-------    Current Progress:  75 % - Difference
--------   Current Progress:  86 % - Resolving domains
--------   Current Progress:  88 % - Form Union
Memory: 484/484 531/537
---------  Current Progress:  99 % - Resolving domains
---------- Current Progress: 100 % - Updating selections
Memory: 484/485 531/537
Geometriya quruldi. Domenlar soni: 10 (kutilgan: 10)
CHECKPOINT: sel_insulators OK
CHECKPOINT: sel_semi_domains OK
---------- Current Progress: 100 % - Creating visualization mesh
Memory: 492/494 530/537
CHECKPOINT: chegara selectionlari OK
CHECKPOINT: semi yaratildi
CHECKPOINT: semi.selection().named OK
FATAL: Cannot_create_feature_in_the_specified_element_dimension
Class run time: 8 s.
Saving model: C:\comsol_tranzistor\ish\model\MoS2Fet_Model.mph
Save time: 0 s.
Total time: 8 s.
---------- Current Progress: 100 % - Done
Memory: 516/546 535/565
