*******************************************
***COMSOL 6.0.0.318 progress output file***
*******************************************
Wed Sep 30 22:25:41 UZT 2026
COMSOL Multiphysics 6.0 (Build: 318) starting in batch mode
Running: C:\comsol_tranzistor\ish\model\MoS2Fet.class
params.txt o'qildi: C:\comsol_tranzistor\ish\model\params.txt
---------- Current Progress: 100 % - Updating selections
Memory: 379/379 406/406
           Current Progress:   0 % - Rectangle
Memory: 412/413 437/439
           Current Progress:   1 % - Rectangle 2
Memory: 414/416 439/441
           Current Progress:   3 % - Rectangle 2a
           Current Progress:   4 % - Polygon
           Current Progress:   5 % - Polygon 2
Memory: 415/416 439/441
           Current Progress:   6 % - Mirror
-          Current Progress:  19 % - Mirror 2
---        Current Progress:  31 % - Rectangle 3
Memory: 416/416 439/441
---        Current Progress:  33 % - Ellipse 1
---        Current Progress:  34 % - Ellipse 2
---        Current Progress:  35 % - Union
Memory: 418/418 442/442
----       Current Progress:  43 % - Resolving domains
Memory: 419/419 442/442
----       Current Progress:  48 % - Rectangle 4
----       Current Progress:  49 % - Intersection
Memory: 418/419 442/442
-----      Current Progress:  57 % - Resolving domains
Memory: 419/419 442/442
------     Current Progress:  61 % - Difference 4
-------    Current Progress:  73 % - Resolving domains
Memory: 420/420 443/443
-------    Current Progress:  74 % - Rectangle 5
-------    Current Progress:  75 % - Difference
--------   Current Progress:  86 % - Resolving domains
--------   Current Progress:  88 % - Form Union
Memory: 420/420 444/444
---------  Current Progress:  99 % - Resolving domains
Memory: 421/421 444/444
---------- Current Progress: 100 % - Updating selections
Memory: 422/422 445/445
Geometriya quruldi. Domenlar soni: 10 (kutilgan: 10)
CHECKPOINT: sel_insulators OK
CHECKPOINT: sel_semi_domains OK
---------- Current Progress: 100 % - Creating visualization mesh
Memory: 421/426 443/448
CHECKPOINT: chegara selectionlari OK
CHECKPOINT: semi yaratildi
CHECKPOINT: semi.selection().named OK
CHECKPOINT: smm_sio2 OK
CHECKPOINT: smm_f4 OK
CHECKPOINT: smm_water OK
CHECKPOINT: smm_air OK
CHECKPOINT: adm1 OK
CHECKPOINT: gc1 OK
CHECKPOINT: gcSrc OK
CHECKPOINT: gcDrain OK
CHECKPOINT: mc1/mc2 OK
CHECKPOINT: ion holati OK
CHECKPOINT: mesh size features OK
Number of vertex elements: 37
Number of boundary elements: 14705
-          Current Progress:  10 % - Preparing for advancing front meshing
Memory: 582/606 603/624
-          Current Progress:  13 % - Inserting interior points
Memory: 604/606 624/624
-          Current Progress:  15 % - Inserting interior points
Memory: 604/606 625/625
------     Current Progress:  63 % - Improving element quality
Memory: 605/606 625/625
------     Current Progress:  68 % - Inserting interior points
Memory: 607/607 628/628
-------    Current Progress:  71 % - Inserting interior points
Memory: 608/608 628/628
--------   Current Progress:  81 % - Preparing for advancing front meshing
Memory: 609/609 629/629
--------   Current Progress:  82 % - Inserting interior points
Memory: 624/624 644/644
--------   Current Progress:  83 % - Inserting interior points
--------   Current Progress:  84 % - Inserting interior points
Memory: 584/626 611/646
--------   Current Progress:  85 % - Inserting interior points
Memory: 586/626 613/646
--------   Current Progress:  86 % - Inserting interior points
Memory: 570/626 589/646
--------   Current Progress:  87 % - Inserting interior points
Memory: 573/626 592/646
--------   Current Progress:  88 % - Inserting interior points
Memory: 568/626 589/646
--------   Current Progress:  89 % - Inserting interior points
Memory: 571/626 591/646
---------  Current Progress:  90 % - Inserting interior points
Memory: 574/626 595/646
---------  Current Progress:  91 % - Inserting interior points
Memory: 564/626 583/646
---------  Current Progress:  92 % - Inserting interior points
Memory: 565/626 586/646
---------  Current Progress:  94 % - Improving element quality
Memory: 568/626 589/646
---------  Current Progress:  95 % - Improving element quality
Memory: 570/626 591/646
Number of elements: 198377
---------  Current Progress:  99 % - Finalizing mesh
Memory: 603/626 630/646
---------- Current Progress: 100 % - Finalizing mesh
Memory: 556/626 580/646
Minimum element quality: 0.1007
MESH_DOMAINS_TOTAL=10
Model qurildi (mode=transfer).
STOP_AFTER_MESH so'ralgan - yechimga o'tilmaydi.
FATAL: java.lang.RuntimeException: STOP_AFTER_MESH
java.lang.RuntimeException: STOP_AFTER_MESH
	at MoS2Fet.build(MoS2Fet.class:500)
	at MoS2Fet.main(MoS2Fet.class:47)
	at java.base/jdk.internal.reflect.NativeMethodAccessorImpl.invoke0(Native Method)
	at java.base/jdk.internal.reflect.NativeMethodAccessorImpl.invoke(Unknown Source)
	at java.base/jdk.internal.reflect.DelegatingMethodAccessorImpl.invoke(Unknown Source)
	at java.base/java.lang.reflect.Method.invoke(Unknown Source)
	at com.comsol.util.application.CsBaseApplication.a(SourceFile:859)
	at com.comsol.util.security.a.a(SourceFile:40)
	at com.comsol.util.application.CsBaseApplication.runExternalClassStat(SourceFile:858)
	at com.comsol.util.application.CsBaseApplication.runExternalClass(SourceFile:819)
	at com.comsol.util.compile.g$1.a(SourceFile:63)
	at com.comsol.util.compile.g$1.call(SourceFile:1)
	at java.base/java.util.concurrent.FutureTask.run(Unknown Source)
	at java.base/java.util.concurrent.ThreadPoolExecutor.runWorker(Unknown Source)
	at java.base/java.util.concurrent.ThreadPoolExecutor$Worker.run(Unknown Source)
	at java.base/java.lang.Thread.run(Unknown Source)
Class run time: 36 s.
Saving model: C:\comsol_tranzistor\ish\model\MoS2Fet_Model.mph
Save time: 0 s.
Total time: 37 s.
---------- Current Progress: 100 % - Done
Memory: 581/626 605/646
