*******************************************
***COMSOL 6.0.0.318 progress output file***
*******************************************
Thu Oct 01 02:34:34 UZT 2026
COMSOL Multiphysics 6.0 (Build: 318) starting in batch mode
Running: C:\comsol_tranzistor\ish\model\MoS2Fet.class
params.txt o'qildi: C:\comsol_tranzistor\ish\model\params.txt
---------- Current Progress: 100 % - Updating selections
Memory: 388/395 420/426
           Current Progress:   0 % - Rectangle
Memory: 404/410 437/443
           Current Progress:   1 % - Rectangle 2
Memory: 406/410 438/443
           Current Progress:   3 % - Rectangle 2a
           Current Progress:   4 % - Polygon
           Current Progress:   5 % - Polygon 2
Memory: 407/410 438/443
           Current Progress:   6 % - Mirror
-          Current Progress:  19 % - Mirror 2
---        Current Progress:  31 % - Rectangle 3
Memory: 404/410 435/443
---        Current Progress:  33 % - Ellipse 1
Memory: 405/410 435/443
---        Current Progress:  34 % - Ellipse 2
---        Current Progress:  35 % - Union
----       Current Progress:  43 % - Resolving domains
----       Current Progress:  48 % - Rectangle 4
Memory: 405/410 436/443
----       Current Progress:  49 % - Intersection
Memory: 403/410 433/443
-----      Current Progress:  57 % - Resolving domains
Memory: 404/410 433/443
------     Current Progress:  61 % - Difference 4
-------    Current Progress:  73 % - Resolving domains
Memory: 404/410 434/443
-------    Current Progress:  74 % - Rectangle 5
-------    Current Progress:  75 % - Difference
--------   Current Progress:  86 % - Resolving domains
--------   Current Progress:  88 % - Form Union
---------  Current Progress:  99 % - Resolving domains
---------- Current Progress: 100 % - Updating selections
Memory: 405/410 434/443
Geometriya quruldi. Domenlar soni: 10 (kutilgan: 10)
CHECKPOINT: sel_insulators OK
CHECKPOINT: sel_semi_domains OK
---------- Current Progress: 100 % - Creating visualization mesh
Memory: 407/410 435/443
CHECKPOINT: chegara selectionlari OK
CHECKPOINT: semi yaratildi
CHECKPOINT: semi.selection() -> faqat MoS2
CHECKPOINT: adm1 OK
CHECKPOINT: gc1 OK
CHECKPOINT: sfit (D_it, SurfaceChargeDensity) OK
CHECKPOINT: mc1/mc2 OK
CHECKPOINT: ion holati OK
CHECKPOINT: mesh size features OK
Number of vertex elements: 37
           Current Progress:   6 % - Adjusting boundary mesh
Memory: 472/520 489/536
Number of boundary elements: 15129
-          Current Progress:  15 % - Inserting interior points
Memory: 491/520 513/536
--         Current Progress:  21 % - Inserting interior points
Memory: 492/520 513/536
---        Current Progress:  33 % - Improving element quality
Memory: 494/520 515/536
---        Current Progress:  37 % - Improving element quality
Memory: 495/520 514/536
------     Current Progress:  67 % - Preparing for advancing front meshing
Memory: 496/520 516/536
-------    Current Progress:  72 % - Inserting interior points
Memory: 497/520 516/536
-------    Current Progress:  75 % - Inserting interior points
---------  Current Progress:  95 % - Preparing for advancing front meshing
Memory: 503/520 526/536
---------  Current Progress:  95 % - Inserting interior points
Memory: 515/520 535/536
---------  Current Progress:  95 % - Improving element quality
Memory: 471/520 491/536
Number of elements: 152778
---------  Current Progress:  99 % - Finalizing mesh
Memory: 498/520 522/536
Minimum element quality: 0.2344
---------- Current Progress: 100 % - Finalizing mesh
Memory: 460/520 483/536
MESH_DOMAINS_TOTAL=10
Model qurildi (mode=transfer).
CHECKPOINT: natijalar papka OK
CHECKPOINT: view1 (full) sozlandi
-----      Current Progress:  50 % - Generating image
Memory: 531/541 543/543
---------- Current Progress: 100 % - Creating visualization mesh
Memory: 538/541 549/549
Eksport: natijalar\geom_full.png
CHECKPOINT: view1 (src edge) sozlandi
-----      Current Progress:  50 % - Generating image
Memory: 709/712 616/616
Eksport: natijalar\geom_source_edge.png
<---- Compile Equations: Semiconductor Equilibrium in Study 1/Solution 1 (sol1) -
Started at Oct 1, 2026, 2:35:01 AM.
Geometry shape function: Linear Lagrange
Running on 11th Gen Intel(R) Core(TM) i7-1165G7 at 2.80 GHz.
Using 1 socket with 4 cores in total on WIN-FNSSP1NOF49.
Available memory: 7.97 GB.
           Current Progress:   2 % - Compile Equations: Semiconductor Equilibrium
Memory: 710/801 703/795
           Current Progress:   3 % - Compile Equations: Semiconductor Equilibrium
Memory: 690/801 684/795
           Current Progress:   3 % - Creating visualization mesh
Memory: 702/801 693/795
Time: 2 s.
Physical memory: 773 MB
Virtual memory: 767 MB
Ended at Oct 1, 2026, 2:35:03 AM.
----- Compile Equations: Semiconductor Equilibrium in Study 1/Solution 1 (sol1) >
<---- Dependent Variables 1 in Study 1/Solution 1 (sol1) -----------------------
Started at Oct 1, 2026, 2:35:03 AM.
           Current Progress:   3 % - Dependent Variables 1
Memory: 709/801 701/795
Solution time: 0 s.
Physical memory: 709 MB
Virtual memory: 701 MB
Ended at Oct 1, 2026, 2:35:03 AM.
----- Dependent Variables 1 in Study 1/Solution 1 (sol1) ---------------------->
<---- Stationary Solver 1 in Study 1/Solution 1 (sol1) -------------------------
Started at Oct 1, 2026, 2:35:03 AM.
Nonlinear solver
Number of degrees of freedom solved for: 138873.
           Current Progress:   5 % - Assembling sparsity pattern
Memory: 738/801 726/795
           Current Progress:   5 % - Assembling matrices
Memory: 696/801 704/795
Nonsymmetric matrix found.
Scales for dependent variables:
Electron solution variable (comp1.Ne): 1e+23
Hole solution variable (comp1.Ph): 2.7e+26
Electric potential (comp1.V): 1.7e+21
Orthonormal null-space function used.
           Current Progress:   5 % - Matrix factorization
Memory: 736/801 739/795
Iter      SolEst      ResEst     Damping    Stepsize #Res #Jac #Sol
           Current Progress:   5 % - Assembling matrices
Memory: 767/801 778/795
           Current Progress:   9 % - Solving linear system
Memory: 773/801 784/795
   1          31     2.3e+16   0.0100000          31    3    1    3
           Current Progress:   9 % - Assembling sparsity pattern
Memory: 784/801 796/796
           Current Progress:   9 % - Matrix factorization
Memory: 742/801 777/799
           Current Progress:   9 % - Solving linear system
Memory: 769/801 778/799
   2          32       3e+04   0.0341210          34    4    2    5
-          Current Progress:  14 % - Assembling matrices
Memory: 777/801 786/799
-          Current Progress:  14 % - Matrix factorization
Memory: 746/801 777/799
-          Current Progress:  14 % - Solving linear system
Memory: 768/801 775/799
   3         1.7     1.1e+06   0.1697360         4.3    5    3    7
---        Current Progress:  33 % - Matrix factorization
Memory: 745/801 787/799
---        Current Progress:  33 % - Solving linear system
Memory: 777/801 787/799
   4        0.55     5.3e+05   0.6311462         1.4    6    4    9
---        Current Progress:  33 % - Assembling matrices
Memory: 771/801 780/799
---        Current Progress:  33 % - Matrix factorization
Memory: 768/801 788/799
---        Current Progress:  33 % - Assembling matrices
Memory: 776/801 786/799
   5        0.14     9.2e+04   0.8564781        0.49    7    5   11
---        Current Progress:  35 % - Assembling matrices
Memory: 774/801 784/799
---        Current Progress:  35 % - Matrix factorization
Memory: 760/801 789/799
---        Current Progress:  35 % - Solving linear system
Memory: 776/801 786/799
   6      0.0046     2.4e+03   1.0000000        0.12    8    6   13
----       Current Progress:  43 % - Assembling matrices
Memory: 774/801 784/799
----       Current Progress:  43 % - Matrix factorization
Memory: 758/801 789/799
----       Current Progress:  43 % - Solving linear system
Memory: 777/801 787/799
   7     1.4e-06        0.52   1.0000000      0.0046    9    7   15
-----      Current Progress:  50 % - Matrix factorization
Memory: 740/801 778/799
-----      Current Progress:  50 % - Solving linear system
Memory: 769/801 776/799
   8     5.5e-13     1.1e-08   1.0000000     1.2e-06   11    8   17
-----      Current Progress:  50 % - Constraint handling
Memory: 676/801 666/799
Solution time: 9 s.
Physical memory: 784 MB
Virtual memory: 796 MB
Ended at Oct 1, 2026, 2:35:12 AM.
----- Stationary Solver 1 in Study 1/Solution 1 (sol1) ------------------------>
<---- Compile Equations: Stationary in Study 1/Solution 1 (sol1) ---------------
Started at Oct 1, 2026, 2:35:12 AM.
Geometry shape function: Linear Lagrange
-----      Current Progress:  52 % - Compile Equations: Stationary
Memory: 761/801 753/799
-----      Current Progress:  52 % - Creating visualization mesh
Memory: 749/801 741/799
Time: 2 s.
Physical memory: 761 MB
Virtual memory: 753 MB
Ended at Oct 1, 2026, 2:35:14 AM.
----- Compile Equations: Stationary in Study 1/Solution 1 (sol1) -------------->
<---- Dependent Variables 2 in Study 1/Solution 1 (sol1) -----------------------
Started at Oct 1, 2026, 2:35:14 AM.
Initial values of variables solved for: Solution 1 (sol1), Solution Store 1 (sol2).
Values of variables not solved for: Solution 1 (sol1).
-----      Current Progress:  52 % - Dependent Variables 2
Memory: 768/801 759/799
Solution time: 0 s.
Physical memory: 768 MB
Virtual memory: 759 MB
Ended at Oct 1, 2026, 2:35:14 AM.
----- Dependent Variables 2 in Study 1/Solution 1 (sol1) ---------------------->
<---- Stationary Solver 2 in Study 1/Solution 1 (sol1) -------------------------
Started at Oct 1, 2026, 2:35:14 AM.
Nonlinear solver
Number of degrees of freedom solved for: 138873.
-----      Current Progress:  55 % - Assembling matrices
Memory: 777/801 770/799
-----      Current Progress:  55 % - Assembling sparsity pattern
Memory: 785/801 778/799
-----      Current Progress:  55 % - Assembling matrices
Memory: 835/855 832/852
Nonsymmetric matrix found.
Scales for dependent variables:
Electron solution variable (comp1.Ne): 3.7e+25
Hole solution variable (comp1.Ph): 2.3e+29
Electric potential (comp1.V): 3.1e+19
Orthonormal null-space function used.
-----      Current Progress:  55 % - Matrix factorization
Memory: 870/875 882/890
Iter      SolEst      ResEst     Damping    Stepsize #Res #Jac #Sol
-----      Current Progress:  55 % - Assembling matrices
Memory: 940/940 997/998
   1         2.6       1e+05   0.1000000           3    2    1    2
-----      Current Progress:  59 % - Assembling sparsity pattern
Memory: 920/940 976/999
-----      Current Progress:  59 % - Assembling matrices
Memory: 956/977 1012/1034
-----      Current Progress:  59 % - Matrix factorization
Memory: 877/977 976/1034
-----      Current Progress:  59 % - Assembling matrices
Memory: 943/977 999/1034
   2        0.55     1.2e+06   0.5352114        0.58    3    2    4
------     Current Progress:  64 % - Assembling sparsity pattern
Memory: 927/977 982/1034
------     Current Progress:  64 % - Assembling matrices
Memory: 947/977 1002/1034
------     Current Progress:  64 % - Matrix factorization
Memory: 882/977 972/1034
------     Current Progress:  64 % - Assembling matrices
Memory: 913/977 970/1034
   3         1.8     6.3e+05   0.5595219         7.9    4    3    6
------     Current Progress:  64 % - Matrix factorization
Memory: 900/977 954/1034
------     Current Progress:  64 % - Assembling matrices
Memory: 911/977 966/1034
   4        0.28     7.6e+04   0.9836829        0.51    5    4    8
--------   Current Progress:  84 % - Assembling matrices
Memory: 914/977 968/1034
--------   Current Progress:  84 % - Matrix factorization
Memory: 881/977 991/1034
--------   Current Progress:  84 % - Solving linear system
Memory: 929/977 987/1034
   5      0.0052     6.7e+02   1.0000000        0.19    6    5   10
---------  Current Progress:  92 % - Assembling matrices
Memory: 929/977 986/1034
---------  Current Progress:  92 % - Matrix factorization
Memory: 918/977 981/1034
---------  Current Progress:  92 % - Assembling matrices
Memory: 932/977 989/1034
   6     1.4e-07       0.012   1.0000000      0.0052    7    6   12
---------- Current Progress: 100 % - Assembling matrices
Memory: 930/977 987/1034
---------- Current Progress: 100 % - Matrix factorization
Memory: 888/977 991/1034
---------- Current Progress: 100 % - Solving linear system
Memory: 931/977 988/1034
---------- Current Progress: 100 % - Assembling matrices
Memory: 927/977 984/1034
   7       2e-15     3.8e-05   1.0000000     1.3e-07    9    7   14
---------- Current Progress: 100 % - Constraint handling
Memory: 788/977 822/1034
Solution time: 12 s.
Physical memory: 956 MB
Virtual memory: 1012 MB
Ended at Oct 1, 2026, 2:35:26 AM.
----- Stationary Solver 2 in Study 1/Solution 1 (sol1) ------------------------>
<---- Compile Equations: Semiconductor Equilibrium in Study 1/Solution 1 (sol1) -
Started at Oct 1, 2026, 2:35:28 AM.
Geometry shape function: Linear Lagrange
Running on 11th Gen Intel(R) Core(TM) i7-1165G7 at 2.80 GHz.
Using 1 socket with 4 cores in total on WIN-FNSSP1NOF49.
Available memory: 7.97 GB.
           Current Progress:   2 % - Compile Equations: Semiconductor Equilibrium
Memory: 860/977 897/1034
           Current Progress:   3 % - Compile Equations: Semiconductor Equilibrium
Memory: 832/977 865/1034
           Current Progress:   3 % - Creating visualization mesh
Time: 1 s.
Physical memory: 860 MB
Virtual memory: 897 MB
Ended at Oct 1, 2026, 2:35:30 AM.
----- Compile Equations: Semiconductor Equilibrium in Study 1/Solution 1 (sol1) >
<---- Dependent Variables 1 in Study 1/Solution 1 (sol1) -----------------------
Started at Oct 1, 2026, 2:35:30 AM.
           Current Progress:   3 % - Dependent Variables 1
Memory: 840/977 872/1034
Solution time: 0 s.
Physical memory: 841 MB
Virtual memory: 874 MB
Ended at Oct 1, 2026, 2:35:30 AM.
----- Dependent Variables 1 in Study 1/Solution 1 (sol1) ---------------------->
<---- Stationary Solver 1 in Study 1/Solution 1 (sol1) -------------------------
Started at Oct 1, 2026, 2:35:30 AM.
Nonlinear solver
Number of degrees of freedom solved for: 138873.
           Current Progress:   5 % - Assembling matrices
Memory: 859/977 891/1034
Nonsymmetric matrix found.
Scales for dependent variables:
Electron solution variable (comp1.Ne): 1e+23
Hole solution variable (comp1.Ph): 1.6e+24
Electric potential (comp1.V): 8.1e+20
Orthonormal null-space function used.
           Current Progress:   5 % - Matrix factorization
Memory: 897/977 942/1034
Iter      SolEst      ResEst     Damping    Stepsize #Res #Jac #Sol
           Current Progress:   5 % - Solving linear system
Memory: 942/977 991/1034
           Current Progress:   5 % - 
Memory: 946/977 996/1034
           Current Progress:   9 % - Solving linear system
Memory: 943/977 992/1034
           Current Progress:   9 % - Assembling matrices
Memory: 912/977 960/1034
   1     2.5e+02     1.1e+17   0.0005000     2.5e+02    5    1    4
           Current Progress:   9 % - Assembling sparsity pattern
Memory: 903/977 951/1034
           Current Progress:   9 % - Matrix factorization
Memory: 880/977 961/1034
           Current Progress:   9 % - Assembling matrices
Memory: 910/977 958/1034
   2     1.9e+02     2.6e+04   0.0002586     1.8e+02    6    2    6
-          Current Progress:  14 % - Assembling sparsity pattern
Memory: 900/977 947/1034
-          Current Progress:  14 % - Matrix factorization
Memory: 879/977 960/1034
-          Current Progress:  14 % - Solving linear system
Memory: 911/977 959/1034
   3     1.5e+02     5.2e+04   0.0001477     1.9e+02    7    3    8
--         Current Progress:  21 % - Assembling matrices
Memory: 853/977 907/1034
--         Current Progress:  21 % - Matrix factorization
Memory: 843/977 913/1034
--         Current Progress:  21 % - Solving linear system
Memory: 858/977 911/1034
   4     1.2e+02     5.4e+04   0.0001129     1.3e+02    8    4   10
--         Current Progress:  23 % - Assembling matrices
Memory: 856/977 910/1034
--         Current Progress:  23 % - Matrix factorization
Memory: 831/977 914/1034
--         Current Progress:  23 % - Solving linear system
Memory: 860/977 913/1034
   5          94     8.6e+04   0.0001000          96    9    5   12
--         Current Progress:  27 % - Matrix factorization
Memory: 853/977 907/1034
--         Current Progress:  27 % - Assembling matrices
Memory: 860/977 913/1034
   6          84     5.6e+05   0.0001000          91   10    6   14
--         Current Progress:  27 % - Matrix factorization
Memory: 847/977 915/1034
--         Current Progress:  27 % - Solving linear system
Memory: 860/977 913/1034
--         Current Progress:  27 % - Assembling matrices
   7     1.6e+27     8.6e+08   0.0010000     4.6e+02   12    7   17
--         Current Progress:  27 % - Matrix factorization
Memory: 843/977 915/1034
--         Current Progress:  27 % - Solving linear system
Memory: 860/977 913/1034
   8          91     2.9e+39   0.0001000          88   13    8   19
----       Current Progress:  47 % - Solving linear system
----       Current Progress:  47 % - Matrix factorization
Memory: 837/977 915/1034
----       Current Progress:  47 % - Solving linear system
Memory: 860/977 913/1034
-----      Current Progress:  50 % - 
Memory: 742/977 774/1034
Solution time: 10 s.
Physical memory: 946 MB
Virtual memory: 996 MB
Ended at Oct 1, 2026, 2:35:40 AM.
----- Stationary Solver 1 in Study 1/Solution 1 (sol1) ------------------------>
Dit_scale=0.100000: birinchi urinish muvaffaqiyatsiz (The_following_feature_has_encountered_a_problem), tozalab qayta urinamiz.
<---- Compile Equations: Semiconductor Equilibrium in Study 1/Solution 1 (sol1) -
Started at Oct 1, 2026, 2:35:40 AM.
Geometry shape function: Linear Lagrange
Running on 11th Gen Intel(R) Core(TM) i7-1165G7 at 2.80 GHz.
Using 1 socket with 4 cores in total on WIN-FNSSP1NOF49.
Available memory: 7.97 GB.
           Current Progress:   2 % - Compile Equations: Semiconductor Equilibrium
Memory: 747/977 776/1034
           Current Progress:   3 % - Compile Equations: Semiconductor Equilibrium
Memory: 760/977 789/1034
           Current Progress:   3 % - Creating visualization mesh
Memory: 761/977 789/1034
Time: 2 s.
Physical memory: 768 MB
Virtual memory: 797 MB
Ended at Oct 1, 2026, 2:35:42 AM.
----- Compile Equations: Semiconductor Equilibrium in Study 1/Solution 1 (sol1) >
<---- Dependent Variables 1 in Study 1/Solution 1 (sol1) -----------------------
Started at Oct 1, 2026, 2:35:42 AM.
           Current Progress:   3 % - Dependent Variables 1
Memory: 771/977 798/1034
Solution time: 0 s.
Physical memory: 771 MB
Virtual memory: 799 MB
Ended at Oct 1, 2026, 2:35:42 AM.
----- Dependent Variables 1 in Study 1/Solution 1 (sol1) ---------------------->
<---- Stationary Solver 1 in Study 1/Solution 1 (sol1) -------------------------
Started at Oct 1, 2026, 2:35:42 AM.
Nonlinear solver
Number of degrees of freedom solved for: 138873.
           Current Progress:   5 % - Assembling sparsity pattern
Memory: 782/977 809/1034
           Current Progress:   5 % - Assembling matrices
Memory: 795/977 822/1034
Nonsymmetric matrix found.
Scales for dependent variables:
Electron solution variable (comp1.Ne): 1e+23
Hole solution variable (comp1.Ph): 1.6e+24
Electric potential (comp1.V): 8.1e+20
Orthonormal null-space function used.
           Current Progress:   5 % - Matrix factorization
Memory: 819/977 858/1034
Iter      SolEst      ResEst     Damping    Stepsize #Res #Jac #Sol
           Current Progress:   5 % - Solving linear system
Memory: 867/977 911/1034
           Current Progress:   9 % - Solving linear system
Memory: 870/977 915/1034
   1     2.6e+02     1.1e+17   0.0005000     2.5e+02    5    1    4
           Current Progress:   9 % - Assembling matrices
Memory: 868/977 912/1034
           Current Progress:   9 % - Matrix factorization
Memory: 851/977 914/1034
           Current Progress:   9 % - Solving linear system
Memory: 866/977 910/1034
   2     1.9e+02     2.5e+04   0.0002875     1.8e+02    6    2    6
-          Current Progress:  14 % - Assembling matrices
Memory: 863/977 908/1034
-          Current Progress:  14 % - Matrix factorization
Memory: 851/977 912/1034
-          Current Progress:  14 % - Assembling matrices
Memory: 866/977 910/1034
   3     1.4e+02     3.1e+04   0.0001691     1.7e+02    7    3    8
--         Current Progress:  22 % - Assembling matrices
Memory: 863/977 908/1034
--         Current Progress:  22 % - Matrix factorization
Memory: 849/977 912/1034
--         Current Progress:  22 % - Solving linear system
Memory: 866/977 910/1034
--         Current Progress:  22 % - Assembling matrices
   4     1.7e+02     3.2e+04   0.0010000     1.7e+02   10    4   12
--         Current Progress:  22 % - Matrix factorization
Memory: 849/977 912/1034
--         Current Progress:  22 % - Solving linear system
Memory: 866/977 910/1034
   5         inf     3.2e+23   0.0010000     1.4e+06   12    5   15
--         Current Progress:  22 % - Matrix factorization
Memory: 840/977 912/1034
--         Current Progress:  22 % - Solving linear system
Memory: 866/977 910/1034
--         Current Progress:  22 % - Assembling matrices
--         Current Progress:  22 % - 
Memory: 865/977 909/1034
--         Current Progress:  22 % - Assembling matrices
Memory: 866/977 910/1034
-----      Current Progress:  50 % - 
Memory: 779/977 805/1034
Solution time: 9 s.
Physical memory: 870 MB
Virtual memory: 915 MB
Ended at Oct 1, 2026, 2:35:50 AM.
----- Stationary Solver 1 in Study 1/Solution 1 (sol1) ------------------------>
Dit_scale=0.100000: OGOHLANTIRISH - hali ham yaqinlashmadi: The_following_feature_has_encountered_a_problem
<---- Compile Equations: Semiconductor Equilibrium in Study 1/Solution 1 (sol1) -
Started at Oct 1, 2026, 2:35:50 AM.
Geometry shape function: Linear Lagrange
Running on 11th Gen Intel(R) Core(TM) i7-1165G7 at 2.80 GHz.
Using 1 socket with 4 cores in total on WIN-FNSSP1NOF49.
Available memory: 7.97 GB.
           Current Progress:   2 % - Compile Equations: Semiconductor Equilibrium
Memory: 821/977 849/1034
           Current Progress:   3 % - Compile Equations: Semiconductor Equilibrium
Memory: 799/977 827/1034
           Current Progress:   3 % - Creating visualization mesh
Memory: 797/977 825/1034
Time: 1 s.
Physical memory: 821 MB
Virtual memory: 849 MB
Ended at Oct 1, 2026, 2:35:52 AM.
----- Compile Equations: Semiconductor Equilibrium in Study 1/Solution 1 (sol1) >
<---- Dependent Variables 1 in Study 1/Solution 1 (sol1) -----------------------
Started at Oct 1, 2026, 2:35:52 AM.
           Current Progress:   3 % - Dependent Variables 1
Memory: 801/977 829/1034
Solution time: 0 s.
Physical memory: 801 MB
Virtual memory: 829 MB
Ended at Oct 1, 2026, 2:35:52 AM.
----- Dependent Variables 1 in Study 1/Solution 1 (sol1) ---------------------->
<---- Stationary Solver 1 in Study 1/Solution 1 (sol1) -------------------------
Started at Oct 1, 2026, 2:35:52 AM.
Nonlinear solver
Number of degrees of freedom solved for: 138873.
           Current Progress:   5 % - Assembling sparsity pattern
Memory: 806/977 834/1034
           Current Progress:   5 % - Assembling matrices
Memory: 819/977 847/1034
Nonsymmetric matrix found.
Scales for dependent variables:
Electron solution variable (comp1.Ne): 1e+23
Hole solution variable (comp1.Ph): 1.8e+24
Electric potential (comp1.V): 8.3e+20
Orthonormal null-space function used.
           Current Progress:   5 % - Matrix factorization
Memory: 842/977 882/1034
Iter      SolEst      ResEst     Damping    Stepsize #Res #Jac #Sol
           Current Progress:   5 % - Solving linear system
Memory: 885/977 931/1034
           Current Progress:   9 % - Assembling matrices
Memory: 885/977 930/1034
           Current Progress:   9 % - Solving linear system
Memory: 888/977 934/1034
           Current Progress:   9 % - Assembling matrices
Memory: 887/977 933/1034
   1       3e+02     6.3e+17   0.0002500       3e+02    6    1    4
           Current Progress:   9 % - Assembling sparsity pattern
Memory: 877/977 923/1034
           Current Progress:   9 % - Matrix factorization
Memory: 856/977 936/1034
           Current Progress:   9 % - Solving linear system
Memory: 888/977 934/1034
   2     3.3e+02     1.4e+06   0.0001000     2.5e+02    7    2    6
-          Current Progress:  14 % - Assembling sparsity pattern
Memory: 876/977 922/1034
-          Current Progress:  14 % - Matrix factorization
Memory: 857/977 935/1034
-          Current Progress:  14 % - Solving linear system
Memory: 888/977 934/1034
   3      1e+144     5.2e+20   0.0010000     1.6e+04    9    3    9
-          Current Progress:  14 % - Matrix factorization
Memory: 856/977 935/1034
-          Current Progress:  14 % - 
Memory: 891/977 937/1034
-----      Current Progress:  50 % - 
Memory: 738/977 767/1034
Solution time: 6 s.
Physical memory: 891 MB
Virtual memory: 937 MB
Ended at Oct 1, 2026, 2:35:57 AM.
----- Stationary Solver 1 in Study 1/Solution 1 (sol1) ------------------------>
Dit_scale=0.300000: birinchi urinish muvaffaqiyatsiz (The_following_feature_has_encountered_a_problem), tozalab qayta urinamiz.
<---- Compile Equations: Semiconductor Equilibrium in Study 1/Solution 1 (sol1) -
Started at Oct 1, 2026, 2:35:58 AM.
Geometry shape function: Linear Lagrange
Running on 11th Gen Intel(R) Core(TM) i7-1165G7 at 2.80 GHz.
Using 1 socket with 4 cores in total on WIN-FNSSP1NOF49.
Available memory: 7.97 GB.
           Current Progress:   3 % - Compile Equations: Semiconductor Equilibrium
Memory: 753/977 781/1034
           Current Progress:   3 % - Creating visualization mesh
Memory: 753/977 782/1034
Time: 2 s.
Physical memory: 759 MB
Virtual memory: 787 MB
Ended at Oct 1, 2026, 2:35:59 AM.
----- Compile Equations: Semiconductor Equilibrium in Study 1/Solution 1 (sol1) >
<---- Dependent Variables 1 in Study 1/Solution 1 (sol1) -----------------------
Started at Oct 1, 2026, 2:35:59 AM.
           Current Progress:   3 % - Dependent Variables 1
Memory: 763/977 791/1034
Solution time: 0 s.
Physical memory: 763 MB
Virtual memory: 791 MB
Ended at Oct 1, 2026, 2:35:59 AM.
----- Dependent Variables 1 in Study 1/Solution 1 (sol1) ---------------------->
<---- Stationary Solver 1 in Study 1/Solution 1 (sol1) -------------------------
Started at Oct 1, 2026, 2:35:59 AM.
Nonlinear solver
Number of degrees of freedom solved for: 138873.
           Current Progress:   5 % - Assembling sparsity pattern
Memory: 779/977 806/1034
Nonsymmetric matrix found.
Scales for dependent variables:
Electron solution variable (comp1.Ne): 1e+23
Hole solution variable (comp1.Ph): 1.8e+24
Electric potential (comp1.V): 8.3e+20
Orthonormal null-space function used.
           Current Progress:   5 % - Matrix factorization
Memory: 812/977 851/1034
Iter      SolEst      ResEst     Damping    Stepsize #Res #Jac #Sol
           Current Progress:   5 % - Assembling matrices
Memory: 856/977 900/1034
           Current Progress:   9 % - Assembling matrices
           Current Progress:   9 % - Solving linear system
Memory: 859/977 903/1034
   1       3e+02     9.1e+17   0.0002500       3e+02    6    1    4
           Current Progress:   9 % - Assembling sparsity pattern
Memory: 847/977 891/1034
           Current Progress:   9 % - Assembling matrices
Memory: 856/977 900/1034
           Current Progress:   9 % - Matrix factorization
Memory: 850/977 905/1034
           Current Progress:   9 % - Solving linear system
Memory: 858/977 902/1034
   2     6.8e+02     2.6e+05   0.0001000     2.5e+02    7    2    6
-          Current Progress:  14 % - Assembling matrices
Memory: 855/977 899/1034
-          Current Progress:  14 % - Matrix factorization
Memory: 841/977 904/1034
-          Current Progress:  14 % - Solving linear system
Memory: 858/977 902/1034
   3     1.5e+02     4.4e+08   0.0001000     1.5e+02    8    3    8
--         Current Progress:  28 % - Assembling matrices
Memory: 855/977 899/1034
--         Current Progress:  28 % - Matrix factorization
Memory: 838/977 904/1034
--         Current Progress:  28 % - Solving linear system
Memory: 858/977 902/1034
-----      Current Progress:  50 % - 
Memory: 690/977 716/1034
Solution time: 6 s.
Physical memory: 859 MB
Virtual memory: 905 MB
Ended at Oct 1, 2026, 2:36:05 AM.
----- Stationary Solver 1 in Study 1/Solution 1 (sol1) ------------------------>
Dit_scale=0.300000: OGOHLANTIRISH - hali ham yaqinlashmadi: The_following_feature_has_encountered_a_problem
<---- Compile Equations: Semiconductor Equilibrium in Study 1/Solution 1 (sol1) -
Started at Oct 1, 2026, 2:36:05 AM.
Geometry shape function: Linear Lagrange
Running on 11th Gen Intel(R) Core(TM) i7-1165G7 at 2.80 GHz.
Using 1 socket with 4 cores in total on WIN-FNSSP1NOF49.
Available memory: 7.97 GB.
           Current Progress:   3 % - Compile Equations: Semiconductor Equilibrium
Memory: 778/977 807/1034
           Current Progress:   3 % - Creating visualization mesh
Memory: 778/977 808/1034
Time: 1 s.
Physical memory: 781 MB
Virtual memory: 810 MB
Ended at Oct 1, 2026, 2:36:06 AM.
----- Compile Equations: Semiconductor Equilibrium in Study 1/Solution 1 (sol1) >
<---- Dependent Variables 1 in Study 1/Solution 1 (sol1) -----------------------
Started at Oct 1, 2026, 2:36:06 AM.
           Current Progress:   3 % - Dependent Variables 1
Memory: 784/977 813/1034
Solution time: 0 s.
Physical memory: 784 MB
Virtual memory: 813 MB
Ended at Oct 1, 2026, 2:36:06 AM.
----- Dependent Variables 1 in Study 1/Solution 1 (sol1) ---------------------->
<---- Stationary Solver 1 in Study 1/Solution 1 (sol1) -------------------------
Started at Oct 1, 2026, 2:36:06 AM.
Nonlinear solver
Number of degrees of freedom solved for: 138873.
           Current Progress:   5 % - Assembling sparsity pattern
Memory: 800/977 829/1034
Nonsymmetric matrix found.
Scales for dependent variables:
Electron solution variable (comp1.Ne): 1e+23
Hole solution variable (comp1.Ph): 2.2e+24
Electric potential (comp1.V): 8.5e+20
Orthonormal null-space function used.
           Current Progress:   5 % - Matrix factorization
Memory: 831/977 873/1034
Iter      SolEst      ResEst     Damping    Stepsize #Res #Jac #Sol
           Current Progress:   5 % - Assembling matrices
Memory: 879/977 928/1034
           Current Progress:   9 % - Assembling matrices
           Current Progress:   9 % - Solving linear system
Memory: 883/977 931/1034
   1     1.5e+30       4e+18   0.0010000     2.6e+03    9    1    5
           Current Progress:   9 % - Assembling matrices
Memory: 882/977 929/1034
           Current Progress:   9 % - Matrix factorization
Memory: 865/977 933/1034
           Current Progress:   9 % - Solving linear system
Memory: 884/977 930/1034
-----      Current Progress:  50 % - 
Memory: 798/977 827/1034
Solution time: 4 s.
Physical memory: 884 MB
Virtual memory: 933 MB
Ended at Oct 1, 2026, 2:36:10 AM.
----- Stationary Solver 1 in Study 1/Solution 1 (sol1) ------------------------>
Dit_scale=1.00000: birinchi urinish muvaffaqiyatsiz (The_following_feature_has_encountered_a_problem), tozalab qayta urinamiz.
<---- Compile Equations: Semiconductor Equilibrium in Study 1/Solution 1 (sol1) -
Started at Oct 1, 2026, 2:36:10 AM.
Geometry shape function: Linear Lagrange
Running on 11th Gen Intel(R) Core(TM) i7-1165G7 at 2.80 GHz.
Using 1 socket with 4 cores in total on WIN-FNSSP1NOF49.
Available memory: 7.97 GB.
           Current Progress:   2 % - Compile Equations: Semiconductor Equilibrium
Memory: 771/977 799/1034
           Current Progress:   3 % - Compile Equations: Semiconductor Equilibrium
Memory: 750/977 778/1034
           Current Progress:   3 % - Creating visualization mesh
Memory: 752/977 780/1034
Time: 1 s.
Physical memory: 771 MB
Virtual memory: 799 MB
Ended at Oct 1, 2026, 2:36:12 AM.
----- Compile Equations: Semiconductor Equilibrium in Study 1/Solution 1 (sol1) >
<---- Dependent Variables 1 in Study 1/Solution 1 (sol1) -----------------------
Started at Oct 1, 2026, 2:36:12 AM.
           Current Progress:   3 % - Dependent Variables 1
Memory: 760/977 790/1034
Solution time: 0 s.
Physical memory: 763 MB
Virtual memory: 791 MB
Ended at Oct 1, 2026, 2:36:12 AM.
----- Dependent Variables 1 in Study 1/Solution 1 (sol1) ---------------------->
<---- Stationary Solver 1 in Study 1/Solution 1 (sol1) -------------------------
Started at Oct 1, 2026, 2:36:12 AM.
Nonlinear solver
Number of degrees of freedom solved for: 138873.
           Current Progress:   5 % - Assembling sparsity pattern
Memory: 774/977 801/1034
Nonsymmetric matrix found.
Scales for dependent variables:
Electron solution variable (comp1.Ne): 1e+23
Hole solution variable (comp1.Ph): 2.2e+24
Electric potential (comp1.V): 8.5e+20
Orthonormal null-space function used.
           Current Progress:   5 % - Matrix factorization
Memory: 804/977 845/1034
Iter      SolEst      ResEst     Damping    Stepsize #Res #Jac #Sol
           Current Progress:   5 % - Assembling matrices
Memory: 852/977 897/1034
           Current Progress:   9 % - 
Memory: 854/977 899/1034
           Current Progress:   9 % - Assembling matrices
           Current Progress:   9 % - Solving linear system
Memory: 855/977 900/1034
   1     1.5e+30       4e+18   0.0010000     2.6e+03    9    1    5
           Current Progress:   9 % - Assembling sparsity pattern
Memory: 787/977 833/1034
           Current Progress:   9 % - Matrix factorization
Memory: 766/977 844/1034
           Current Progress:   9 % - Solving linear system
Memory: 789/977 837/1034
           Current Progress:   9 % - 
Memory: 803/977 851/1034
-----      Current Progress:  50 % - 
Memory: 691/977 718/1034
Solution time: 4 s.
Physical memory: 855 MB
Virtual memory: 900 MB
Ended at Oct 1, 2026, 2:36:16 AM.
----- Stationary Solver 1 in Study 1/Solution 1 (sol1) ------------------------>
Dit_scale=1.00000: OGOHLANTIRISH - hali ham yaqinlashmadi: The_following_feature_has_encountered_a_problem
<---- Compile Equations: Semiconductor Equilibrium in Study 1/Solution 1 (sol1) -
Started at Oct 1, 2026, 2:36:16 AM.
Geometry shape function: Linear Lagrange
Running on 11th Gen Intel(R) Core(TM) i7-1165G7 at 2.80 GHz.
Using 1 socket with 4 cores in total on WIN-FNSSP1NOF49.
Available memory: 7.97 GB.
           Current Progress:   2 % - Compile Equations: Semiconductor Equilibrium
Memory: 785/977 815/1034
           Current Progress:   3 % - Compile Equations: Semiconductor Equilibrium
Memory: 778/977 808/1034
           Current Progress:   3 % - Creating visualization mesh
Memory: 775/977 805/1034
Time: 1 s.
Physical memory: 785 MB
Virtual memory: 815 MB
Ended at Oct 1, 2026, 2:36:17 AM.
----- Compile Equations: Semiconductor Equilibrium in Study 1/Solution 1 (sol1) >
<---- Dependent Variables 1 in Study 1/Solution 1 (sol1) -----------------------
Started at Oct 1, 2026, 2:36:17 AM.
           Current Progress:   3 % - Dependent Variables 1
Memory: 787/977 816/1034
Solution time: 0 s.
Physical memory: 787 MB
Virtual memory: 816 MB
Ended at Oct 1, 2026, 2:36:17 AM.
----- Dependent Variables 1 in Study 1/Solution 1 (sol1) ---------------------->
<---- Stationary Solver 1 in Study 1/Solution 1 (sol1) -------------------------
Started at Oct 1, 2026, 2:36:17 AM.
Nonlinear solver
Number of degrees of freedom solved for: 138873.
           Current Progress:   5 % - Assembling sparsity pattern
Memory: 799/977 828/1034
Nonsymmetric matrix found.
Scales for dependent variables:
Electron solution variable (comp1.Ne): 1e+23
Hole solution variable (comp1.Ph): 2.2e+24
Electric potential (comp1.V): 8.5e+20
Orthonormal null-space function used.
           Current Progress:   5 % - Constraint handling
Memory: 806/977 834/1034
           Current Progress:   5 % - Matrix factorization
Memory: 830/977 870/1034
Iter      SolEst      ResEst     Damping    Stepsize #Res #Jac #Sol
           Current Progress:   5 % - Solving linear system
Memory: 873/977 920/1034
           Current Progress:   9 % - 
Memory: 876/977 924/1034
           Current Progress:   9 % - Assembling matrices
Memory: 875/977 922/1034
           Current Progress:   9 % - Solving linear system
Memory: 873/977 922/1034
   1     1.5e+30     4.3e+18   0.0010000     2.7e+03    9    1    5
           Current Progress:   9 % - Assembling sparsity pattern
Memory: 865/977 913/1034
           Current Progress:   9 % - Matrix factorization
Memory: 850/977 925/1034
           Current Progress:   9 % - Solving linear system
Memory: 873/977 921/1034
           Current Progress:   9 % - 
Memory: 878/977 923/1034
-----      Current Progress:  50 % - 
Memory: 791/977 819/1034
Solution time: 4 s.
Physical memory: 878 MB
Virtual memory: 925 MB
Ended at Oct 1, 2026, 2:36:21 AM.
----- Stationary Solver 1 in Study 1/Solution 1 (sol1) ------------------------>
VD=0.10 VG=  80.00: birinchi urinish muvaffaqiyatsiz (The_following_feature_has_encountered_a_problem), tozalab qayta urinamiz.
<---- Compile Equations: Semiconductor Equilibrium in Study 1/Solution 1 (sol1) -
Started at Oct 1, 2026, 2:36:22 AM.
Geometry shape function: Linear Lagrange
Running on 11th Gen Intel(R) Core(TM) i7-1165G7 at 2.80 GHz.
Using 1 socket with 4 cores in total on WIN-FNSSP1NOF49.
Available memory: 7.97 GB.
           Current Progress:   2 % - Compile Equations: Semiconductor Equilibrium
Memory: 777/977 806/1034
           Current Progress:   3 % - Compile Equations: Semiconductor Equilibrium
Memory: 756/977 785/1034
           Current Progress:   3 % - Creating visualization mesh
Memory: 754/977 783/1034
Time: 1 s.
Physical memory: 777 MB
Virtual memory: 806 MB
Ended at Oct 1, 2026, 2:36:23 AM.
----- Compile Equations: Semiconductor Equilibrium in Study 1/Solution 1 (sol1) >
<---- Dependent Variables 1 in Study 1/Solution 1 (sol1) -----------------------
Started at Oct 1, 2026, 2:36:23 AM.
           Current Progress:   3 % - Dependent Variables 1
Memory: 759/977 787/1034
Solution time: 0 s.
Physical memory: 759 MB
Virtual memory: 787 MB
Ended at Oct 1, 2026, 2:36:23 AM.
----- Dependent Variables 1 in Study 1/Solution 1 (sol1) ---------------------->
<---- Stationary Solver 1 in Study 1/Solution 1 (sol1) -------------------------
Started at Oct 1, 2026, 2:36:23 AM.
Nonlinear solver
Number of degrees of freedom solved for: 138873.
           Current Progress:   5 % - Assembling sparsity pattern
Memory: 774/977 801/1034
           Current Progress:   5 % - Assembling matrices
Memory: 787/977 814/1034
Nonsymmetric matrix found.
Scales for dependent variables:
Electron solution variable (comp1.Ne): 1e+23
Hole solution variable (comp1.Ph): 2.2e+24
Electric potential (comp1.V): 8.5e+20
Orthonormal null-space function used.
           Current Progress:   5 % - Matrix factorization
Memory: 811/977 850/1034
Iter      SolEst      ResEst     Damping    Stepsize #Res #Jac #Sol
           Current Progress:   5 % - Solving linear system
Memory: 856/977 901/1034
           Current Progress:   9 % - Assembling matrices
Memory: 857/977 901/1034
           Current Progress:   9 % - Solving linear system
Memory: 798/977 843/1034
           Current Progress:   9 % - Assembling matrices
Memory: 792/977 839/1034
   1     1.4e+30     4.2e+18   0.0010000     2.7e+03    9    1    5
           Current Progress:   9 % - Assembling sparsity pattern
Memory: 790/977 836/1034
           Current Progress:   9 % - Matrix factorization
Memory: 779/977 856/1034
           Current Progress:   9 % - Assembling matrices
Memory: 804/977 850/1034
-----      Current Progress:  50 % - 
Memory: 688/977 714/1034
Solution time: 4 s.
Physical memory: 857 MB
Virtual memory: 901 MB
Ended at Oct 1, 2026, 2:36:27 AM.
----- Stationary Solver 1 in Study 1/Solution 1 (sol1) ------------------------>
VD=0.10 VG=  80.00: OGOHLANTIRISH - hali ham yaqinlashmadi: The_following_feature_has_encountered_a_problem
<---- Compile Equations: Semiconductor Equilibrium in Study 1/Solution 1 (sol1) -
Started at Oct 1, 2026, 2:36:27 AM.
Geometry shape function: Linear Lagrange
Running on 11th Gen Intel(R) Core(TM) i7-1165G7 at 2.80 GHz.
Using 1 socket with 4 cores in total on WIN-FNSSP1NOF49.
Available memory: 7.97 GB.
           Current Progress:   3 % - Compile Equations: Semiconductor Equilibrium
Memory: 774/977 804/1034
           Current Progress:   3 % - Creating visualization mesh
Memory: 775/977 804/1034
Time: 1 s.
Physical memory: 775 MB
Virtual memory: 805 MB
Ended at Oct 1, 2026, 2:36:28 AM.
----- Compile Equations: Semiconductor Equilibrium in Study 1/Solution 1 (sol1) >
<---- Dependent Variables 1 in Study 1/Solution 1 (sol1) -----------------------
Started at Oct 1, 2026, 2:36:28 AM.
           Current Progress:   3 % - Dependent Variables 1
Memory: 780/977 809/1034
Solution time: 0 s.
Physical memory: 780 MB
Virtual memory: 809 MB
Ended at Oct 1, 2026, 2:36:28 AM.
----- Dependent Variables 1 in Study 1/Solution 1 (sol1) ---------------------->
<---- Stationary Solver 1 in Study 1/Solution 1 (sol1) -------------------------
Started at Oct 1, 2026, 2:36:28 AM.
Nonlinear solver
Number of degrees of freedom solved for: 138873.
           Current Progress:   5 % - Assembling sparsity pattern
Memory: 797/977 826/1034
Nonsymmetric matrix found.
Scales for dependent variables:
Electron solution variable (comp1.Ne): 1e+23
Hole solution variable (comp1.Ph): 2.2e+24
Electric potential (comp1.V): 8.5e+20
Orthonormal null-space function used.
           Current Progress:   5 % - Matrix factorization
Memory: 832/977 873/1034
Iter      SolEst      ResEst     Damping    Stepsize #Res #Jac #Sol
           Current Progress:   5 % - Assembling matrices
Memory: 877/977 925/1034
           Current Progress:   9 % - Assembling matrices
           Current Progress:   9 % - Solving linear system
Memory: 880/977 929/1034
   1     1.5e+30       4e+18   0.0010000     2.6e+03    9    1    5
           Current Progress:   9 % - Assembling sparsity pattern
Memory: 869/977 918/1034
           Current Progress:   9 % - Matrix factorization
Memory: 852/977 931/1034
           Current Progress:   9 % - 
Memory: 885/977 931/1034
-----      Current Progress:  50 % - 
Memory: 795/977 824/1034
Solution time: 4 s.
Physical memory: 885 MB
Virtual memory: 931 MB
Ended at Oct 1, 2026, 2:36:32 AM.
----- Stationary Solver 1 in Study 1/Solution 1 (sol1) ------------------------>
VD=0.10 VG=  76.00: birinchi urinish muvaffaqiyatsiz (The_following_feature_has_encountered_a_problem), tozalab qayta urinamiz.
<---- Compile Equations: Semiconductor Equilibrium in Study 1/Solution 1 (sol1) -
Started at Oct 1, 2026, 2:36:32 AM.
Geometry shape function: Linear Lagrange
Running on 11th Gen Intel(R) Core(TM) i7-1165G7 at 2.80 GHz.
Using 1 socket with 4 cores in total on WIN-FNSSP1NOF49.
Available memory: 7.97 GB.
           Current Progress:   3 % - Compile Equations: Semiconductor Equilibrium
Memory: 741/977 770/1034
           Current Progress:   3 % - Creating visualization mesh
Time: 1 s.
Physical memory: 744 MB
Virtual memory: 773 MB
Ended at Oct 1, 2026, 2:36:34 AM.
----- Compile Equations: Semiconductor Equilibrium in Study 1/Solution 1 (sol1) >
<---- Dependent Variables 1 in Study 1/Solution 1 (sol1) -----------------------
Started at Oct 1, 2026, 2:36:34 AM.
           Current Progress:   3 % - Dependent Variables 1
Memory: 748/977 777/1034
Solution time: 0 s.
Physical memory: 748 MB
Virtual memory: 777 MB
Ended at Oct 1, 2026, 2:36:34 AM.
----- Dependent Variables 1 in Study 1/Solution 1 (sol1) ---------------------->
<---- Stationary Solver 1 in Study 1/Solution 1 (sol1) -------------------------
Started at Oct 1, 2026, 2:36:34 AM.
Nonlinear solver
Number of degrees of freedom solved for: 138873.
           Current Progress:   5 % - Assembling sparsity pattern
Memory: 767/977 796/1034
           Current Progress:   5 % - Assembling matrices
Memory: 779/977 807/1034
Nonsymmetric matrix found.
Scales for dependent variables:
Electron solution variable (comp1.Ne): 1e+23
Hole solution variable (comp1.Ph): 2.2e+24
Electric potential (comp1.V): 8.5e+20
Orthonormal null-space function used.
           Current Progress:   5 % - Matrix factorization
Memory: 804/977 844/1034
Iter      SolEst      ResEst     Damping    Stepsize #Res #Jac #Sol
           Current Progress:   5 % - Solving linear system
Memory: 785/977 829/1034
           Current Progress:   9 % - Assembling matrices
Memory: 798/977 843/1034
           Current Progress:   9 % - Solving linear system
Memory: 802/977 847/1034
           Current Progress:   9 % - Assembling matrices
Memory: 801/977 846/1034
   1     1.5e+30     4.2e+18   0.0010000     2.7e+03    9    1    5
           Current Progress:   9 % - Assembling sparsity pattern
Memory: 795/977 840/1034
           Current Progress:   9 % - Matrix factorization
Memory: 776/977 815/1034
           Current Progress:   9 % - Assembling matrices
Memory: 810/977 855/1034
-----      Current Progress:  50 % - 
Memory: 693/977 718/1034
Solution time: 4 s.
Physical memory: 828 MB
Virtual memory: 898 MB
Ended at Oct 1, 2026, 2:36:38 AM.
----- Stationary Solver 1 in Study 1/Solution 1 (sol1) ------------------------>
VD=0.10 VG=  76.00: OGOHLANTIRISH - hali ham yaqinlashmadi: The_following_feature_has_encountered_a_problem
<---- Compile Equations: Semiconductor Equilibrium in Study 1/Solution 1 (sol1) -
Started at Oct 1, 2026, 2:36:38 AM.
Geometry shape function: Linear Lagrange
Running on 11th Gen Intel(R) Core(TM) i7-1165G7 at 2.80 GHz.
Using 1 socket with 4 cores in total on WIN-FNSSP1NOF49.
Available memory: 7.97 GB.
           Current Progress:   3 % - Compile Equations: Semiconductor Equilibrium
Memory: 758/977 789/1034
           Current Progress:   3 % - Creating visualization mesh
Memory: 759/977 789/1034
Time: 1 s.
Physical memory: 759 MB
Virtual memory: 790 MB
Ended at Oct 1, 2026, 2:36:39 AM.
----- Compile Equations: Semiconductor Equilibrium in Study 1/Solution 1 (sol1) >
<---- Dependent Variables 1 in Study 1/Solution 1 (sol1) -----------------------
Started at Oct 1, 2026, 2:36:39 AM.
           Current Progress:   3 % - Dependent Variables 1
Memory: 764/977 794/1034
Solution time: 0 s.
Physical memory: 764 MB
Virtual memory: 794 MB
Ended at Oct 1, 2026, 2:36:39 AM.
----- Dependent Variables 1 in Study 1/Solution 1 (sol1) ---------------------->
<---- Stationary Solver 1 in Study 1/Solution 1 (sol1) -------------------------
Started at Oct 1, 2026, 2:36:39 AM.
Nonlinear solver
Number of degrees of freedom solved for: 138873.
           Current Progress:   5 % - Assembling sparsity pattern
Memory: 782/977 811/1034
Nonsymmetric matrix found.
Scales for dependent variables:
Electron solution variable (comp1.Ne): 1e+23
Hole solution variable (comp1.Ph): 2.2e+24
Electric potential (comp1.V): 8.5e+20
Orthonormal null-space function used.
           Current Progress:   5 % - Matrix factorization
Memory: 815/977 859/1034
Iter      SolEst      ResEst     Damping    Stepsize #Res #Jac #Sol
           Current Progress:   5 % - Solving linear system
Memory: 868/977 918/1034
           Current Progress:   9 % - 
Memory: 870/977 920/1034
           Current Progress:   9 % - Assembling matrices
   1     3.2e+02     4.4e+18   0.0001000     3.2e+02    8    1    4
           Current Progress:   9 % - Assembling sparsity pattern
Memory: 860/977 910/1034
           Current Progress:   9 % - Matrix factorization
Memory: 844/977 924/1034
           Current Progress:   9 % - Solving linear system
Memory: 875/977 922/1034
   2     2.6e+39     7.3e+06   0.0010000       2e+04   10    2    7
-          Current Progress:  14 % - Assembling matrices
Memory: 872/977 919/1034
-          Current Progress:  14 % - Matrix factorization
Memory: 851/977 923/1034
-          Current Progress:  14 % - Solving linear system
Memory: 875/977 921/1034
-----      Current Progress:  50 % - 
Memory: 789/977 818/1034
Solution time: 5 s.
Physical memory: 876 MB
Virtual memory: 924 MB
Ended at Oct 1, 2026, 2:36:44 AM.
----- Stationary Solver 1 in Study 1/Solution 1 (sol1) ------------------------>
VD=0.10 VG=  72.00: birinchi urinish muvaffaqiyatsiz (The_following_feature_has_encountered_a_problem), tozalab qayta urinamiz.
<---- Compile Equations: Semiconductor Equilibrium in Study 1/Solution 1 (sol1) -
Started at Oct 1, 2026, 2:36:44 AM.
Geometry shape function: Linear Lagrange
Running on 11th Gen Intel(R) Core(TM) i7-1165G7 at 2.80 GHz.
Using 1 socket with 4 cores in total on WIN-FNSSP1NOF49.
Available memory: 7.97 GB.
           Current Progress:   2 % - Compile Equations: Semiconductor Equilibrium
Memory: 760/977 796/1034
           Current Progress:   3 % - Compile Equations: Semiconductor Equilibrium
Memory: 744/977 774/1034
           Current Progress:   3 % - Creating visualization mesh
Memory: 745/977 774/1034
Time: 1 s.
Physical memory: 760 MB
Virtual memory: 796 MB
Ended at Oct 1, 2026, 2:36:45 AM.
----- Compile Equations: Semiconductor Equilibrium in Study 1/Solution 1 (sol1) >
<---- Dependent Variables 1 in Study 1/Solution 1 (sol1) -----------------------
Started at Oct 1, 2026, 2:36:45 AM.
           Current Progress:   3 % - Dependent Variables 1
Memory: 752/977 780/1034
Solution time: 0 s.
Physical memory: 752 MB
Virtual memory: 780 MB
Ended at Oct 1, 2026, 2:36:45 AM.
----- Dependent Variables 1 in Study 1/Solution 1 (sol1) ---------------------->
<---- Stationary Solver 1 in Study 1/Solution 1 (sol1) -------------------------
Started at Oct 1, 2026, 2:36:45 AM.
Nonlinear solver
Number of degrees of freedom solved for: 138873.
           Current Progress:   5 % - Assembling sparsity pattern
Memory: 768/977 796/1034
Nonsymmetric matrix found.
Scales for dependent variables:
Electron solution variable (comp1.Ne): 1e+23
Hole solution variable (comp1.Ph): 2.2e+24
Electric potential (comp1.V): 8.5e+20
Orthonormal null-space function used.
           Current Progress:   5 % - Matrix factorization
Memory: 803/977 843/1034
Iter      SolEst      ResEst     Damping    Stepsize #Res #Jac #Sol
           Current Progress:   5 % - Solving linear system
Memory: 850/977 897/1034
           Current Progress:   9 % - Assembling matrices
Memory: 851/977 898/1034
           Current Progress:   9 % - Solving linear system
Memory: 854/977 901/1034
           Current Progress:   9 % - Assembling matrices
Memory: 853/977 900/1034
   1     1.4e+30     4.3e+18   0.0010000     2.7e+03    9    1    5
           Current Progress:   9 % - Assembling sparsity pattern
Memory: 844/977 890/1034
           Current Progress:   9 % - Matrix factorization
Memory: 817/977 860/1034
           Current Progress:   9 % - Assembling matrices
Memory: 854/977 900/1034
-----      Current Progress:  50 % - 
Memory: 695/977 721/1034
Solution time: 4 s.
Physical memory: 854 MB
Virtual memory: 903 MB
Ended at Oct 1, 2026, 2:36:49 AM.
----- Stationary Solver 1 in Study 1/Solution 1 (sol1) ------------------------>
VD=0.10 VG=  72.00: OGOHLANTIRISH - hali ham yaqinlashmadi: The_following_feature_has_encountered_a_problem
<---- Compile Equations: Semiconductor Equilibrium in Study 1/Solution 1 (sol1) -
Started at Oct 1, 2026, 2:36:49 AM.
Geometry shape function: Linear Lagrange
Running on 11th Gen Intel(R) Core(TM) i7-1165G7 at 2.80 GHz.
Using 1 socket with 4 cores in total on WIN-FNSSP1NOF49.
Available memory: 7.97 GB.
           Current Progress:   3 % - Compile Equations: Semiconductor Equilibrium
Memory: 771/977 801/1034
           Current Progress:   3 % - Creating visualization mesh
Memory: 772/977 802/1034
Time: 1 s.
Physical memory: 774 MB
Virtual memory: 804 MB
Ended at Oct 1, 2026, 2:36:50 AM.
----- Compile Equations: Semiconductor Equilibrium in Study 1/Solution 1 (sol1) >
<---- Dependent Variables 1 in Study 1/Solution 1 (sol1) -----------------------
Started at Oct 1, 2026, 2:36:50 AM.
           Current Progress:   3 % - Dependent Variables 1
Memory: 781/977 812/1034
Solution time: 0 s.
Physical memory: 781 MB
Virtual memory: 812 MB
Ended at Oct 1, 2026, 2:36:50 AM.
----- Dependent Variables 1 in Study 1/Solution 1 (sol1) ---------------------->
<---- Stationary Solver 1 in Study 1/Solution 1 (sol1) -------------------------
Started at Oct 1, 2026, 2:36:50 AM.
Nonlinear solver
Number of degrees of freedom solved for: 138873.
           Current Progress:   5 % - Assembling sparsity pattern
Memory: 800/977 830/1034
Nonsymmetric matrix found.
Scales for dependent variables:
Electron solution variable (comp1.Ne): 1e+23
Hole solution variable (comp1.Ph): 2.2e+24
Electric potential (comp1.V): 8.5e+20
Orthonormal null-space function used.
           Current Progress:   5 % - Matrix factorization
Memory: 837/977 882/1034
Iter      SolEst      ResEst     Damping    Stepsize #Res #Jac #Sol
           Current Progress:   5 % - Assembling matrices
Memory: 881/977 929/1034
           Current Progress:   9 % - Assembling matrices
           Current Progress:   9 % - Solving linear system
Memory: 884/977 932/1034
   1     1.4e+30     4.3e+18   0.0010000     2.7e+03    9    1    5
           Current Progress:   9 % - Assembling matrices
Memory: 883/977 930/1034
           Current Progress:   9 % - Matrix factorization
Memory: 865/977 934/1034
           Current Progress:   9 % - Solving linear system
Memory: 884/977 931/1034
-----      Current Progress:  50 % - 
Memory: 798/977 828/1034
Solution time: 4 s.
Physical memory: 884 MB
Virtual memory: 934 MB
Ended at Oct 1, 2026, 2:36:54 AM.
----- Stationary Solver 1 in Study 1/Solution 1 (sol1) ------------------------>
VD=0.10 VG=  68.00: birinchi urinish muvaffaqiyatsiz (The_following_feature_has_encountered_a_problem), tozalab qayta urinamiz.
<---- Compile Equations: Semiconductor Equilibrium in Study 1/Solution 1 (sol1) -
Started at Oct 1, 2026, 2:36:54 AM.
Geometry shape function: Linear Lagrange
Running on 11th Gen Intel(R) Core(TM) i7-1165G7 at 2.80 GHz.
Using 1 socket with 4 cores in total on WIN-FNSSP1NOF49.
Available memory: 7.97 GB.
           Current Progress:   3 % - Compile Equations: Semiconductor Equilibrium
Memory: 736/977 765/1034
           Current Progress:   3 % - Creating visualization mesh
Time: 1 s.
Physical memory: 740 MB
Virtual memory: 769 MB
Ended at Oct 1, 2026, 2:36:55 AM.
----- Compile Equations: Semiconductor Equilibrium in Study 1/Solution 1 (sol1) >
<---- Dependent Variables 1 in Study 1/Solution 1 (sol1) -----------------------
Started at Oct 1, 2026, 2:36:55 AM.
           Current Progress:   3 % - Dependent Variables 1
Memory: 744/977 773/1034
Solution time: 0 s.
Physical memory: 744 MB
Virtual memory: 773 MB
Ended at Oct 1, 2026, 2:36:55 AM.
----- Dependent Variables 1 in Study 1/Solution 1 (sol1) ---------------------->
<---- Stationary Solver 1 in Study 1/Solution 1 (sol1) -------------------------
Started at Oct 1, 2026, 2:36:55 AM.
Nonlinear solver
Number of degrees of freedom solved for: 138873.
           Current Progress:   5 % - Assembling sparsity pattern
Memory: 762/977 792/1034
Nonsymmetric matrix found.
Scales for dependent variables:
Electron solution variable (comp1.Ne): 1e+23
Hole solution variable (comp1.Ph): 2.2e+24
Electric potential (comp1.V): 8.5e+20
Orthonormal null-space function used.
           Current Progress:   5 % - Matrix factorization
Memory: 773/977 803/1034
Iter      SolEst      ResEst     Damping    Stepsize #Res #Jac #Sol
           Current Progress:   5 % - Solving linear system
Memory: 849/977 897/1034
           Current Progress:   9 % - 
Memory: 849/977 899/1034
           Current Progress:   9 % - Assembling matrices
Memory: 849/977 898/1034
           Current Progress:   9 % - Solving linear system
Memory: 853/977 902/1034
           Current Progress:   9 % - Assembling matrices
Memory: 852/977 900/1034
   1     1.5e+30     4.2e+18   0.0010000     2.6e+03    9    1    5
           Current Progress:   9 % - Assembling sparsity pattern
Memory: 840/977 892/1034
           Current Progress:   9 % - Assembling matrices
Memory: 852/977 899/1034
